# poziom=1 podloga=0 bohr=0 emisja=deterministyczna
# model reakcji: individualLandauLifshitz
# ziaren=10 budzet=60 s/ziarno zjawisko=1
# bariera r*=1.933035e-13 m, L_kontakt=sqrt(mu k r*)=0.0427 hbar
ziarno        przyczyna     r_p/r*  okres/prz  L [hbar]    1-e^2   zycie [s]   t_kontakt
# nan w zyciu = przebieg ocenzurowany budzetem, nie wynik fizyczny
   40 RetardationLimit    15.7975     146.26   0.16986   1.0199  3.0737e-11         nan
   41 RetardationLimit    15.6905     145.76   0.16929   1.0131  3.0661e-11         nan
   42 RetardationLimit    16.0080     147.23   0.17099   1.0341  3.0745e-11         nan
   43 RetardationLimit    15.9604     147.01   0.17074   1.0307  3.0665e-11         nan
   44 RetardationLimit    16.0265     147.31   0.17109   1.0347  3.0705e-11         nan
   45 RetardationLimit    15.8560     146.53   0.17018   1.0233  3.0665e-11         nan
   46 RetardationLimit    15.7477     146.03   0.16959   1.0175  3.0668e-11         nan
   47 RetardationLimit    15.8676     146.58   0.17024   1.0249  3.0666e-11         nan
   48 RetardationLimit    15.7028     145.82   0.16935   1.0143  3.0662e-11         nan
   49 RetardationLimit    15.8689     146.59   0.17025   1.0252  3.0749e-11         nan

# R292a udzial ComptonBarrier: 0/10  (RetardationLimit 10, GroundStateFloor 0, None 0)
# R292b konczy PONIZEJ bariery: 0 z 10 skonczonych
# R292c stosunek < 150: 10 z 10; z tego konczonych BARIERA: 0
# R292d L doszlo do kontaktu (L <= 0.0427 hbar): 0/10
# r_p/r* zakres: 15.6905 .. 16.0265
# okres/przelot zakres: 145.76 .. 147.31 (prog 150)
