podloga domyslna 0.05 -> obnizona 4x = 0.0125
=== f0125_200k ===
# krokow=300001, czas=8.060142e-17 s (1.500 polokresu), ok
# minimalna separacja=1.626240e-14 m = 0.0841 r*

 prog [r*]     czas w [s]        frakcja
       0.5   8.060115e-22   9.999967e-06
       1.0   2.418034e-21   2.999990e-05
       2.0   6.179421e-21   7.666641e-05
       5.0   2.283699e-20   2.833324e-04
      10.0   6.179421e-20   7.666641e-04
     100.0   1.941144e-18   2.408325e-02

# alpha=1/137.035999, tau_2gamma=4r*/(alpha^5 c)=1.246386e-10 s
# tau_2gamma c/r* = 1.9330e+11  (cel: 4/alpha^5)
# prog   0.5 r*: f=1.0000e-05 -> Gamma_in=8.0232e+14 1/s = 5.1733e-07 c/r*
# prog   1.0 r*: f=3.0000e-05 -> Gamma_in=2.6744e+14 1/s = 1.7244e-07 c/r*
# prog   2.0 r*: f=7.6666e-05 -> Gamma_in=1.0465e+14 1/s = 6.7478e-08 c/r*
# prog   5.0 r*: f=2.8333e-04 -> Gamma_in=2.8317e+13 1/s = 1.8259e-08 c/r*
# prog  10.0 r*: f=7.6666e-04 -> Gamma_in=1.0465e+13 1/s = 6.7478e-09 c/r*
# prog 100.0 r*: f=2.4083e-02 -> Gamma_in=3.3314e+11 1/s = 2.1481e-10 c/r*
=== f0125_400k ===
# krokow=600000, czas=8.060115e-17 s (1.500 polokresu), ok
# minimalna separacja=1.626212e-14 m = 0.0841 r*

 prog [r*]     czas w [s]        frakcja
       0.5   9.403467e-22   1.166667e-05
       1.0   2.283699e-21   2.833333e-05
       2.0   6.179421e-21   7.666667e-05
       5.0   2.270266e-20   2.816667e-04
      10.0   6.192855e-20   7.683333e-04
     100.0   1.941144e-18   2.408333e-02

# alpha=1/137.035999, tau_2gamma=4r*/(alpha^5 c)=1.246386e-10 s
# tau_2gamma c/r* = 1.9330e+11  (cel: 4/alpha^5)
# prog   0.5 r*: f=1.1667e-05 -> Gamma_in=6.8770e+14 1/s = 4.4342e-07 c/r*
# prog   1.0 r*: f=2.8333e-05 -> Gamma_in=2.8317e+14 1/s = 1.8259e-07 c/r*
# prog   2.0 r*: f=7.6667e-05 -> Gamma_in=1.0465e+14 1/s = 6.7478e-08 c/r*
# prog   5.0 r*: f=2.8167e-04 -> Gamma_in=2.8485e+13 1/s = 1.8367e-08 c/r*
# prog  10.0 r*: f=7.6833e-04 -> Gamma_in=1.0442e+13 1/s = 6.7331e-09 c/r*
# prog 100.0 r*: f=2.4083e-02 -> Gamma_in=3.3314e+11 1/s = 2.1481e-10 c/r*
=== f05_400k ===
# krokow=600000, czas=8.060115e-17 s (1.500 polokresu), ok
# minimalna separacja=1.620486e-14 m = 0.0838 r*

 prog [r*]     czas w [s]        frakcja
       0.5   1.209017e-21   1.500000e-05
       1.0   2.821040e-21   3.500000e-05
       2.0   7.388439e-21   9.166667e-05
       5.0   2.592670e-20   3.216667e-04
      10.0   6.864531e-20   8.516667e-04
     100.0   2.012611e-18   2.497000e-02

# alpha=1/137.035999, tau_2gamma=4r*/(alpha^5 c)=1.246386e-10 s
# tau_2gamma c/r* = 1.9330e+11  (cel: 4/alpha^5)
# prog   0.5 r*: f=1.5000e-05 -> Gamma_in=5.3488e+14 1/s = 3.4489e-07 c/r*
# prog   1.0 r*: f=3.5000e-05 -> Gamma_in=2.2923e+14 1/s = 1.4781e-07 c/r*
# prog   2.0 r*: f=9.1667e-05 -> Gamma_in=8.7526e+13 1/s = 5.6436e-08 c/r*
# prog   5.0 r*: f=3.2167e-04 -> Gamma_in=2.4943e+13 1/s = 1.6083e-08 c/r*
# prog  10.0 r*: f=8.5167e-04 -> Gamma_in=9.4206e+12 1/s = 6.0743e-09 c/r*
# prog 100.0 r*: f=2.4970e-02 -> Gamma_in=3.2131e+11 1/s = 2.0718e-10 c/r*

[exited with code 0]
