paired para/ortho: 24 trajectories per channel, master seed 42, budget 300 s, emission deterministic, level 1, floor off
Running 24 CREM collapse calibrations on 4 workers (per-event wall-clock budget 300 s).
CREM calibrations: 10/24
CREM calibrations: 20/24
CREM calibrations: 24/24
Running 24 CREM collapse calibrations on 4 workers (per-event wall-clock budget 300 s).
CREM calibrations: 10/24
CREM calibrations: 20/24
CREM calibrations: 24/24

 idx    t_para(ps)     t_ortho(ps)    ratio    photons para/ortho
   0     198.980601       198.856150.999374558        3 /     3
   1     198.977491      198.8787880.999503952        3 /     3
   2     198.976243      198.8878970.999555999        3 /     3
   3      198.96792      198.8711550.999513665        3 /     3
   4     198.968132      198.8589430.999451224        3 /     3
   5     198.962076      198.9012290.999694176        3 /     3
   6      198.97932      198.7934640.999065957        3 /     3
   7     198.953709      198.7834730.999144341        3 /     3
   8     198.965508      198.8701130.999520543        3 /     3
   9     198.965044      198.7709640.999024549        3 /     3
  10     198.969387       198.903580.999669256        3 /     3
  11     198.957989      198.8223220.999318108        3 /     3
  12     198.962017      198.7889530.999130163        3 /     3
  13     198.960957      198.7874710.999128037        3 /     3
  14     198.968475      198.9233710.999773312        3 /     3
  15     198.961733      198.8894040.999636466        3 /     3
  16     198.975726      198.8384120.999309894        3 /     3
  17     198.961249      198.8353470.999367202        3 /     3
  18     198.978121      198.8313180.999262215        3 /     3
  19     198.979501      198.8222180.999209548        3 /     3
  20      198.96503      198.8937850.999641923        3 /     3
  21     198.959553      198.8574680.999486906        3 /     3
  22     198.968205      198.9166280.999740779        3 /     3
  23     198.973114      198.8285950.999273672        3 /     3

complete pairs:        24 / 24
mean t_para:           198.968213 ps
mean t_ortho:          198.85046 ps
DIFFERENCE ortho-para: -0.117752382 +/- 0.00909180604 ps   (12.9514841 sigma)
GEOMETRIC RATIO:       0.999408161,  95% CI [0.999318603, 0.999497728]
SIGN TEST:             ortho longer in 0 of 24,  exact p = 1.1920929e-07
PHOTON COUNT DIFFERS:  0 of 24  (0%)
