LADDER E_rel=-1.211038066e-19 n=3.000003 type=E1 hbar_omega=8.073563060e-20 photon=1.513794478e-19
SPLIT t=2.512650e-13 n=2.634466 L/hbar=2.535609 Jrem=0.6345 Lrem=0.5356 photon=-4.852e-26 rot=-1.788e-27 dyn=9.411e-27 capped=19999 cappedL=641.7462
LADDER E_rel=-2.724834820e-19 n=2.000002 type=E1 hbar_omega=8.638522048e-20 photon=8.174461504e-19
SPLIT t=3.512650e-13 n=2.292709 L/hbar=1.898263 Jrem=1.2927 Lrem=0.8983 photon=-8.806e-26 rot=-2.095e-26 dyn=1.041e-26 capped=39999 cappedL=5357.3880
LADDER E_rel=-1.089932785e-18 n=1.000002 type=E1 hbar_omega=1.058718465e-19 photon=0.000000000e+00
SPLIT t=4.512650e-13 n=1.971115 L/hbar=1.222424 Jrem=0.9711 Lrem=0.2224 photon=-1.185e-25 rot=-1.239e-25 dyn=6.530e-26 capped=59999 cappedL=16989.5894
LADDER E_rel=-1.089933033e-18 n=1.000001 type=E1 hbar_omega=1.427232013e-19 photon=0.000000000e+00
LADDER E_rel=-1.089932553e-18 n=1.000002 type=E1 hbar_omega=1.978159484e-19 photon=0.000000000e+00
SPLIT t=5.512650e-13 n=1.649523 L/hbar=1.282607 Jrem=0.6495 Lrem=0.2826 photon=-6.347e-26 rot=-7.266e-25 dyn=7.927e-25 capped=79999 cappedL=30253.0724
LADDER E_rel=-1.089931722e-18 n=1.000002 type=E1 hbar_omega=2.666895094e-19 photon=0.000000000e+00
LADDER E_rel=-1.089931429e-18 n=1.000002 type=E1 hbar_omega=3.417041320e-19 photon=0.000000000e+00
LADDER E_rel=-1.089932415e-18 n=1.000002 type=E1 hbar_omega=4.156101202e-19 photon=0.000000000e+00
LADDER E_rel=-1.089934731e-18 n=1.000001 type=E1 hbar_omega=4.834589837e-19 photon=0.000000000e+00
LADDER E_rel=-1.089937894e-18 n=0.999999 type=E1 hbar_omega=5.431359013e-19 photon=0.000000000e+00
LADDER E_rel=-1.089941293e-18 n=0.999998 type=E1 hbar_omega=5.943488501e-19 photon=0.000000000e+00
LADDER E_rel=-1.089944464e-18 n=0.999996 type=E1 hbar_omega=6.381229359e-19 photon=0.000000000e+00
LADDER E_rel=-1.089947150e-18 n=0.999995 type=E1 hbar_omega=6.756958427e-19 photon=0.000000000e+00
LADDER E_rel=-1.089949283e-18 n=0.999994 type=E1 hbar_omega=7.084616551e-19 photon=0.000000000e+00
LADDER E_rel=-1.089950884e-18 n=0.999993 type=E1 hbar_omega=7.375783583e-19 photon=0.000000000e+00
LADDER E_rel=-1.089952027e-18 n=0.999993 type=E1 hbar_omega=7.640019987e-19 photon=0.000000000e+00
LADDER E_rel=-1.089952787e-18 n=0.999992 type=E1 hbar_omega=7.884162566e-19 photon=0.000000000e+00
LADDER E_rel=-1.089953238e-18 n=0.999992 type=E1 hbar_omega=8.113294555e-19 photon=0.000000000e+00
LADDER E_rel=-1.089953442e-18 n=0.999992 type=E1 hbar_omega=8.332227093e-19 photon=0.000000000e+00
LADDER E_rel=-1.089953443e-18 n=0.999992 type=E1 hbar_omega=8.542586485e-19 photon=0.000000000e+00
LADDER E_rel=-1.089953276e-18 n=0.999992 type=E1 hbar_omega=8.747164176e-19 photon=0.000000000e+00
SPLIT t=6.512650e-13 n=1.327920 L/hbar=1.327317 Jrem=0.3279 Lrem=0.3273 photon=-1.286e-27 rot=-1.895e-24 dyn=-5.031e-24 capped=99999 cappedL=32015.7825
LADDER E_rel=-1.089952967e-18 n=0.999992 type=E1 hbar_omega=8.946593526e-19 photon=0.000000000e+00
LADDER E_rel=-1.089952535e-18 n=0.999992 type=E1 hbar_omega=9.142278553e-19 photon=0.000000000e+00
LADDER E_rel=-1.089951992e-18 n=0.999993 type=E1 hbar_omega=9.335095179e-19 photon=0.000000000e+00
LADDER E_rel=-1.089951348e-18 n=0.999993 type=E1 hbar_omega=9.525052356e-19 photon=0.000000000e+00
LADDER E_rel=-1.089950611e-18 n=0.999993 type=E1 hbar_omega=9.712823461e-19 photon=0.000000000e+00
LADDER E_rel=-1.089949786e-18 n=0.999994 type=E1 hbar_omega=9.898270436e-19 photon=0.000000000e+00
LADDER E_rel=-1.089948876e-18 n=0.999994 type=E1 hbar_omega=1.008201180e-18 photon=0.000000000e+00
LADDER E_rel=-1.089947880e-18 n=0.999995 type=E1 hbar_omega=1.026427933e-18 photon=0.000000000e+00
LADDER E_rel=-1.089946789e-18 n=0.999995 type=E1 hbar_omega=1.044412550e-18 photon=0.000000000e+00
LADDER E_rel=-1.089945526e-18 n=0.999996 type=E1 hbar_omega=1.062084828e-18 photon=0.000000000e+00
LADDER E_rel=-1.089944113e-18 n=0.999996 type=E1 hbar_omega=1.079473122e-18 photon=0.000000000e+00
LADDER E_rel=-1.089942578e-18 n=0.999997 type=E1 hbar_omega=1.096640686e-18 photon=0.000000000e+00
LADDER E_rel=-1.089940933e-18 n=0.999998 type=E1 hbar_omega=1.113665288e-18 photon=0.000000000e+00
LADDER E_rel=-1.089939188e-18 n=0.999999 type=E1 hbar_omega=1.130567828e-18 photon=0.000000000e+00
LADDER E_rel=-1.089937353e-18 n=0.999999 type=E1 hbar_omega=1.147359928e-18 photon=0.000000000e+00
LADDER E_rel=-1.089935431e-18 n=1.000000 type=E1 hbar_omega=1.164089450e-18 photon=0.000000000e+00
LADDER E_rel=-1.089933434e-18 n=1.000001 type=E1 hbar_omega=1.180675677e-18 photon=0.000000000e+00
LADDER E_rel=-1.089931365e-18 n=1.000002 type=E1 hbar_omega=1.197160954e-18 photon=0.000000000e+00
LADDER E_rel=-1.089929222e-18 n=1.000003 type=E1 hbar_omega=1.213587093e-18 photon=0.000000000e+00
LADDER E_rel=-1.089927008e-18 n=1.000004 type=E1 hbar_omega=1.229953389e-18 photon=0.000000000e+00
LADDER E_rel=-1.089924730e-18 n=1.000005 type=E1 hbar_omega=1.246216052e-18 photon=0.000000000e+00
LADDER E_rel=-1.089922391e-18 n=1.000006 type=E1 hbar_omega=1.262416007e-18 photon=0.000000000e+00
LADDER E_rel=-1.089919989e-18 n=1.000007 type=E1 hbar_omega=1.278551720e-18 photon=0.000000000e+00
LADDER E_rel=-1.089917536e-18 n=1.000009 type=E1 hbar_omega=1.294578409e-18 photon=0.000000000e+00
LADDER E_rel=-1.089915020e-18 n=1.000010 type=E1 hbar_omega=1.310580584e-18 photon=0.000000000e+00
LADDER E_rel=-1.089912458e-18 n=1.000011 type=E1 hbar_omega=1.326470076e-18 photon=0.000000000e+00
LADDER E_rel=-1.089909840e-18 n=1.000012 type=E1 hbar_omega=1.342332041e-18 photon=0.000000000e+00
LADDER E_rel=-1.089907180e-18 n=1.000013 type=E1 hbar_omega=1.358077665e-18 photon=0.000000000e+00
LADDER E_rel=-1.089904465e-18 n=1.000015 type=E1 hbar_omega=1.373792775e-18 photon=0.000000000e+00
LADDER E_rel=-1.089901708e-18 n=1.000016 type=E1 hbar_omega=1.389432081e-18 photon=0.000000000e+00
LADDER E_rel=-1.089898901e-18 n=1.000017 type=E1 hbar_omega=1.405038260e-18 photon=0.000000000e+00
LADDER E_rel=-1.089896054e-18 n=1.000018 type=E1 hbar_omega=1.420565742e-18 photon=0.000000000e+00
LADDER E_rel=-1.089893171e-18 n=1.000020 type=E1 hbar_omega=1.436012954e-18 photon=0.000000000e+00
LADDER E_rel=-1.089890244e-18 n=1.000021 type=E1 hbar_omega=1.451423088e-18 photon=0.000000000e+00
LADDER E_rel=-1.089887274e-18 n=1.000022 type=E1 hbar_omega=1.466795062e-18 photon=0.000000000e+00
LADDER E_rel=-1.089884272e-18 n=1.000024 type=E1 hbar_omega=1.482082767e-18 photon=0.000000000e+00
LADDER E_rel=-1.089881232e-18 n=1.000025 type=E1 hbar_omega=1.497329894e-18 photon=0.000000000e+00
LADDER E_rel=-1.089878163e-18 n=1.000027 type=E1 hbar_omega=1.512490074e-18 photon=0.000000000e+00
LADDER E_rel=-1.089875048e-18 n=1.000028 type=E1 hbar_omega=1.527652791e-18 photon=0.000000000e+00
LADDER E_rel=-1.089871908e-18 n=1.000029 type=E1 hbar_omega=1.542726237e-18 photon=0.000000000e+00
LADDER E_rel=-1.089868736e-18 n=1.000031 type=E1 hbar_omega=1.557754739e-18 photon=0.000000000e+00
LADDER E_rel=-1.089865532e-18 n=1.000032 type=E1 hbar_omega=1.572737310e-18 photon=0.000000000e+00
LADDER E_rel=-1.089862307e-18 n=1.000034 type=E1 hbar_omega=1.587626951e-18 photon=0.000000000e+00
LADDER E_rel=-1.089859044e-18 n=1.000035 type=E1 hbar_omega=1.602514611e-18 photon=0.000000000e+00
LADDER E_rel=-1.089855751e-18 n=1.000037 type=E1 hbar_omega=1.617353449e-18 photon=0.000000000e+00
LADDER E_rel=-1.089852431e-18 n=1.000038 type=E1 hbar_omega=1.632142526e-18 photon=0.000000000e+00
LADDER E_rel=-1.089849087e-18 n=1.000040 type=E1 hbar_omega=1.646880911e-18 photon=0.000000000e+00
LADDER E_rel=-1.089845717e-18 n=1.000042 type=E1 hbar_omega=1.661567685e-18 photon=0.000000000e+00
LADDER E_rel=-1.089842324e-18 n=1.000043 type=E1 hbar_omega=1.676201941e-18 photon=0.000000000e+00
LADDER E_rel=-1.089838909e-18 n=1.000045 type=E1 hbar_omega=1.690782782e-18 photon=0.000000000e+00
LADDER E_rel=-1.089835463e-18 n=1.000046 type=E1 hbar_omega=1.705356396e-18 photon=0.000000000e+00
LADDER E_rel=-1.089831995e-18 n=1.000048 type=E1 hbar_omega=1.719875083e-18 photon=0.000000000e+00
LADDER E_rel=-1.089828508e-18 n=1.000049 type=E1 hbar_omega=1.734337975e-18 photon=0.000000000e+00
LADDER E_rel=-1.089825003e-18 n=1.000051 type=E1 hbar_omega=1.748744211e-18 photon=0.000000000e+00
SPLIT t=7.321997e-13 n=1.067699 L/hbar=1.067585 Jrem=0.0677 Lrem=0.0676 photon=7.203e-25 rot=-2.120e-24 dyn=8.114e-23 capped=119999 cappedL=32020.2518
LADDER E_rel=-1.089821470e-18 n=1.000053 type=E1 hbar_omega=1.763140515e-18 photon=0.000000000e+00
LADDER E_rel=-1.089817920e-18 n=1.000054 type=E1 hbar_omega=1.777478719e-18 photon=0.000000000e+00
LADDER E_rel=-1.089814343e-18 n=1.000056 type=E1 hbar_omega=1.791805805e-18 photon=0.000000000e+00
LADDER E_rel=-1.089810762e-18 n=1.000058 type=E1 hbar_omega=1.806025435e-18 photon=0.000000000e+00
LADDER E_rel=-1.089807144e-18 n=1.000059 type=E1 hbar_omega=1.820280604e-18 photon=0.000000000e+00
LADDER E_rel=-1.089803513e-18 n=1.000061 type=E1 hbar_omega=1.834474865e-18 photon=0.000000000e+00
LADDER E_rel=-1.089799869e-18 n=1.000063 type=E1 hbar_omega=1.848607416e-18 photon=0.000000000e+00
LADDER E_rel=-1.089796201e-18 n=1.000064 type=E1 hbar_omega=1.862725873e-18 photon=0.000000000e+00
LADDER E_rel=-1.089792524e-18 n=1.000066 type=E1 hbar_omega=1.876781273e-18 photon=0.000000000e+00
LADDER E_rel=-1.089788824e-18 n=1.000068 type=E1 hbar_omega=1.890821478e-18 photon=0.000000000e+00
LADDER E_rel=-1.089785115e-18 n=1.000069 type=E1 hbar_omega=1.904797304e-18 photon=0.000000000e+00
LADDER E_rel=-1.089781384e-18 n=1.000071 type=E1 hbar_omega=1.918756855e-18 photon=0.000000000e+00
LADDER E_rel=-1.089777633e-18 n=1.000073 type=E1 hbar_omega=1.932699711e-18 photon=0.000000000e+00
LADDER E_rel=-1.089773875e-18 n=1.000074 type=E1 hbar_omega=1.946576365e-18 photon=0.000000000e+00
LADDER E_rel=-1.089770098e-18 n=1.000076 type=E1 hbar_omega=1.960435273e-18 photon=0.000000000e+00
LADDER E_rel=-1.089766301e-18 n=1.000078 type=E1 hbar_omega=1.974276029e-18 photon=0.000000000e+00
LADDER E_rel=-1.089762499e-18 n=1.000080 type=E1 hbar_omega=1.988048807e-18 photon=0.000000000e+00
LADDER E_rel=-1.089758680e-18 n=1.000081 type=E1 hbar_omega=2.001802410e-18 photon=0.000000000e+00
LADDER E_rel=-1.089754844e-18 n=1.000083 type=E1 hbar_omega=2.015536442e-18 photon=0.000000000e+00
LADDER E_rel=-1.089750991e-18 n=1.000085 type=E1 hbar_omega=2.029250512e-18 photon=0.000000000e+00
LADDER E_rel=-1.089747135e-18 n=1.000087 type=E1 hbar_omega=2.042894380e-18 photon=0.000000000e+00
LADDER E_rel=-1.089752267e-18 n=1.000084 type=E1 hbar_omega=2.126760569e-18 photon=0.000000000e+00
LADDER E_rel=-1.089750518e-18 n=1.000085 type=E1 hbar_omega=2.155160289e-18 photon=0.000000000e+00
LADDER E_rel=-1.089745109e-18 n=1.000088 type=E1 hbar_omega=2.156745945e-18 photon=0.000000000e+00
LADDER E_rel=-1.089738082e-18 n=1.000091 type=E1 hbar_omega=2.146798085e-18 photon=0.000000000e+00
LADDER E_rel=-1.089731159e-18 n=1.000094 type=E1 hbar_omega=2.137594705e-18 photon=0.000000000e+00
LADDER E_rel=-1.089724685e-18 n=1.000097 type=E1 hbar_omega=2.131882919e-18 photon=0.000000000e+00
LADDER E_rel=-1.089719248e-18 n=1.000100 type=E1 hbar_omega=2.134319443e-18 photon=0.000000000e+00
WINDOW closed t=7.532371e-13 n=1.000080 L/hbar=1.000003 e=0.012453 unpaid J=0.000e+00 L=0.000e+00 queued=9.688255982e-19 paid=9.688255982e-19 E_open=-1.211038066e-19 E_close=-1.089761527e-18
SPLIT closed photon=1.328290e-24 rotation=-2.191178e-24 dynamics=1.687410e-22 [kin 1.955598e-18 coul -1.955410e-18 dd -7.440970e-24 cd -3.424948e-23 darwin 2.247441e-23 constr 0.000000e+00] steps=127899 capped=126165 cappedL=32020.446888
LADDER E_rel=-1.089749170e-18 n=1.000086 type=E1 hbar_omega=2.146486895e-18 photon=0.000000000e+00
LADDER E_rel=-1.089744713e-18 n=1.000088 type=E1 hbar_omega=2.156048895e-18 photon=0.000000000e+00
LADDER E_rel=-1.089740741e-18 n=1.000090 type=E1 hbar_omega=2.169689006e-18 photon=0.000000000e+00
LADDER E_rel=-1.089736655e-18 n=1.000092 type=E1 hbar_omega=2.182370180e-18 photon=0.000000000e+00
LADDER E_rel=-1.089732531e-18 n=1.000093 type=E1 hbar_omega=2.194843768e-18 photon=0.000000000e+00
LADDER E_rel=-1.089728231e-18 n=1.000095 type=E1 hbar_omega=2.206033780e-18 photon=0.000000000e+00
LADDER E_rel=-1.089723625e-18 n=1.000098 type=E1 hbar_omega=2.214960321e-18 photon=0.000000000e+00
LADDER E_rel=-1.089718610e-18 n=1.000100 type=E1 hbar_omega=2.220832068e-18 photon=0.000000000e+00
LADDER E_rel=-1.089713121e-18 n=1.000102 type=E1 hbar_omega=2.223124145e-18 photon=0.000000000e+00
LADDER E_rel=-1.089707136e-18 n=1.000105 type=E1 hbar_omega=2.221631115e-18 photon=0.000000000e+00
LADDER E_rel=-1.089700684e-18 n=1.000108 type=E1 hbar_omega=2.216487680e-18 photon=0.000000000e+00
LADDER E_rel=-1.089693591e-18 n=1.000111 type=E1 hbar_omega=2.206495729e-18 photon=0.000000000e+00
LADDER E_rel=-1.089686419e-18 n=1.000115 type=E1 hbar_omega=2.195387597e-18 photon=0.000000000e+00
LADDER E_rel=-1.089679113e-18 n=1.000118 type=E1 hbar_omega=2.182943705e-18 photon=0.000000000e+00
LADDER E_rel=-1.089671812e-18 n=1.000121 type=E1 hbar_omega=2.170232934e-18 photon=0.000000000e+00
LADDER E_rel=-1.089664649e-18 n=1.000125 type=E1 hbar_omega=2.158328739e-18 photon=0.000000000e+00
LADDER E_rel=-1.089657549e-18 n=1.000128 type=E1 hbar_omega=2.146763868e-18 photon=0.000000000e+00
LADDER E_rel=-1.089651053e-18 n=1.000131 type=E1 hbar_omega=2.139783337e-18 photon=0.000000000e+00
LADDER E_rel=-1.089644977e-18 n=1.000134 type=E1 hbar_omega=2.136107186e-18 photon=0.000000000e+00
LADDER E_rel=-1.089639347e-18 n=1.000136 type=E1 hbar_omega=2.136029947e-18 photon=0.000000000e+00
LADDER E_rel=-1.089634263e-18 n=1.000139 type=E1 hbar_omega=2.140488647e-18 photon=0.000000000e+00
LADDER E_rel=-1.089629540e-18 n=1.000141 type=E1 hbar_omega=2.147846773e-18 photon=0.000000000e+00
LADDER E_rel=-1.089625139e-18 n=1.000143 type=E1 hbar_omega=2.157853503e-18 photon=0.000000000e+00
LADDER E_rel=-1.089620956e-18 n=1.000145 type=E1 hbar_omega=2.169686158e-18 photon=0.000000000e+00
LADDER E_rel=-1.089616870e-18 n=1.000147 type=E1 hbar_omega=2.182356919e-18 photon=0.000000000e+00
LADDER E_rel=-1.089612970e-18 n=1.000148 type=E1 hbar_omega=2.196778850e-18 photon=0.000000000e+00
LADDER E_rel=-1.089608619e-18 n=1.000150 type=E1 hbar_omega=2.207582511e-18 photon=0.000000000e+00
LADDER E_rel=-1.089603940e-18 n=1.000152 type=E1 hbar_omega=2.215954235e-18 photon=0.000000000e+00
LADDER E_rel=-1.089598837e-18 n=1.000155 type=E1 hbar_omega=2.221150455e-18 photon=0.000000000e+00
LADDER E_rel=-1.089593252e-18 n=1.000157 type=E1 hbar_omega=2.222706206e-18 photon=0.000000000e+00
LADDER E_rel=-1.089587175e-18 n=1.000160 type=E1 hbar_omega=2.220482190e-18 photon=0.000000000e+00
LADDER E_rel=-1.089580641e-18 n=1.000163 type=E1 hbar_omega=2.214678646e-18 photon=0.000000000e+00
LADDER E_rel=-1.089573731e-18 n=1.000166 type=E1 hbar_omega=2.205814135e-18 photon=0.000000000e+00
LADDER E_rel=-1.089566272e-18 n=1.000170 type=E1 hbar_omega=2.192650271e-18 photon=0.000000000e+00
LADDER E_rel=-1.089558960e-18 n=1.000173 type=E1 hbar_omega=2.180087781e-18 photon=0.000000000e+00
LADDER E_rel=-1.089551680e-18 n=1.000176 type=E1 hbar_omega=2.167470708e-18 photon=0.000000000e+00
LADDER E_rel=-1.089544561e-18 n=1.000180 type=E1 hbar_omega=2.155861079e-18 photon=0.000000000e+00
LADDER E_rel=-1.089537538e-18 n=1.000183 type=E1 hbar_omega=2.144857027e-18 photon=0.000000000e+00
LADDER E_rel=-1.089531123e-18 n=1.000186 type=E1 hbar_omega=2.138495358e-18 photon=0.000000000e+00
LADDER E_rel=-1.089525134e-18 n=1.000189 type=E1 hbar_omega=2.135512627e-18 photon=0.000000000e+00
LADDER E_rel=-1.089519593e-18 n=1.000191 type=E1 hbar_omega=2.136147571e-18 photon=0.000000000e+00
LADDER E_rel=-1.089514605e-18 n=1.000193 type=E1 hbar_omega=2.141385541e-18 photon=0.000000000e+00
