LADDER E_rel=-2.724832162e-19 n=2.000003 type=E1 hbar_omega=2.724809228e-19 photon=8.174442893e-19
LADDER E_rel=-1.089929538e-18 n=1.000003 type=E1 hbar_omega=2.833816441e-19 photon=0.000000000e+00
LADDER E_rel=-1.089930818e-18 n=1.000002 type=E1 hbar_omega=3.155845423e-19 photon=0.000000000e+00
LADDER E_rel=-1.089932277e-18 n=1.000002 type=E1 hbar_omega=3.679654166e-19 photon=0.000000000e+00
LADDER E_rel=-1.089933896e-18 n=1.000001 type=E1 hbar_omega=4.375079593e-19 photon=0.000000000e+00
LADDER E_rel=-1.089936215e-18 n=1.000000 type=E1 hbar_omega=5.190831779e-19 photon=0.000000000e+00
LADDER E_rel=-1.089939846e-18 n=0.999998 type=E1 hbar_omega=6.065763482e-19 photon=0.000000000e+00
LADDER E_rel=-1.089945074e-18 n=0.999996 type=E1 hbar_omega=6.945824264e-19 photon=0.000000000e+00
LADDER E_rel=-1.089951720e-18 n=0.999993 type=E1 hbar_omega=7.790669075e-19 photon=0.000000000e+00
LADDER E_rel=-1.089959352e-18 n=0.999989 type=E1 hbar_omega=8.582032449e-19 photon=0.000000000e+00
LADDER E_rel=-1.089967466e-18 n=0.999986 type=E1 hbar_omega=9.312350495e-19 photon=0.000000000e+00
LADDER E_rel=-1.089975675e-18 n=0.999982 type=E1 hbar_omega=9.985532260e-19 photon=0.000000000e+00
LADDER E_rel=-1.089983535e-18 n=0.999978 type=E1 hbar_omega=1.060226292e-18 photon=0.000000000e+00
LADDER E_rel=-1.089989933e-18 n=0.999975 type=E1 hbar_omega=1.115858327e-18 photon=0.000000000e+00
LADDER E_rel=-1.089995033e-18 n=0.999973 type=E1 hbar_omega=1.166946419e-18 photon=0.000000000e+00
LADDER E_rel=-1.089999203e-18 n=0.999971 type=E1 hbar_omega=1.215145979e-18 photon=0.000000000e+00
SPLIT t=1.193549e-13 n=1.182166 L/hbar=1.180354 Jrem=0.1822 Lrem=0.1803 photon=3.837e-26 rot=-1.597e-24 dyn=-3.107e-23 capped=20000 cappedL=715.4797
LADDER E_rel=-1.090002665e-18 n=0.999970 type=E1 hbar_omega=1.261324874e-18 photon=0.000000000e+00
LADDER E_rel=-1.090005564e-18 n=0.999968 type=E1 hbar_omega=1.306048244e-18 photon=0.000000000e+00
LADDER E_rel=-1.090008002e-18 n=0.999967 type=E1 hbar_omega=1.349701321e-18 photon=0.000000000e+00
LADDER E_rel=-1.090010044e-18 n=0.999966 type=E1 hbar_omega=1.392442118e-18 photon=0.000000000e+00
LADDER E_rel=-1.090011746e-18 n=0.999965 type=E1 hbar_omega=1.434482918e-18 photon=0.000000000e+00
LADDER E_rel=-1.090013146e-18 n=0.999965 type=E1 hbar_omega=1.475876004e-18 photon=0.000000000e+00
LADDER E_rel=-1.090014274e-18 n=0.999964 type=E1 hbar_omega=1.516648060e-18 photon=0.000000000e+00
LADDER E_rel=-1.090015158e-18 n=0.999964 type=E1 hbar_omega=1.557054428e-18 photon=0.000000000e+00
LADDER E_rel=-1.090015818e-18 n=0.999963 type=E1 hbar_omega=1.596976685e-18 photon=0.000000000e+00
LADDER E_rel=-1.090016272e-18 n=0.999963 type=E1 hbar_omega=1.636534949e-18 photon=0.000000000e+00
LADDER E_rel=-1.090016536e-18 n=0.999963 type=E1 hbar_omega=1.675723599e-18 photon=0.000000000e+00
LADDER E_rel=-1.090016621e-18 n=0.999963 type=E1 hbar_omega=1.714534444e-18 photon=0.000000000e+00
LADDER E_rel=-1.090016541e-18 n=0.999963 type=E1 hbar_omega=1.752957698e-18 photon=0.000000000e+00
LADDER E_rel=-1.090016307e-18 n=0.999963 type=E1 hbar_omega=1.791109747e-18 photon=0.000000000e+00
LADDER E_rel=-1.090015928e-18 n=0.999963 type=E1 hbar_omega=1.828981580e-18 photon=0.000000000e+00
LADDER E_rel=-1.090015414e-18 n=0.999964 type=E1 hbar_omega=1.866435219e-18 photon=0.000000000e+00
LADDER E_rel=-1.090014770e-18 n=0.999964 type=E1 hbar_omega=1.903717718e-18 photon=0.000000000e+00
LADDER E_rel=-1.090014006e-18 n=0.999964 type=E1 hbar_omega=1.940691666e-18 photon=0.000000000e+00
LADDER E_rel=-1.090013130e-18 n=0.999965 type=E1 hbar_omega=1.977347595e-18 photon=0.000000000e+00
LADDER E_rel=-1.090012145e-18 n=0.999965 type=E1 hbar_omega=2.013807640e-18 photon=0.000000000e+00
LADDER E_rel=-1.090011056e-18 n=0.999966 type=E1 hbar_omega=2.050064628e-18 photon=0.000000000e+00
WINDOW closed t=1.415065e-13 n=0.999986 L/hbar=0.999363 e=0.035289 unpaid J=9.180e-06 L=-6.408e-04 queued=8.174442893e-19 paid=8.174442893e-19 E_open=-2.724832162e-19 E_close=-1.089966009e-18
SPLIT closed photon=1.057740e-24 rotation=-2.159169e-24 dynamics=-3.740174e-23 [kin 1.560057e-18 coul -1.560078e-18 dd -6.434806e-24 cd -2.950051e-23 darwin 1.954146e-23 constr 0.000000e+00] steps=26836 capped=26836 cappedL=722.757556
LADDER E_rel=-1.089963292e-18 n=0.999988 type=E1 hbar_omega=2.068735500e-18 photon=0.000000000e+00
LADDER E_rel=-1.089958271e-18 n=0.999990 type=E1 hbar_omega=2.071704300e-18 photon=0.000000000e+00
LADDER E_rel=-1.089954297e-18 n=0.999992 type=E1 hbar_omega=2.083655579e-18 photon=0.000000000e+00
LADDER E_rel=-1.089951288e-18 n=0.999993 type=E1 hbar_omega=2.103738814e-18 photon=0.000000000e+00
LADDER E_rel=-1.089949096e-18 n=0.999994 type=E1 hbar_omega=2.130480299e-18 photon=0.000000000e+00
LADDER E_rel=-1.089947498e-18 n=0.999995 type=E1 hbar_omega=2.161841414e-18 photon=0.000000000e+00
LADDER E_rel=-1.089946202e-18 n=0.999995 type=E1 hbar_omega=2.195325072e-18 photon=0.000000000e+00
LADDER E_rel=-1.089944851e-18 n=0.999996 type=E1 hbar_omega=2.228142003e-18 photon=0.000000000e+00
LADDER E_rel=-1.089943053e-18 n=0.999997 type=E1 hbar_omega=2.257438100e-18 photon=0.000000000e+00
LADDER E_rel=-1.089940025e-18 n=0.999998 type=E1 hbar_omega=2.277183677e-18 photon=0.000000000e+00
LADDER E_rel=-1.089936468e-18 n=1.000000 type=E1 hbar_omega=2.293525232e-18 photon=0.000000000e+00
LADDER E_rel=-1.089931590e-18 n=1.000002 type=E1 hbar_omega=2.300323684e-18 photon=0.000000000e+00
LADDER E_rel=-1.089925314e-18 n=1.000005 type=E1 hbar_omega=2.296935805e-18 photon=0.000000000e+00
LADDER E_rel=-1.089918175e-18 n=1.000008 type=E1 hbar_omega=2.286582922e-18 photon=0.000000000e+00
LADDER E_rel=-1.089909666e-18 n=1.000012 type=E1 hbar_omega=2.266092464e-18 photon=0.000000000e+00
LADDER E_rel=-1.089900346e-18 n=1.000016 type=E1 hbar_omega=2.238671964e-18 photon=0.000000000e+00
LADDER E_rel=-1.089890591e-18 n=1.000021 type=E1 hbar_omega=2.206816982e-18 photon=0.000000000e+00
LADDER E_rel=-1.089880788e-18 n=1.000025 type=E1 hbar_omega=2.173317373e-18 photon=0.000000000e+00
LADDER E_rel=-1.089871286e-18 n=1.000030 type=E1 hbar_omega=2.140983321e-18 photon=0.000000000e+00
LADDER E_rel=-1.089862376e-18 n=1.000034 type=E1 hbar_omega=2.112408975e-18 photon=0.000000000e+00
LADDER E_rel=-1.089854274e-18 n=1.000038 type=E1 hbar_omega=2.089791897e-18 photon=0.000000000e+00
LADDER E_rel=-1.089847130e-18 n=1.000041 type=E1 hbar_omega=2.074810251e-18 photon=0.000000000e+00
LADDER E_rel=-1.089841030e-18 n=1.000044 type=E1 hbar_omega=2.068548438e-18 photon=0.000000000e+00
LADDER E_rel=-1.089836002e-18 n=1.000046 type=E1 hbar_omega=2.071457529e-18 photon=0.000000000e+00
LADDER E_rel=-1.089832021e-18 n=1.000048 type=E1 hbar_omega=2.083339052e-18 photon=0.000000000e+00
LADDER E_rel=-1.089829004e-18 n=1.000049 type=E1 hbar_omega=2.103347320e-18 photon=0.000000000e+00
LADDER E_rel=-1.089826803e-18 n=1.000050 type=E1 hbar_omega=2.130014044e-18 photon=0.000000000e+00
LADDER E_rel=-1.089825198e-18 n=1.000051 type=E1 hbar_omega=2.161306392e-18 photon=0.000000000e+00
LADDER E_rel=-1.089823896e-18 n=1.000052 type=E1 hbar_omega=2.194733078e-18 photon=0.000000000e+00
LADDER E_rel=-1.089822540e-18 n=1.000052 type=E1 hbar_omega=2.227510116e-18 photon=0.000000000e+00
LADDER E_rel=-1.089820741e-18 n=1.000053 type=E1 hbar_omega=2.256787528e-18 photon=0.000000000e+00
LADDER E_rel=-1.089818118e-18 n=1.000054 type=E1 hbar_omega=2.279922041e-18 photon=0.000000000e+00
LADDER E_rel=-1.089814162e-18 n=1.000056 type=E1 hbar_omega=2.292901597e-18 photon=0.000000000e+00
LADDER E_rel=-1.089809291e-18 n=1.000058 type=E1 hbar_omega=2.299746223e-18 photon=0.000000000e+00
LADDER E_rel=-1.089803026e-18 n=1.000061 type=E1 hbar_omega=2.296421836e-18 photon=0.000000000e+00
LADDER E_rel=-1.089795450e-18 n=1.000065 type=E1 hbar_omega=2.283258976e-18 photon=0.000000000e+00
LADDER E_rel=-1.089787399e-18 n=1.000068 type=E1 hbar_omega=2.265718371e-18 photon=0.000000000e+00
LADDER E_rel=-1.089778089e-18 n=1.000073 type=E1 hbar_omega=2.238374285e-18 photon=0.000000000e+00
LADDER E_rel=-1.089768343e-18 n=1.000077 type=E1 hbar_omega=2.206587096e-18 photon=0.000000000e+00
LADDER E_rel=-1.089758547e-18 n=1.000081 type=E1 hbar_omega=2.173141348e-18 photon=0.000000000e+00
LADDER E_rel=-1.089749050e-18 n=1.000086 type=E1 hbar_omega=2.140843554e-18 photon=0.000000000e+00
LADDER E_rel=-1.089740141e-18 n=1.000090 type=E1 hbar_omega=2.112285893e-18 photon=0.000000000e+00
LADDER E_rel=-1.089732039e-18 n=1.000094 type=E1 hbar_omega=2.089665526e-18 photon=0.000000000e+00
LADDER E_rel=-1.089724893e-18 n=1.000097 type=E1 hbar_omega=2.074661545e-18 photon=0.000000000e+00
LADDER E_rel=-1.089718781e-18 n=1.000100 type=E1 hbar_omega=2.068198592e-18 photon=0.000000000e+00
LADDER E_rel=-1.089713928e-18 n=1.000102 type=E1 hbar_omega=2.072602260e-18 photon=0.000000000e+00
