LADDER E_rel=-1.211038066e-19 n=3.000003 type=E1 hbar_omega=8.073563060e-20 photon=1.513794478e-19
SPLIT t=2.512650e-13 n=2.634466 L/hbar=2.535609 Jrem=0.6345 Lrem=0.5356 photon=-4.852e-26 rot=-1.788e-27 dyn=9.411e-27 capped=19998 cappedL=0.1152
LADDER E_rel=-2.724834820e-19 n=2.000002 type=E1 hbar_omega=8.638522048e-20 photon=8.174461504e-19
SPLIT t=3.512650e-13 n=2.292709 L/hbar=1.898263 Jrem=1.2927 Lrem=0.8983 photon=-8.806e-26 rot=-2.095e-26 dyn=1.041e-26 capped=39998 cappedL=0.4981
LADDER E_rel=-1.089932785e-18 n=1.000002 type=E1 hbar_omega=1.058718465e-19 photon=0.000000000e+00
SPLIT t=4.512650e-13 n=1.971115 L/hbar=1.222424 Jrem=0.9711 Lrem=0.2224 photon=-1.185e-25 rot=-1.239e-25 dyn=6.530e-26 capped=59998 cappedL=1.0212
LADDER E_rel=-1.089933033e-18 n=1.000001 type=E1 hbar_omega=1.427232013e-19 photon=0.000000000e+00
LADDER E_rel=-1.089802657e-18 n=1.000061 type=E1 hbar_omega=3.252426252e-18 photon=0.000000000e+00
LADDER E_rel=-1.088751333e-18 n=1.000544 type=E1 hbar_omega=1.110460016e-18 photon=0.000000000e+00
LADDER E_rel=-1.089189616e-18 n=1.000343 type=E1 hbar_omega=3.690597502e-18 photon=0.000000000e+00
LADDER E_rel=-1.088057740e-18 n=1.000863 type=E1 hbar_omega=7.380052966e-19 photon=0.000000000e+00
LADDER E_rel=-1.088345827e-18 n=1.000730 type=E1 hbar_omega=3.713488659e-18 photon=0.000000000e+00
LADDER E_rel=-1.087233626e-18 n=1.001242 type=E1 hbar_omega=7.925698564e-19 photon=0.000000000e+00
LADDER E_rel=-1.087476165e-18 n=1.001130 type=E1 hbar_omega=3.573671471e-18 photon=0.000000000e+00
LADDER E_rel=-1.086341283e-18 n=1.001653 type=E1 hbar_omega=1.266378626e-18 photon=0.000000000e+00
LADDER E_rel=-1.086455858e-18 n=1.001600 type=E1 hbar_omega=3.236364386e-18 photon=0.000000000e+00
LADDER E_rel=-1.085590165e-18 n=1.002000 type=E1 hbar_omega=2.167406479e-18 photon=0.000000000e+00
LADDER E_rel=-1.085379350e-18 n=1.002097 type=E1 hbar_omega=2.434521949e-18 photon=0.000000000e+00
LADDER E_rel=-1.085160709e-18 n=1.002198 type=E1 hbar_omega=3.327869384e-18 photon=0.000000000e+00
SPLIT t=5.453707e-13 n=1.670808 L/hbar=1.069293 Jrem=0.6685 Lrem=0.0693 photon=-2.838e-25 rot=-4.581e-25 dyn=9.511e-22 capped=68638 cappedL=1.1363
LADDER E_rel=-1.084430104e-18 n=1.002535 type=E1 hbar_omega=1.217857688e-18 photon=0.000000000e+00
LADDER E_rel=-1.084687972e-18 n=1.002416 type=E1 hbar_omega=4.113254983e-18 photon=0.000000000e+00
LADDER E_rel=-1.083883813e-18 n=1.002788 type=E1 hbar_omega=2.217598072e-19 photon=0.000000000e+00
LADDER E_rel=-1.084068333e-18 n=1.002703 type=E1 hbar_omega=3.951325333e-18 photon=0.000000000e+00
LADDER E_rel=-1.082968559e-18 n=1.003212 type=E1 hbar_omega=1.504769600e-18 photon=0.000000000e+00
LADDER E_rel=-1.082752238e-18 n=1.003312 type=E1 hbar_omega=2.421330877e-18 photon=0.000000000e+00
LADDER E_rel=-1.082527417e-18 n=1.003416 type=E1 hbar_omega=3.683786719e-18 photon=0.000000000e+00
LADDER E_rel=-1.081906495e-18 n=1.003704 type=E1 hbar_omega=4.881176362e-19 photon=0.000000000e+00
LADDER E_rel=-1.082108004e-18 n=1.003611 type=E1 hbar_omega=4.062308878e-18 photon=0.000000000e+00
LADDER E_rel=-1.080998097e-18 n=1.004126 type=E1 hbar_omega=1.705601990e-18 photon=0.000000000e+00
LADDER E_rel=-1.080737723e-18 n=1.004247 type=E1 hbar_omega=2.076717245e-18 photon=0.000000000e+00
LADDER E_rel=-1.080886836e-18 n=1.004177 type=E1 hbar_omega=4.111805659e-18 photon=0.000000000e+00
LADDER E_rel=-1.080108809e-18 n=1.004539 type=E1 hbar_omega=3.244726322e-19 photon=0.000000000e+00
LADDER E_rel=-1.079899052e-18 n=1.004637 type=E1 hbar_omega=3.224335695e-18 photon=0.000000000e+00
LADDER E_rel=-1.079451761e-18 n=1.004845 type=E1 hbar_omega=3.528013501e-18 photon=0.000000000e+00
LADDER E_rel=-1.078940875e-18 n=1.005083 type=E1 hbar_omega=4.273373857e-19 photon=0.000000000e+00
LADDER E_rel=-1.078950040e-18 n=1.005078 type=E1 hbar_omega=3.771897132e-18 photon=0.000000000e+00
LADDER E_rel=-1.078178572e-18 n=1.005438 type=E1 hbar_omega=2.937940140e-18 photon=0.000000000e+00
LADDER E_rel=-1.077763726e-18 n=1.005631 type=E1 hbar_omega=6.938097686e-19 photon=0.000000000e+00
LADDER E_rel=-1.077867073e-18 n=1.005583 type=E1 hbar_omega=3.839158916e-18 photon=0.000000000e+00
LADDER E_rel=-1.077064086e-18 n=1.005958 type=E1 hbar_omega=2.933014267e-18 photon=0.000000000e+00
LADDER E_rel=-1.076715004e-18 n=1.006121 type=E1 hbar_omega=6.393200618e-19 photon=0.000000000e+00
LADDER E_rel=-1.076740525e-18 n=1.006109 type=E1 hbar_omega=3.694076307e-18 photon=0.000000000e+00
LADDER E_rel=-1.076086906e-18 n=1.006414 type=E1 hbar_omega=3.251431245e-18 photon=0.000000000e+00
LADDER E_rel=-1.075696753e-18 n=1.006597 type=E1 hbar_omega=3.685774857e-19 photon=0.000000000e+00
LADDER E_rel=-1.075564280e-18 n=1.006659 type=E1 hbar_omega=3.284616216e-18 photon=0.000000000e+00
LADDER E_rel=-1.075264311e-18 n=1.006799 type=E1 hbar_omega=3.845790761e-18 photon=0.000000000e+00
LADDER E_rel=-1.074724757e-18 n=1.007052 type=E1 hbar_omega=5.492267846e-19 photon=0.000000000e+00
LADDER E_rel=-1.074360181e-18 n=1.007223 type=E1 hbar_omega=2.235627355e-18 photon=0.000000000e+00
LADDER E_rel=-1.074578965e-18 n=1.007120 type=E1 hbar_omega=4.219114166e-18 photon=0.000000000e+00
LADDER E_rel=-1.073626771e-18 n=1.007567 type=E1 hbar_omega=2.023417247e-18 photon=0.000000000e+00
LADDER E_rel=-1.073342483e-18 n=1.007700 type=E1 hbar_omega=8.594721907e-19 photon=0.000000000e+00
LADDER E_rel=-1.073360460e-18 n=1.007692 type=E1 hbar_omega=3.626435070e-18 photon=0.000000000e+00
SPLIT t=6.295529e-13 n=1.405662 L/hbar=1.038558 Jrem=0.3978 Lrem=0.0385 photon=-6.372e-25 rot=-1.349e-24 dyn=4.398e-21 capped=68711 cappedL=1.1397
LADDER E_rel=-1.072928024e-18 n=1.007895 type=E1 hbar_omega=3.765028823e-18 photon=0.000000000e+00
LADDER E_rel=-1.072415007e-18 n=1.008136 type=E1 hbar_omega=6.834002202e-19 photon=0.000000000e+00
LADDER E_rel=-1.072082905e-18 n=1.008292 type=E1 hbar_omega=1.826819479e-18 photon=0.000000000e+00
LADDER E_rel=-1.072280858e-18 n=1.008199 type=E1 hbar_omega=4.072746166e-18 photon=0.000000000e+00
LADDER E_rel=-1.071580637e-18 n=1.008528 type=E1 hbar_omega=3.184600139e-18 photon=0.000000000e+00
LADDER E_rel=-1.071213793e-18 n=1.008701 type=E1 hbar_omega=4.112178507e-19 photon=0.000000000e+00
LADDER E_rel=-1.070878709e-18 n=1.008859 type=E1 hbar_omega=2.328478420e-18 photon=0.000000000e+00
LADDER E_rel=-1.071057478e-18 n=1.008775 type=E1 hbar_omega=4.129022535e-18 photon=0.000000000e+00
LADDER E_rel=-1.070289698e-18 n=1.009136 type=E1 hbar_omega=3.015942989e-18 photon=0.000000000e+00
LADDER E_rel=-1.069953430e-18 n=1.009295 type=E1 hbar_omega=4.298549307e-19 photon=0.000000000e+00
LADDER E_rel=-1.069618090e-18 n=1.009453 type=E1 hbar_omega=2.164189254e-18 photon=0.000000000e+00
LADDER E_rel=-1.069731943e-18 n=1.009399 type=E1 hbar_omega=4.049628284e-18 photon=0.000000000e+00
LADDER E_rel=-1.069099378e-18 n=1.009698 type=E1 hbar_omega=3.357769338e-18 photon=0.000000000e+00
LADDER E_rel=-1.068703145e-18 n=1.009885 type=E1 hbar_omega=7.058406577e-19 photon=0.000000000e+00
LADDER E_rel=-1.068403975e-18 n=1.010027 type=E1 hbar_omega=1.508589427e-18 photon=0.000000000e+00
LADDER E_rel=-1.068396920e-18 n=1.010030 type=E1 hbar_omega=3.631944642e-18 photon=0.000000000e+00
LADDER E_rel=-1.068185970e-18 n=1.010130 type=E1 hbar_omega=3.954723103e-18 photon=0.000000000e+00
LADDER E_rel=-1.067513538e-18 n=1.010448 type=E1 hbar_omega=1.767840498e-18 photon=0.000000000e+00
LADDER E_rel=-1.067305958e-18 n=1.010546 type=E1 hbar_omega=6.185105866e-19 photon=0.000000000e+00
LADDER E_rel=-1.067075011e-18 n=1.010655 type=E1 hbar_omega=2.606951574e-18 photon=0.000000000e+00
LADDER E_rel=-1.067111242e-18 n=1.010638 type=E1 hbar_omega=4.032776742e-18 photon=0.000000000e+00
LADDER E_rel=-1.066505488e-18 n=1.010925 type=E1 hbar_omega=3.403914089e-18 photon=0.000000000e+00
LADDER E_rel=-1.066055636e-18 n=1.011138 type=E1 hbar_omega=1.080350126e-18 photon=0.000000000e+00
LADDER E_rel=-1.065786112e-18 n=1.011266 type=E1 hbar_omega=9.497740989e-19 photon=0.000000000e+00
LADDER E_rel=-1.065658420e-18 n=1.011327 type=E1 hbar_omega=2.883086230e-18 photon=0.000000000e+00
LADDER E_rel=-1.065709904e-18 n=1.011302 type=E1 hbar_omega=4.057025068e-18 photon=0.000000000e+00
LADDER E_rel=-1.065080730e-18 n=1.011601 type=E1 hbar_omega=3.340447316e-18 photon=0.000000000e+00
LADDER E_rel=-1.064654038e-18 n=1.011804 type=E1 hbar_omega=1.144218179e-18 photon=0.000000000e+00
LADDER E_rel=-1.064422379e-18 n=1.011914 type=E1 hbar_omega=8.515233105e-19 photon=0.000000000e+00
LADDER E_rel=-1.064238047e-18 n=1.012001 type=E1 hbar_omega=2.543343664e-18 photon=0.000000000e+00
LADDER E_rel=-1.064267002e-18 n=1.011988 type=E1 hbar_omega=3.932173554e-18 photon=0.000000000e+00
LADDER E_rel=-1.063863286e-18 n=1.012180 type=E1 hbar_omega=3.716574499e-18 photon=0.000000000e+00
LADDER E_rel=-1.063311726e-18 n=1.012442 type=E1 hbar_omega=1.903546608e-18 photon=0.000000000e+00
LADDER E_rel=-1.063075809e-18 n=1.012555 type=E1 hbar_omega=5.781468107e-19 photon=0.000000000e+00
LADDER E_rel=-1.062790662e-18 n=1.012690 type=E1 hbar_omega=1.705126850e-18 photon=0.000000000e+00
LADDER E_rel=-1.062710524e-18 n=1.012729 type=E1 hbar_omega=3.274728507e-18 photon=0.000000000e+00
LADDER E_rel=-1.062649025e-18 n=1.012758 type=E1 hbar_omega=4.004158182e-18 photon=0.000000000e+00
LADDER E_rel=-1.062046349e-18 n=1.013045 type=E1 hbar_omega=3.214877754e-18 photon=0.000000000e+00
LADDER E_rel=-1.061644663e-18 n=1.013237 type=E1 hbar_omega=1.446057463e-18 photon=0.000000000e+00
LADDER E_rel=-1.061421061e-18 n=1.013343 type=E1 hbar_omega=6.779750609e-19 photon=0.000000000e+00
LADDER E_rel=-1.061164278e-18 n=1.013466 type=E1 hbar_omega=1.825364307e-18 photon=0.000000000e+00
LADDER E_rel=-1.061069257e-18 n=1.013511 type=E1 hbar_omega=3.289010353e-18 photon=0.000000000e+00
LADDER E_rel=-1.061023673e-18 n=1.013533 type=E1 hbar_omega=3.951625012e-18 photon=0.000000000e+00
LADDER E_rel=-1.060546091e-18 n=1.013761 type=E1 hbar_omega=3.382754327e-18 photon=0.000000000e+00
LADDER E_rel=-1.060091427e-18 n=1.013979 type=E1 hbar_omega=1.814325743e-18 photon=0.000000000e+00
LADDER E_rel=-1.059874885e-18 n=1.014082 type=E1 hbar_omega=6.859290796e-19 photon=0.000000000e+00
LADDER E_rel=-1.059609460e-18 n=1.014209 type=E1 hbar_omega=1.315555126e-18 photon=0.000000000e+00
LADDER E_rel=-1.059449478e-18 n=1.014286 type=E1 hbar_omega=2.609619945e-18 photon=0.000000000e+00
LADDER E_rel=-1.059393318e-18 n=1.014313 type=E1 hbar_omega=3.665694394e-18 photon=0.000000000e+00
LADDER E_rel=-1.059174356e-18 n=1.014418 type=E1 hbar_omega=3.837662988e-18 photon=0.000000000e+00
LADDER E_rel=-1.058625574e-18 n=1.014681 type=E1 hbar_omega=2.972112338e-18 photon=0.000000000e+00
LADDER E_rel=-1.058247570e-18 n=1.014862 type=E1 hbar_omega=1.542572137e-18 photon=0.000000000e+00
LADDER E_rel=-1.058003205e-18 n=1.014979 type=E1 hbar_omega=7.297692681e-19 photon=0.000000000e+00
SPLIT t=7.037556e-13 n=1.174105 L/hbar=1.014068 Jrem=0.1591 Lrem=0.0139 photon=-7.579e-25 rot=-3.996e-24 dyn=1.185e-20 capped=68801 cappedL=1.1422
LADDER E_rel=-1.057716510e-18 n=1.015117 type=E1 hbar_omega=1.320599273e-18 photon=0.000000000e+00
LADDER E_rel=-1.057472416e-18 n=1.015234 type=E1 hbar_omega=2.488956008e-18 photon=0.000000000e+00
LADDER E_rel=-1.057337594e-18 n=1.015298 type=E1 hbar_omega=3.464570644e-18 photon=0.000000000e+00
LADDER E_rel=-1.057163786e-18 n=1.015382 type=E1 hbar_omega=3.811654717e-18 photon=0.000000000e+00
LADDER E_rel=-1.056731558e-18 n=1.015589 type=E1 hbar_omega=3.369689673e-18 photon=0.000000000e+00
LADDER E_rel=-1.056219870e-18 n=1.015835 type=E1 hbar_omega=2.215808714e-18 photon=0.000000000e+00
LADDER E_rel=-1.055931954e-18 n=1.015974 type=E1 hbar_omega=1.075731236e-18 photon=0.000000000e+00
LADDER E_rel=-1.055705123e-18 n=1.016083 type=E1 hbar_omega=8.635631132e-19 photon=0.000000000e+00
LADDER E_rel=-1.055450934e-18 n=1.016205 type=E1 hbar_omega=1.620282040e-18 photon=0.000000000e+00
LADDER E_rel=-1.055277479e-18 n=1.016289 type=E1 hbar_omega=2.614163159e-18 photon=0.000000000e+00
LADDER E_rel=-1.055216052e-18 n=1.016319 type=E1 hbar_omega=3.428224721e-18 photon=0.000000000e+00
LADDER E_rel=-1.055082834e-18 n=1.016383 type=E1 hbar_omega=3.725072558e-18 photon=0.000000000e+00
LADDER E_rel=-1.054768576e-18 n=1.016534 type=E1 hbar_omega=3.427875696e-18 photon=0.000000000e+00
LADDER E_rel=-1.054370449e-18 n=1.016726 type=E1 hbar_omega=2.567839969e-18 photon=0.000000000e+00
LADDER E_rel=-1.054085736e-18 n=1.016863 type=E1 hbar_omega=1.530651802e-18 photon=0.000000000e+00
LADDER E_rel=-1.053921403e-18 n=1.016943 type=E1 hbar_omega=9.010727059e-19 photon=0.000000000e+00
LADDER E_rel=-1.053762386e-18 n=1.017019 type=E1 hbar_omega=1.117800537e-18 photon=0.000000000e+00
LADDER E_rel=-1.053644443e-18 n=1.017076 type=E1 hbar_omega=1.845321555e-18 photon=0.000000000e+00
LADDER E_rel=-1.053581768e-18 n=1.017106 type=E1 hbar_omega=2.701206803e-18 photon=0.000000000e+00
LADDER E_rel=-1.053623557e-18 n=1.017086 type=E1 hbar_omega=3.304274436e-18 photon=0.000000000e+00
LADDER E_rel=-1.053620384e-18 n=1.017088 type=E1 hbar_omega=3.601846501e-18 photon=0.000000000e+00
LADDER E_rel=-1.053510077e-18 n=1.017141 type=E1 hbar_omega=3.453156201e-18 photon=0.000000000e+00
LADDER E_rel=-1.053368688e-18 n=1.017209 type=E1 hbar_omega=2.891736034e-18 photon=0.000000000e+00
LADDER E_rel=-1.053251349e-18 n=1.017266 type=E1 hbar_omega=2.017417796e-18 photon=0.000000000e+00
LADDER E_rel=-1.053231789e-18 n=1.017275 type=E1 hbar_omega=1.275753532e-18 photon=0.000000000e+00
LADDER E_rel=-1.053246619e-18 n=1.017268 type=E1 hbar_omega=9.954517645e-19 photon=0.000000000e+00
LADDER E_rel=-1.053257515e-18 n=1.017263 type=E1 hbar_omega=1.245851180e-18 photon=0.000000000e+00
LADDER E_rel=-1.053294959e-18 n=1.017245 type=E1 hbar_omega=1.785326912e-18 photon=0.000000000e+00
LADDER E_rel=-1.053394613e-18 n=1.017197 type=E1 hbar_omega=2.459732161e-18 photon=0.000000000e+00
LADDER E_rel=-1.053518646e-18 n=1.017137 type=E1 hbar_omega=3.021058771e-18 photon=0.000000000e+00
LADDER E_rel=-1.053608007e-18 n=1.017094 type=E1 hbar_omega=3.361786448e-18 photon=0.000000000e+00
LADDER E_rel=-1.053628942e-18 n=1.017084 type=E1 hbar_omega=3.437649135e-18 photon=0.000000000e+00
LADDER E_rel=-1.053582501e-18 n=1.017106 type=E1 hbar_omega=3.248723096e-18 photon=0.000000000e+00
LADDER E_rel=-1.053488898e-18 n=1.017151 type=E1 hbar_omega=2.783793048e-18 photon=0.000000000e+00
LADDER E_rel=-1.053407958e-18 n=1.017190 type=E1 hbar_omega=2.177657556e-18 photon=0.000000000e+00
LADDER E_rel=-1.053371955e-18 n=1.017208 type=E1 hbar_omega=1.605683412e-18 photon=0.000000000e+00
LADDER E_rel=-1.053369194e-18 n=1.017209 type=E1 hbar_omega=1.218224349e-18 photon=0.000000000e+00
LADDER E_rel=-1.053377247e-18 n=1.017205 type=E1 hbar_omega=1.176360855e-18 photon=0.000000000e+00
LADDER E_rel=-1.053392203e-18 n=1.017198 type=E1 hbar_omega=1.407249447e-18 photon=0.000000000e+00
LADDER E_rel=-1.053426719e-18 n=1.017181 type=E1 hbar_omega=1.810813737e-18 photon=0.000000000e+00
LADDER E_rel=-1.053488268e-18 n=1.017152 type=E1 hbar_omega=2.272824505e-18 photon=0.000000000e+00
LADDER E_rel=-1.053562020e-18 n=1.017116 type=E1 hbar_omega=2.683393011e-18 photon=0.000000000e+00
LADDER E_rel=-1.053627449e-18 n=1.017084 type=E1 hbar_omega=2.992128378e-18 photon=0.000000000e+00
LADDER E_rel=-1.053668462e-18 n=1.017065 type=E1 hbar_omega=3.173619064e-18 photon=0.000000000e+00
LADDER E_rel=-1.053672526e-18 n=1.017063 type=E1 hbar_omega=3.191307228e-18 photon=0.000000000e+00
LADDER E_rel=-1.053646981e-18 n=1.017075 type=E1 hbar_omega=3.071639441e-18 photon=0.000000000e+00
LADDER E_rel=-1.053600378e-18 n=1.017097 type=E1 hbar_omega=2.824922151e-18 photon=0.000000000e+00
LADDER E_rel=-1.053545291e-18 n=1.017124 type=E1 hbar_omega=2.467615336e-18 photon=0.000000000e+00
LADDER E_rel=-1.053504684e-18 n=1.017144 type=E1 hbar_omega=2.111950259e-18 photon=0.000000000e+00
LADDER E_rel=-1.053478509e-18 n=1.017156 type=E1 hbar_omega=1.780738263e-18 photon=0.000000000e+00
LADDER E_rel=-1.053467249e-18 n=1.017162 type=E1 hbar_omega=1.554967835e-18 photon=0.000000000e+00
LADDER E_rel=-1.053464005e-18 n=1.017163 type=E1 hbar_omega=1.433331173e-18 photon=0.000000000e+00
LADDER E_rel=-1.053467265e-18 n=1.017162 type=E1 hbar_omega=1.443474061e-18 photon=0.000000000e+00
LADDER E_rel=-1.053476272e-18 n=1.017157 type=E1 hbar_omega=1.557398212e-18 photon=0.000000000e+00
LADDER E_rel=-1.053492788e-18 n=1.017149 type=E1 hbar_omega=1.753606774e-18 photon=0.000000000e+00
LADDER E_rel=-1.053515869e-18 n=1.017138 type=E1 hbar_omega=1.981064391e-18 photon=0.000000000e+00
LADDER E_rel=-1.053544606e-18 n=1.017124 type=E1 hbar_omega=2.219206523e-18 photon=0.000000000e+00
LADDER E_rel=-1.053571437e-18 n=1.017111 type=E1 hbar_omega=2.415898608e-18 photon=0.000000000e+00
LADDER E_rel=-1.053595101e-18 n=1.017100 type=E1 hbar_omega=2.579249905e-18 photon=0.000000000e+00
WINDOW closed t=7.532358e-13 n=1.006937 L/hbar=0.988220 e=0.191913 unpaid J=0.000e+00 L=-1.207e-02 queued=9.688255982e-19 paid=9.688255982e-19 E_open=-1.211038066e-19 E_close=-1.074970028e-18
SPLIT closed photon=7.243607e-26 rotation=-9.052817e-24 dynamics=1.496836e-20 [kin 1.576474e-18 coul -1.561505e-18 dd -4.109639e-24 cd -1.727903e-23 darwin 2.027830e-23 constr 0.000000e+00] steps=136730 capped=68915 cappedL=1.155951
LADDER E_rel=-1.075121793e-18 n=1.006866 type=E1 hbar_omega=2.887161252e-18 photon=0.000000000e+00
LADDER E_rel=-1.075121282e-18 n=1.006866 type=E1 hbar_omega=2.889459867e-18 photon=0.000000000e+00
LADDER E_rel=-1.075122606e-18 n=1.006866 type=E1 hbar_omega=2.904257816e-18 photon=0.000000000e+00
LADDER E_rel=-1.075122019e-18 n=1.006866 type=E1 hbar_omega=2.906137055e-18 photon=0.000000000e+00
LADDER E_rel=-1.075121422e-18 n=1.006866 type=E1 hbar_omega=2.907963566e-18 photon=0.000000000e+00
LADDER E_rel=-1.075120816e-18 n=1.006867 type=E1 hbar_omega=2.909736920e-18 photon=0.000000000e+00
LADDER E_rel=-1.075121471e-18 n=1.006866 type=E1 hbar_omega=2.920791830e-18 photon=0.000000000e+00
LADDER E_rel=-1.075120784e-18 n=1.006867 type=E1 hbar_omega=2.922124221e-18 photon=0.000000000e+00
LADDER E_rel=-1.075120087e-18 n=1.006867 type=E1 hbar_omega=2.923400725e-18 photon=0.000000000e+00
LADDER E_rel=-1.075119379e-18 n=1.006867 type=E1 hbar_omega=2.924620974e-18 photon=0.000000000e+00
LADDER E_rel=-1.075119334e-18 n=1.006867 type=E1 hbar_omega=2.931789633e-18 photon=0.000000000e+00
LADDER E_rel=-1.075118542e-18 n=1.006868 type=E1 hbar_omega=2.932552528e-18 photon=0.000000000e+00
LADDER E_rel=-1.075117740e-18 n=1.006868 type=E1 hbar_omega=2.933257036e-18 photon=0.000000000e+00
LADDER E_rel=-1.075117051e-18 n=1.006868 type=E1 hbar_omega=2.936852037e-18 photon=0.000000000e+00
LADDER E_rel=-1.075116163e-18 n=1.006869 type=E1 hbar_omega=2.937089668e-18 photon=0.000000000e+00
LADDER E_rel=-1.075115265e-18 n=1.006869 type=E1 hbar_omega=2.937267368e-18 photon=0.000000000e+00
LADDER E_rel=-1.075114355e-18 n=1.006870 type=E1 hbar_omega=2.937384902e-18 photon=0.000000000e+00
LADDER E_rel=-1.075112946e-18 n=1.006870 type=E1 hbar_omega=2.936956337e-18 photon=0.000000000e+00
LADDER E_rel=-1.075111951e-18 n=1.006871 type=E1 hbar_omega=2.936601536e-18 photon=0.000000000e+00
LADDER E_rel=-1.075110945e-18 n=1.006871 type=E1 hbar_omega=2.936185709e-18 photon=0.000000000e+00
LADDER E_rel=-1.075109927e-18 n=1.006872 type=E1 hbar_omega=2.935708705e-18 photon=0.000000000e+00
LADDER E_rel=-1.075107809e-18 n=1.006873 type=E1 hbar_omega=2.931257257e-18 photon=0.000000000e+00
LADDER E_rel=-1.075106709e-18 n=1.006873 type=E1 hbar_omega=2.930308513e-18 photon=0.000000000e+00
LADDER E_rel=-1.075105597e-18 n=1.006874 type=E1 hbar_omega=2.929298440e-18 photon=0.000000000e+00
LADDER E_rel=-1.075104474e-18 n=1.006874 type=E1 hbar_omega=2.928226967e-18 photon=0.000000000e+00
LADDER E_rel=-1.075101673e-18 n=1.006875 type=E1 hbar_omega=2.919804820e-18 photon=0.000000000e+00
LADDER E_rel=-1.075100471e-18 n=1.006876 type=E1 hbar_omega=2.918268281e-18 photon=0.000000000e+00
LADDER E_rel=-1.075099257e-18 n=1.006877 type=E1 hbar_omega=2.916670906e-18 photon=0.000000000e+00
LADDER E_rel=-1.075095877e-18 n=1.006878 type=E1 hbar_omega=2.904773470e-18 photon=0.000000000e+00
LADDER E_rel=-1.075094589e-18 n=1.006879 type=E1 hbar_omega=2.902722471e-18 photon=0.000000000e+00
LADDER E_rel=-1.075093291e-18 n=1.006879 type=E1 hbar_omega=2.900611827e-18 photon=0.000000000e+00
LADDER E_rel=-1.075091983e-18 n=1.006880 type=E1 hbar_omega=2.898441626e-18 photon=0.000000000e+00
LADDER E_rel=-1.075088005e-18 n=1.006882 type=E1 hbar_omega=2.882810498e-18 photon=0.000000000e+00
LADDER E_rel=-1.075086628e-18 n=1.006883 type=E1 hbar_omega=2.880204377e-18 photon=0.000000000e+00
LADDER E_rel=-1.075085242e-18 n=1.006883 type=E1 hbar_omega=2.877540566e-18 photon=0.000000000e+00
LADDER E_rel=-1.075080782e-18 n=1.006885 type=E1 hbar_omega=2.858724284e-18 photon=0.000000000e+00
LADDER E_rel=-1.075079333e-18 n=1.006886 type=E1 hbar_omega=2.855645302e-18 photon=0.000000000e+00
LADDER E_rel=-1.075077876e-18 n=1.006887 type=E1 hbar_omega=2.852511062e-18 photon=0.000000000e+00
LADDER E_rel=-1.075076411e-18 n=1.006887 type=E1 hbar_omega=2.849321801e-18 photon=0.000000000e+00
LADDER E_rel=-1.075071477e-18 n=1.006890 type=E1 hbar_omega=2.827169790e-18 photon=0.000000000e+00
LADDER E_rel=-1.075069958e-18 n=1.006890 type=E1 hbar_omega=2.823592666e-18 photon=0.000000000e+00
LADDER E_rel=-1.075068432e-18 n=1.006891 type=E1 hbar_omega=2.819963534e-18 photon=0.000000000e+00
LADDER E_rel=-1.075063138e-18 n=1.006894 type=E1 hbar_omega=2.795047192e-18 photon=0.000000000e+00
