LADDER E_rel=-1.211038066e-19 n=3.000003 type=E1 hbar_omega=8.073563060e-20 photon=1.513794478e-19
WINDOW closed t=2.232850e-13 n=2.000003 L/hbar=0.040573 e=0.999794 unpaid J=0.000e+00 L=-1.959e+00
LADDER E_rel=-2.695076356e-19 n=2.011014 type=E1 hbar_omega=3.342957189e-17 photon=7.968093394e-19
LADDER E_rel=-3.091052351e-19 n=1.877791 type=E1 hbar_omega=2.060791217e-16 photon=0.000000000e+00
LADDER E_rel=-4.107881804e-19 n=1.628889 type=E1 hbar_omega=4.201770941e-16 photon=0.000000000e+00
LADDER E_rel=-6.336766785e-19 n=1.311495 type=E1 hbar_omega=6.822360302e-16 photon=0.000000000e+00
LADDER E_rel=-1.023916029e-18 n=1.031735 type=E1 hbar_omega=9.857930724e-16 photon=0.000000000e+00
LADDER E_rel=-1.535216037e-18 n=0.842589 type=E1 hbar_omega=1.280861197e-15 photon=0.000000000e+00
LADDER E_rel=-2.027037652e-18 n=0.733280 type=E1 hbar_omega=1.513215711e-15 photon=0.000000000e+00
LADDER E_rel=-2.673661029e-18 n=0.638480 type=E1 hbar_omega=1.775225202e-15 photon=0.000000000e+00
LADDER E_rel=-3.504887745e-18 n=0.557652 type=E1 hbar_omega=2.066688322e-15 photon=0.000000000e+00
LADDER E_rel=-4.547190836e-18 n=0.489586 type=E1 hbar_omega=2.385997751e-15 photon=0.000000000e+00
LADDER E_rel=-5.818631312e-18 n=0.432803 type=E1 hbar_omega=2.729822702e-15 photon=0.000000000e+00
LADDER E_rel=-6.542092812e-18 n=0.408171 type=E1 hbar_omega=2.909348376e-15 photon=0.000000000e+00
LADDER E_rel=-7.322584993e-18 n=0.385805 type=E1 hbar_omega=3.092839829e-15 photon=0.000000000e+00
LADDER E_rel=-9.040986928e-18 n=0.347210 type=E1 hbar_omega=3.467562271e-15 photon=0.000000000e+00
LADDER E_rel=-9.967580593e-18 n=0.330678 type=E1 hbar_omega=3.656373605e-15 photon=0.000000000e+00
LADDER E_rel=-1.092833672e-17 n=0.315808 type=E1 hbar_omega=3.844323090e-15 photon=0.000000000e+00
LADDER E_rel=-1.191269530e-17 n=0.302479 type=E1 hbar_omega=4.029893144e-15 photon=0.000000000e+00
LADDER E_rel=-1.290816132e-17 n=0.290582 type=E1 hbar_omega=4.211467321e-15 photon=0.000000000e+00
LADDER E_rel=-1.390045411e-17 n=0.280018 type=E1 hbar_omega=4.387350086e-15 photon=0.000000000e+00
LADDER E_rel=-1.487375266e-17 n=0.270701 type=E1 hbar_omega=4.555790322e-15 photon=0.000000000e+00
LADDER E_rel=-1.581103440e-17 n=0.262555 type=E1 hbar_omega=4.715007987e-15 photon=0.000000000e+00
LADDER E_rel=-1.669449550e-17 n=0.255514 type=E1 hbar_omega=4.863222891e-15 photon=0.000000000e+00
LADDER E_rel=-1.750602807e-17 n=0.249521 type=E1 hbar_omega=4.998684033e-15 photon=0.000000000e+00
LADDER E_rel=-1.822771143e-17 n=0.244531 type=E1 hbar_omega=5.119697023e-15 photon=0.000000000e+00
LADDER E_rel=-1.884223936e-17 n=0.240511 type=E1 hbar_omega=5.224645380e-15 photon=0.000000000e+00
LADDER E_rel=-1.933311620e-17 n=0.237438 type=E1 hbar_omega=5.311997404e-15 photon=0.000000000e+00
LADDER E_rel=-1.968412114e-17 n=0.235311 type=E1 hbar_omega=5.380278268e-15 photon=0.000000000e+00
LADDER E_rel=-1.987315588e-17 n=0.234189 type=E1 hbar_omega=5.427940263e-15 photon=0.000000000e+00
LADDER E_rel=-1.982156237e-17 n=0.234494 type=E1 hbar_omega=5.452775622e-15 photon=0.000000000e+00
LADDER E_rel=-1.972575925e-17 n=0.235063 type=E1 hbar_omega=5.443425409e-15 photon=0.000000000e+00
LADDER E_rel=-1.955088201e-17 n=0.236112 type=E1 hbar_omega=5.427841564e-15 photon=0.000000000e+00
LADDER E_rel=-1.928119792e-17 n=0.237757 type=E1 hbar_omega=5.401047330e-15 photon=0.000000000e+00
LADDER E_rel=-1.891264187e-17 n=0.240063 type=E1 hbar_omega=5.360650921e-15 photon=0.000000000e+00
LADDER E_rel=-1.844748806e-17 n=0.243070 type=E1 hbar_omega=5.305779810e-15 photon=0.000000000e+00
LADDER E_rel=-1.725496037e-17 n=0.251330 type=E1 hbar_omega=5.152679503e-15 photon=0.000000000e+00
LADDER E_rel=-1.654727047e-17 n=0.256648 type=E1 hbar_omega=5.055475514e-15 photon=0.000000000e+00
LADDER E_rel=-1.578087098e-17 n=0.262806 type=E1 hbar_omega=4.945612909e-15 photon=0.000000000e+00
LADDER E_rel=-1.496840232e-17 n=0.269844 type=E1 hbar_omega=4.824145236e-15 photon=0.000000000e+00
LADDER E_rel=-1.412267711e-17 n=0.277806 type=E1 hbar_omega=4.692246528e-15 photon=0.000000000e+00
LADDER E_rel=-1.325626045e-17 n=0.286741 type=E1 hbar_omega=4.551173842e-15 photon=0.000000000e+00
LADDER E_rel=-1.150832669e-17 n=0.307747 type=E1 hbar_omega=4.246756650e-15 photon=0.000000000e+00
LADDER E_rel=-1.064787217e-17 n=0.319940 type=E1 hbar_omega=4.086064168e-15 photon=0.000000000e+00
LADDER E_rel=-9.808492179e-18 n=0.333349 type=E1 hbar_omega=3.921453609e-15 photon=0.000000000e+00
LADDER E_rel=-8.221259071e-18 n=0.364109 type=E1 hbar_omega=3.585417978e-15 photon=0.000000000e+00
LADDER E_rel=-6.789910740e-18 n=0.400653 type=E1 hbar_omega=3.247836269e-15 photon=0.000000000e+00
LADDER E_rel=-5.537755731e-18 n=0.443643 type=E1 hbar_omega=2.916569831e-15 photon=0.000000000e+00
LADDER E_rel=-4.471328571e-18 n=0.493722 type=E1 hbar_omega=2.597976340e-15 photon=0.000000000e+00
LADDER E_rel=-3.584486627e-18 n=0.551426 type=E1 hbar_omega=2.296878426e-15 photon=0.000000000e+00
LADDER E_rel=-2.557474816e-18 n=0.652822 type=E1 hbar_omega=1.885036319e-15 photon=0.000000000e+00
LADDER E_rel=-1.833675004e-18 n=0.770973 type=E1 hbar_omega=1.525880251e-15 photon=0.000000000e+00
LADDER E_rel=-1.217942151e-18 n=0.945991 type=E1 hbar_omega=1.130059052e-15 photon=0.000000000e+00
LADDER E_rel=-8.103037522e-19 n=1.159783 type=E1 hbar_omega=7.575885193e-16 photon=0.000000000e+00
LADDER E_rel=-5.675545997e-19 n=1.385788 type=E1 hbar_omega=3.830852917e-16 photon=0.000000000e+00
LADDER E_rel=-5.096436621e-19 n=1.462404 type=E1 hbar_omega=8.197726240e-17 photon=0.000000000e+00
WINDOW closed t=2.245100e-13 n=1.049320 L/hbar=0.570962 e=0.839004 unpaid J=4.696e-01 L=-4.696e-01
LADDER E_rel=-9.909473783e-19 n=1.048758 type=E1 hbar_omega=1.837538300e-17 photon=0.000000000e+00
LADDER E_rel=-9.899329082e-19 n=1.049295 type=E1 hbar_omega=8.279207567e-19 photon=0.000000000e+00
LADDER E_rel=-9.916620763e-19 n=1.048380 type=E1 hbar_omega=2.483134330e-17 photon=0.000000000e+00
LADDER E_rel=-9.919637177e-19 n=1.048220 type=E1 hbar_omega=2.509051946e-17 photon=0.000000000e+00
LADDER E_rel=-9.895939641e-19 n=1.049475 type=E1 hbar_omega=4.392437356e-18 photon=0.000000000e+00
LADDER E_rel=-9.901971322e-19 n=1.049155 type=E1 hbar_omega=1.663744988e-17 photon=0.000000000e+00
LADDER E_rel=-9.925070640e-19 n=1.047934 type=E1 hbar_omega=2.873900230e-17 photon=0.000000000e+00
LADDER E_rel=-9.897877794e-19 n=1.049372 type=E1 hbar_omega=1.226151138e-17 photon=0.000000000e+00
LADDER E_rel=-9.893952937e-19 n=1.049580 type=E1 hbar_omega=6.399148754e-18 photon=0.000000000e+00
LADDER E_rel=-9.921012834e-19 n=1.048148 type=E1 hbar_omega=2.839853141e-17 photon=0.000000000e+00
LADDER E_rel=-9.906009706e-19 n=1.048941 type=E1 hbar_omega=1.977996090e-17 photon=0.000000000e+00
LADDER E_rel=-9.893720017e-19 n=1.049593 type=E1 hbar_omega=7.892053757e-19 photon=0.000000000e+00
LADDER E_rel=-9.908766759e-19 n=1.048795 type=E1 hbar_omega=2.367564619e-17 photon=0.000000000e+00
LADDER E_rel=-9.916117614e-19 n=1.048406 type=E1 hbar_omega=2.612394617e-17 photon=0.000000000e+00
LADDER E_rel=-9.890265139e-19 n=1.049776 type=E1 hbar_omega=5.626093720e-18 photon=0.000000000e+00
LADDER E_rel=-9.895107800e-19 n=1.049519 type=E1 hbar_omega=1.546584598e-17 photon=0.000000000e+00
LADDER E_rel=-9.919992512e-19 n=1.048202 type=E1 hbar_omega=2.905512856e-17 photon=0.000000000e+00
LADDER E_rel=-9.893172250e-19 n=1.049622 type=E1 hbar_omega=1.328844170e-17 photon=0.000000000e+00
LADDER E_rel=-9.888202150e-19 n=1.049885 type=E1 hbar_omega=4.781648866e-18 photon=0.000000000e+00
LADDER E_rel=-9.914030320e-19 n=1.048517 type=E1 hbar_omega=2.787276948e-17 photon=0.000000000e+00
LADDER E_rel=-9.902291967e-19 n=1.049138 type=E1 hbar_omega=2.087711429e-17 photon=0.000000000e+00
LADDER E_rel=-9.887870933e-19 n=1.049903 type=E1 hbar_omega=1.089502957e-18 photon=0.000000000e+00
LADDER E_rel=-9.901409791e-19 n=1.049185 type=E1 hbar_omega=2.272993365e-17 photon=0.000000000e+00
LADDER E_rel=-9.911934115e-19 n=1.048628 type=E1 hbar_omega=2.684031671e-17 photon=0.000000000e+00
LADDER E_rel=-9.884790956e-19 n=1.050066 type=E1 hbar_omega=6.531242836e-18 photon=0.000000000e+00
LADDER E_rel=-9.887276870e-19 n=1.049934 type=E1 hbar_omega=1.304333645e-17 photon=0.000000000e+00
LADDER E_rel=-9.914478097e-19 n=1.048493 type=E1 hbar_omega=2.918773880e-17 photon=0.000000000e+00
LADDER E_rel=-9.889410205e-19 n=1.049821 type=E1 hbar_omega=1.493066614e-17 photon=0.000000000e+00
LADDER E_rel=-9.882844185e-19 n=1.050170 type=E1 hbar_omega=3.414154156e-18 photon=0.000000000e+00
LADDER E_rel=-9.907053650e-19 n=1.048886 type=E1 hbar_omega=2.741259134e-17 photon=0.000000000e+00
LADDER E_rel=-9.899439440e-19 n=1.049289 type=E1 hbar_omega=2.253834427e-17 photon=0.000000000e+00
LADDER E_rel=-9.881704548e-19 n=1.050230 type=E1 hbar_omega=1.651615838e-18 photon=0.000000000e+00
LADDER E_rel=-9.892989574e-19 n=1.049631 type=E1 hbar_omega=2.118110789e-17 photon=0.000000000e+00
LADDER E_rel=-9.907076666e-19 n=1.048885 type=E1 hbar_omega=2.729401007e-17 photon=0.000000000e+00
LADDER E_rel=-9.879463288e-19 n=1.050350 type=E1 hbar_omega=7.930241751e-18 photon=0.000000000e+00
LADDER E_rel=-9.880522348e-19 n=1.050293 type=E1 hbar_omega=1.177783935e-17 photon=0.000000000e+00
LADDER E_rel=-9.908283126e-19 n=1.048821 type=E1 hbar_omega=2.920510222e-17 photon=0.000000000e+00
LADDER E_rel=-9.885541684e-19 n=1.050027 type=E1 hbar_omega=1.635547176e-17 photon=0.000000000e+00
LADDER E_rel=-9.877613875e-19 n=1.050448 type=E1 hbar_omega=2.214444598e-18 photon=0.000000000e+00
LADDER E_rel=-9.899274376e-19 n=1.049298 type=E1 hbar_omega=2.649470839e-17 photon=0.000000000e+00
LADDER E_rel=-9.894673071e-19 n=1.049542 type=E1 hbar_omega=2.300208409e-17 photon=0.000000000e+00
LADDER E_rel=-9.875505016e-19 n=1.050560 type=E1 hbar_omega=2.519663069e-18 photon=0.000000000e+00
LADDER E_rel=-9.885229729e-19 n=1.050043 type=E1 hbar_omega=1.988928381e-17 photon=0.000000000e+00
LADDER E_rel=-9.902741775e-19 n=1.049114 type=E1 hbar_omega=2.801801239e-17 photon=0.000000000e+00
LADDER E_rel=-9.874636041e-19 n=1.050606 type=E1 hbar_omega=9.352934922e-18 photon=0.000000000e+00
LADDER E_rel=-9.873805357e-19 n=1.050650 type=E1 hbar_omega=9.554388896e-18 photon=0.000000000e+00
LADDER E_rel=-9.901993136e-19 n=1.049154 type=E1 hbar_omega=2.903926897e-17 photon=0.000000000e+00
LADDER E_rel=-9.881546157e-19 n=1.050239 type=E1 hbar_omega=1.752177633e-17 photon=0.000000000e+00
LADDER E_rel=-9.872433130e-19 n=1.050723 type=E1 hbar_omega=1.238010613e-18 photon=0.000000000e+00
LADDER E_rel=-9.891731795e-19 n=1.049698 type=E1 hbar_omega=2.566542259e-17 photon=0.000000000e+00
LADDER E_rel=-9.890865917e-19 n=1.049744 type=E1 hbar_omega=2.400544387e-17 photon=0.000000000e+00
LADDER E_rel=-9.869448475e-19 n=1.050882 type=E1 hbar_omega=3.376738474e-18 photon=0.000000000e+00
LADDER E_rel=-9.877118164e-19 n=1.050474 type=E1 hbar_omega=1.801506675e-17 photon=0.000000000e+00
LADDER E_rel=-9.898100045e-19 n=1.049360 type=E1 hbar_omega=2.846718574e-17 photon=0.000000000e+00
LADDER E_rel=-9.869942058e-19 n=1.050856 type=E1 hbar_omega=1.073275370e-17 photon=0.000000000e+00
LADDER E_rel=-9.867573257e-19 n=1.050982 type=E1 hbar_omega=7.840210371e-18 photon=0.000000000e+00
LADDER E_rel=-9.895616651e-19 n=1.049492 type=E1 hbar_omega=2.881184313e-17 photon=0.000000000e+00
LADDER E_rel=-9.877217444e-19 n=1.050469 type=E1 hbar_omega=1.839927036e-17 photon=0.000000000e+00
LADDER E_rel=-9.867068618e-19 n=1.051009 type=E1 hbar_omega=7.978302259e-19 photon=0.000000000e+00
LADDER E_rel=-9.884716879e-19 n=1.050070 type=E1 hbar_omega=2.500805857e-17 photon=0.000000000e+00
LADDER E_rel=-9.888072935e-19 n=1.049892 type=E1 hbar_omega=2.545167870e-17 photon=0.000000000e+00
LADDER E_rel=-9.863587418e-19 n=1.051195 type=E1 hbar_omega=4.456127089e-18 photon=0.000000000e+00
LADDER E_rel=-9.869391707e-19 n=1.050885 type=E1 hbar_omega=1.645110707e-17 photon=0.000000000e+00
LADDER E_rel=-9.893097501e-19 n=1.049626 type=E1 hbar_omega=2.897723869e-17 photon=0.000000000e+00
LADDER E_rel=-9.865270036e-19 n=1.051105 type=E1 hbar_omega=1.199541041e-17 photon=0.000000000e+00
LADDER E_rel=-9.861724108e-19 n=1.051294 type=E1 hbar_omega=6.115935998e-18 photon=0.000000000e+00
LADDER E_rel=-9.889605068e-19 n=1.049811 type=E1 hbar_omega=2.861368137e-17 photon=0.000000000e+00
LADDER E_rel=-9.874163262e-19 n=1.050631 type=E1 hbar_omega=1.987888386e-17 photon=0.000000000e+00
LADDER E_rel=-9.861620203e-19 n=1.051299 type=E1 hbar_omega=8.360683676e-19 photon=0.000000000e+00
LADDER E_rel=-9.877007017e-19 n=1.050480 type=E1 hbar_omega=2.380359751e-17 photon=0.000000000e+00
LADDER E_rel=-9.884880559e-19 n=1.050062 type=E1 hbar_omega=2.649952617e-17 photon=0.000000000e+00
LADDER E_rel=-9.858356395e-19 n=1.051473 type=E1 hbar_omega=5.743289651e-18 photon=0.000000000e+00
LADDER E_rel=-9.862117432e-19 n=1.051273 type=E1 hbar_omega=1.440922906e-17 photon=0.000000000e+00
LADDER E_rel=-9.888051168e-19 n=1.049893 type=E1 hbar_omega=2.906292040e-17 photon=0.000000000e+00
LADDER E_rel=-9.861881414e-19 n=1.051285 type=E1 hbar_omega=1.390707681e-17 photon=0.000000000e+00
LADDER E_rel=-9.856341310e-19 n=1.051581 type=E1 hbar_omega=4.236464109e-18 photon=0.000000000e+00
LADDER E_rel=-9.882546482e-19 n=1.050186 type=E1 hbar_omega=2.809939156e-17 photon=0.000000000e+00
LADDER E_rel=-9.870545066e-19 n=1.050824 type=E1 hbar_omega=2.108131662e-17 photon=0.000000000e+00
LADDER E_rel=-9.855634840e-19 n=1.051619 type=E1 hbar_omega=1.252924016e-18 photon=0.000000000e+00
LADDER E_rel=-9.867865889e-19 n=1.050967 type=E1 hbar_omega=2.192026362e-17 photon=0.000000000e+00
LADDER E_rel=-9.880631549e-19 n=1.050287 type=E1 hbar_omega=2.724787843e-17 photon=0.000000000e+00
LADDER E_rel=-9.852874804e-19 n=1.051766 type=E1 hbar_omega=7.227240216e-18 photon=0.000000000e+00
LADDER E_rel=-9.854885610e-19 n=1.051659 type=E1 hbar_omega=1.271708999e-17 photon=0.000000000e+00
LADDER E_rel=-9.882169700e-19 n=1.050206 type=E1 hbar_omega=2.922906562e-17 photon=0.000000000e+00
LADDER E_rel=-9.857125613e-19 n=1.051539 type=E1 hbar_omega=1.483504795e-17 photon=0.000000000e+00
LADDER E_rel=-9.850873864e-19 n=1.051873 type=E1 hbar_omega=2.812439724e-18 photon=0.000000000e+00
LADDER E_rel=-9.874106608e-19 n=1.050634 type=E1 hbar_omega=2.707023235e-17 photon=0.000000000e+00
LADDER E_rel=-9.867870896e-19 n=1.050966 type=E1 hbar_omega=2.284772927e-17 photon=0.000000000e+00
LADDER E_rel=-9.849302770e-19 n=1.051957 type=E1 hbar_omega=2.002009213e-18 photon=0.000000000e+00
LADDER E_rel=-9.859300135e-19 n=1.051423 type=E1 hbar_omega=2.023370676e-17 photon=0.000000000e+00
LADDER E_rel=-9.875739837e-19 n=1.050548 type=E1 hbar_omega=2.772859147e-17 photon=0.000000000e+00
LADDER E_rel=-9.847716805e-19 n=1.052041 type=E1 hbar_omega=8.827144548e-18 photon=0.000000000e+00
LADDER E_rel=-9.847744086e-19 n=1.052040 type=E1 hbar_omega=1.071202848e-17 photon=0.000000000e+00
LADDER E_rel=-9.875932944e-19 n=1.050537 type=E1 hbar_omega=2.918620359e-17 photon=0.000000000e+00
LADDER E_rel=-9.853294449e-19 n=1.051743 type=E1 hbar_omega=1.636052854e-17 photon=0.000000000e+00
LADDER E_rel=-9.845631548e-19 n=1.052153 type=E1 hbar_omega=1.635101869e-18 photon=0.000000000e+00
LADDER E_rel=-9.866122416e-19 n=1.051059 type=E1 hbar_omega=2.602025461e-17 photon=0.000000000e+00
LADDER E_rel=-9.864874771e-19 n=1.051126 type=E1 hbar_omega=2.420931433e-17 photon=0.000000000e+00
LADDER E_rel=-9.843426951e-19 n=1.052270 type=E1 hbar_omega=2.929856417e-18 photon=0.000000000e+00
LADDER E_rel=-9.852054387e-19 n=1.051810 type=E1 hbar_omega=1.885470580e-17 photon=0.000000000e+00
LADDER E_rel=-9.871763332e-19 n=1.050759 type=E1 hbar_omega=2.839721148e-17 photon=0.000000000e+00
LADDER E_rel=-9.843634114e-19 n=1.052259 type=E1 hbar_omega=1.043498188e-17 photon=0.000000000e+00
LADDER E_rel=-9.841863587e-19 n=1.052354 type=E1 hbar_omega=8.595621491e-18 photon=0.000000000e+00
LADDER E_rel=-9.870346153e-19 n=1.050835 type=E1 hbar_omega=2.896908627e-17 photon=0.000000000e+00
LADDER E_rel=-9.851610898e-19 n=1.051833 type=E1 hbar_omega=1.851654308e-17 photon=0.000000000e+00
LADDER E_rel=-9.841166265e-19 n=1.052391 type=E1 hbar_omega=8.979164365e-19 photon=0.000000000e+00
LADDER E_rel=-9.859058375e-19 n=1.051436 type=E1 hbar_omega=2.507230227e-17 photon=0.000000000e+00
LADDER E_rel=-9.861851969e-19 n=1.051287 type=E1 hbar_omega=2.522841599e-17 photon=0.000000000e+00
LADDER E_rel=-9.837880314e-19 n=1.052567 type=E1 hbar_omega=4.286159090e-18 photon=0.000000000e+00
LADDER E_rel=-9.844212953e-19 n=1.052228 type=E1 hbar_omega=1.688704481e-17 photon=0.000000000e+00
LADDER E_rel=-9.867161093e-19 n=1.051004 type=E1 hbar_omega=2.880078830e-17 photon=0.000000000e+00
LADDER E_rel=-9.839612033e-19 n=1.052474 type=E1 hbar_omega=1.202549587e-17 photon=0.000000000e+00
LADDER E_rel=-9.836074612e-19 n=1.052664 type=E1 hbar_omega=6.516347650e-18 photon=0.000000000e+00
LADDER E_rel=-9.864089682e-19 n=1.051168 type=E1 hbar_omega=2.867016001e-17 photon=0.000000000e+00
LADDER E_rel=-9.847880893e-19 n=1.052032 type=E1 hbar_omega=1.951853313e-17 photon=0.000000000e+00
LADDER E_rel=-9.836171977e-19 n=1.052658 type=E1 hbar_omega=7.764047565e-19 photon=0.000000000e+00
LADDER E_rel=-9.850813802e-19 n=1.051876 type=E1 hbar_omega=2.348973954e-17 photon=0.000000000e+00
LADDER E_rel=-9.858178729e-19 n=1.051483 type=E1 hbar_omega=2.595143061e-17 photon=0.000000000e+00
LADDER E_rel=-9.832722558e-19 n=1.052843 type=E1 hbar_omega=5.721693108e-18 photon=0.000000000e+00
LADDER E_rel=-9.837456177e-19 n=1.052590 type=E1 hbar_omega=1.524518524e-17 photon=0.000000000e+00
LADDER E_rel=-9.862501341e-19 n=1.051252 type=E1 hbar_omega=2.901692855e-17 photon=0.000000000e+00
LADDER E_rel=-9.836095854e-19 n=1.052663 type=E1 hbar_omega=1.350448542e-17 photon=0.000000000e+00
LADDER E_rel=-9.831096751e-19 n=1.052930 type=E1 hbar_omega=4.682207644e-18 photon=0.000000000e+00
LADDER E_rel=-9.857195844e-19 n=1.051535 type=E1 hbar_omega=2.797189744e-17 photon=0.000000000e+00
LADDER E_rel=-9.845663245e-19 n=1.052151 type=E1 hbar_omega=2.114811123e-17 photon=0.000000000e+00
LADDER E_rel=-9.830684267e-19 n=1.052952 type=E1 hbar_omega=1.180102764e-18 photon=0.000000000e+00
LADDER E_rel=-9.843073235e-19 n=1.052289 type=E1 hbar_omega=2.203669155e-17 photon=0.000000000e+00
LADDER E_rel=-9.855218772e-19 n=1.051641 type=E1 hbar_omega=2.704360259e-17 photon=0.000000000e+00
LADDER E_rel=-9.827949143e-19 n=1.053099 type=E1 hbar_omega=6.930471712e-18 photon=0.000000000e+00
LADDER E_rel=-9.830556014e-19 n=1.052959 type=E1 hbar_omega=1.314614207e-17 photon=0.000000000e+00
LADDER E_rel=-9.857662015e-19 n=1.051510 type=E1 hbar_omega=2.921730970e-17 photon=0.000000000e+00
LADDER E_rel=-9.832647397e-19 n=1.052847 type=E1 hbar_omega=1.482320167e-17 photon=0.000000000e+00
LADDER E_rel=-9.826347488e-19 n=1.053185 type=E1 hbar_omega=3.002410206e-18 photon=0.000000000e+00
LADDER E_rel=-9.850126387e-19 n=1.051913 type=E1 hbar_omega=2.719586611e-17 photon=0.000000000e+00
LADDER E_rel=-9.842876665e-19 n=1.052300 type=E1 hbar_omega=2.246851626e-17 photon=0.000000000e+00
LADDER E_rel=-9.825230254e-19 n=1.053244 type=E1 hbar_omega=1.915771611e-18 photon=0.000000000e+00
LADDER E_rel=-9.836218989e-19 n=1.052656 type=E1 hbar_omega=2.079791990e-17 photon=0.000000000e+00
LADDER E_rel=-9.851929977e-19 n=1.051816 type=E1 hbar_omega=2.779717095e-17 photon=0.000000000e+00
LADDER E_rel=-9.823909349e-19 n=1.053315 type=E1 hbar_omega=8.781061508e-18 photon=0.000000000e+00
LADDER E_rel=-9.824144369e-19 n=1.053303 type=E1 hbar_omega=1.075257504e-17 photon=0.000000000e+00
LADDER E_rel=-9.852561288e-19 n=1.051783 type=E1 hbar_omega=2.920865034e-17 photon=0.000000000e+00
LADDER E_rel=-9.830429567e-19 n=1.052966 type=E1 hbar_omega=1.682313865e-17 photon=0.000000000e+00
LADDER E_rel=-9.822313289e-19 n=1.053401 type=E1 hbar_omega=1.584489717e-18 photon=0.000000000e+00
LADDER E_rel=-9.843766363e-19 n=1.052252 type=E1 hbar_omega=2.645761148e-17 photon=0.000000000e+00
LADDER E_rel=-9.840186714e-19 n=1.052444 type=E1 hbar_omega=2.349534810e-17 photon=0.000000000e+00
LADDER E_rel=-9.820023253e-19 n=1.053524 type=E1 hbar_omega=3.126457126e-18 photon=0.000000000e+00
LADDER E_rel=-9.828805124e-19 n=1.053053 type=E1 hbar_omega=1.891175448e-17 photon=0.000000000e+00
LADDER E_rel=-9.848258861e-19 n=1.052012 type=E1 hbar_omega=2.829476333e-17 photon=0.000000000e+00
LADDER E_rel=-9.820084467e-19 n=1.053520 type=E1 hbar_omega=1.011436177e-17 photon=0.000000000e+00
LADDER E_rel=-9.818442189e-19 n=1.053608 type=E1 hbar_omega=8.296392102e-18 photon=0.000000000e+00
LADDER E_rel=-9.846748355e-19 n=1.052093 type=E1 hbar_omega=2.889258558e-17 photon=0.000000000e+00
LADDER E_rel=-9.828463206e-19 n=1.053071 type=E1 hbar_omega=1.864014893e-17 photon=0.000000000e+00
LADDER E_rel=-9.818079962e-19 n=1.053628 type=E1 hbar_omega=8.490835998e-19 photon=0.000000000e+00
LADDER E_rel=-9.836200237e-19 n=1.052657 type=E1 hbar_omega=2.511635786e-17 photon=0.000000000e+00
LADDER E_rel=-9.838492178e-19 n=1.052534 type=E1 hbar_omega=2.503094317e-17 photon=0.000000000e+00
LADDER E_rel=-9.815040120e-19 n=1.053791 type=E1 hbar_omega=4.453376780e-18 photon=0.000000000e+00
LADDER E_rel=-9.821019516e-19 n=1.053470 type=E1 hbar_omega=1.642820535e-17 photon=0.000000000e+00
LADDER E_rel=-9.844645318e-19 n=1.052205 type=E1 hbar_omega=2.889100283e-17 photon=0.000000000e+00
LADDER E_rel=-9.817039394e-19 n=1.053684 type=E1 hbar_omega=1.213765925e-17 photon=0.000000000e+00
LADDER E_rel=-9.813392520e-19 n=1.053879 type=E1 hbar_omega=6.445427624e-18 photon=0.000000000e+00
LADDER E_rel=-9.840466187e-19 n=1.052429 type=E1 hbar_omega=2.833764486e-17 photon=0.000000000e+00
LADDER E_rel=-9.826358429e-19 n=1.053184 type=E1 hbar_omega=2.021673874e-17 photon=0.000000000e+00
LADDER E_rel=-9.813443029e-19 n=1.053877 type=E1 hbar_omega=8.015179221e-19 photon=0.000000000e+00
LADDER E_rel=-9.828933643e-19 n=1.053046 type=E1 hbar_omega=2.382910841e-17 photon=0.000000000e+00
LADDER E_rel=-9.836159774e-19 n=1.052659 type=E1 hbar_omega=2.620635254e-17 photon=0.000000000e+00
LADDER E_rel=-9.810377277e-19 n=1.054041 type=E1 hbar_omega=5.792871939e-18 photon=0.000000000e+00
LADDER E_rel=-9.814176967e-19 n=1.053837 type=E1 hbar_omega=1.428940298e-17 photon=0.000000000e+00
LADDER E_rel=-9.840290589e-19 n=1.052438 type=E1 hbar_omega=2.916771820e-17 photon=0.000000000e+00
LADDER E_rel=-9.813570015e-19 n=1.053870 type=E1 hbar_omega=1.333867619e-17 photon=0.000000000e+00
LADDER E_rel=-9.808824139e-19 n=1.054125 type=E1 hbar_omega=4.138431536e-18 photon=0.000000000e+00
LADDER E_rel=-9.834119660e-19 n=1.052768 type=E1 hbar_omega=2.768402595e-17 photon=0.000000000e+00
LADDER E_rel=-9.823950030e-19 n=1.053313 type=E1 hbar_omega=2.151884956e-17 photon=0.000000000e+00
LADDER E_rel=-9.808410228e-19 n=1.054147 type=E1 hbar_omega=1.320967116e-18 photon=0.000000000e+00
LADDER E_rel=-9.820723591e-19 n=1.053486 type=E1 hbar_omega=2.184369165e-17 photon=0.000000000e+00
LADDER E_rel=-9.833233088e-19 n=1.052816 type=E1 hbar_omega=2.706333914e-17 photon=0.000000000e+00
LADDER E_rel=-9.806050126e-19 n=1.054274 type=E1 hbar_omega=7.356974466e-18 photon=0.000000000e+00
LADDER E_rel=-9.808037511e-19 n=1.054167 type=E1 hbar_omega=1.251017660e-17 photon=0.000000000e+00
LADDER E_rel=-9.835545184e-19 n=1.052692 type=E1 hbar_omega=2.923312632e-17 photon=0.000000000e+00
LADDER E_rel=-9.811088504e-19 n=1.054003 type=E1 hbar_omega=1.522124848e-17 photon=0.000000000e+00
LADDER E_rel=-9.804640925e-19 n=1.054350 type=E1 hbar_omega=2.550516022e-18 photon=0.000000000e+00
LADDER E_rel=-9.827880911e-19 n=1.053102 type=E1 hbar_omega=2.703782014e-17 photon=0.000000000e+00
LADDER E_rel=-9.821143223e-19 n=1.053464 type=E1 hbar_omega=2.254559781e-17 photon=0.000000000e+00
LADDER E_rel=-9.803125369e-19 n=1.054431 type=E1 hbar_omega=2.319173459e-18 photon=0.000000000e+00
LADDER E_rel=-9.813124488e-19 n=1.053894 type=E1 hbar_omega=2.000847921e-17 photon=0.000000000e+00
LADDER E_rel=-9.830695695e-19 n=1.052952 type=E1 hbar_omega=2.812457644e-17 photon=0.000000000e+00
LADDER E_rel=-9.802204130e-19 n=1.054481 type=E1 hbar_omega=9.099022788e-18 photon=0.000000000e+00
LADDER E_rel=-9.801763299e-19 n=1.054504 type=E1 hbar_omega=9.772794109e-18 photon=0.000000000e+00
LADDER E_rel=-9.830583320e-19 n=1.052958 type=E1 hbar_omega=2.918220506e-17 photon=0.000000000e+00
LADDER E_rel=-9.808757139e-19 n=1.054128 type=E1 hbar_omega=1.695588679e-17 photon=0.000000000e+00
LADDER E_rel=-9.800620670e-19 n=1.054566 type=E1 hbar_omega=1.267786489e-18 photon=0.000000000e+00
LADDER E_rel=-9.820487919e-19 n=1.053499 type=E1 hbar_omega=2.582500485e-17 photon=0.000000000e+00
LADDER E_rel=-9.819509572e-19 n=1.053551 type=E1 hbar_omega=2.412726938e-17 photon=0.000000000e+00
LADDER E_rel=-9.798031148e-19 n=1.054705 type=E1 hbar_omega=3.500130569e-18 photon=0.000000000e+00
LADDER E_rel=-9.806239224e-19 n=1.054264 type=E1 hbar_omega=1.839842594e-17 photon=0.000000000e+00
LADDER E_rel=-9.826646046e-19 n=1.053169 type=E1 hbar_omega=2.844694606e-17 photon=0.000000000e+00
LADDER E_rel=-9.798810499e-19 n=1.054663 type=E1 hbar_omega=1.095109440e-17 photon=0.000000000e+00
LADDER E_rel=-9.796380442e-19 n=1.054794 type=E1 hbar_omega=7.659363041e-18 photon=0.000000000e+00
LADDER E_rel=-9.824843259e-19 n=1.053265 type=E1 hbar_omega=2.888850639e-17 photon=0.000000000e+00
LADDER E_rel=-9.807768923e-19 n=1.054182 type=E1 hbar_omega=1.939842171e-17 photon=0.000000000e+00
LADDER E_rel=-9.796276492e-19 n=1.054800 type=E1 hbar_omega=7.514584273e-19 photon=0.000000000e+00
LADDER E_rel=-9.813285134e-19 n=1.053885 type=E1 hbar_omega=2.463889743e-17 photon=0.000000000e+00
LADDER E_rel=-9.817252095e-19 n=1.053672 type=E1 hbar_omega=2.536820027e-17 photon=0.000000000e+00
LADDER E_rel=-9.793073999e-19 n=1.054972 type=E1 hbar_omega=4.879893743e-18 photon=0.000000000e+00
LADDER E_rel=-9.798838204e-19 n=1.054662 type=E1 hbar_omega=1.620266990e-17 photon=0.000000000e+00
LADDER E_rel=-9.822739178e-19 n=1.053378 type=E1 hbar_omega=2.890973314e-17 photon=0.000000000e+00
LADDER E_rel=-9.795755629e-19 n=1.054828 type=E1 hbar_omega=1.282132301e-17 photon=0.000000000e+00
LADDER E_rel=-9.791416048e-19 n=1.055062 type=E1 hbar_omega=5.299322289e-18 photon=0.000000000e+00
LADDER E_rel=-9.817769102e-19 n=1.053645 type=E1 hbar_omega=2.805114289e-17 photon=0.000000000e+00
LADDER E_rel=-9.805168928e-19 n=1.054321 type=E1 hbar_omega=2.067186062e-17 photon=0.000000000e+00
LADDER E_rel=-9.791332374e-19 n=1.055066 type=E1 hbar_omega=9.903122478e-19 photon=0.000000000e+00
LADDER E_rel=-9.805014796e-19 n=1.054330 type=E1 hbar_omega=2.275935937e-17 photon=0.000000000e+00
LADDER E_rel=-9.815650083e-19 n=1.053758 type=E1 hbar_omega=2.692098346e-17 photon=0.000000000e+00
LADDER E_rel=-9.788573913e-19 n=1.055215 type=E1 hbar_omega=6.657378215e-18 photon=0.000000000e+00
LADDER E_rel=-9.791584786e-19 n=1.055052 type=E1 hbar_omega=1.355430053e-17 photon=0.000000000e+00
LADDER E_rel=-9.818330714e-19 n=1.053614 type=E1 hbar_omega=2.922412082e-17 photon=0.000000000e+00
LADDER E_rel=-9.793057082e-19 n=1.054973 type=E1 hbar_omega=1.462471859e-17 photon=0.000000000e+00
LADDER E_rel=-9.787090639e-19 n=1.055295 type=E1 hbar_omega=3.251526554e-18 photon=0.000000000e+00
LADDER E_rel=-9.811679958e-19 n=1.053971 type=E1 hbar_omega=2.749699908e-17 photon=0.000000000e+00
LADDER E_rel=-9.803850133e-19 n=1.054392 type=E1 hbar_omega=2.255083519e-17 photon=0.000000000e+00
LADDER E_rel=-9.786150643e-19 n=1.055345 type=E1 hbar_omega=1.765933452e-18 photon=0.000000000e+00
LADDER E_rel=-9.797358132e-19 n=1.054742 type=E1 hbar_omega=2.099591251e-17 photon=0.000000000e+00
LADDER E_rel=-9.812152220e-19 n=1.053946 type=E1 hbar_omega=2.750521259e-17 photon=0.000000000e+00
LADDER E_rel=-9.784444318e-19 n=1.055437 type=E1 hbar_omega=8.231612870e-18 photon=0.000000000e+00
LADDER E_rel=-9.784907810e-19 n=1.055412 type=E1 hbar_omega=1.068996745e-17 photon=0.000000000e+00
LADDER E_rel=-9.813460685e-19 n=1.053876 type=E1 hbar_omega=2.922344371e-17 photon=0.000000000e+00
LADDER E_rel=-9.790498072e-19 n=1.055111 type=E1 hbar_omega=1.628833920e-17 photon=0.000000000e+00
LADDER E_rel=-9.783089133e-19 n=1.055510 type=E1 hbar_omega=1.633852903e-18 photon=0.000000000e+00
LADDER E_rel=-9.804446083e-19 n=1.054360 type=E1 hbar_omega=2.641200849e-17 photon=0.000000000e+00
LADDER E_rel=-9.802082790e-19 n=1.054487 type=E1 hbar_omega=2.409098327e-17 photon=0.000000000e+00
LADDER E_rel=-9.780860484e-19 n=1.055631 type=E1 hbar_omega=2.986771703e-18 photon=0.000000000e+00
LADDER E_rel=-9.789114767e-19 n=1.055186 type=E1 hbar_omega=1.856789652e-17 photon=0.000000000e+00
LADDER E_rel=-9.809072865e-19 n=1.054112 type=E1 hbar_omega=2.831680777e-17 photon=0.000000000e+00
LADDER E_rel=-9.781194931e-19 n=1.055613 type=E1 hbar_omega=1.059479346e-17 photon=0.000000000e+00
LADDER E_rel=-9.779257658e-19 n=1.055717 type=E1 hbar_omega=8.445594663e-18 photon=0.000000000e+00
LADDER E_rel=-9.807997969e-19 n=1.054169 type=E1 hbar_omega=2.902898910e-17 photon=0.000000000e+00
LADDER E_rel=-9.789287121e-19 n=1.055176 type=E1 hbar_omega=1.866620874e-17 photon=0.000000000e+00
LADDER E_rel=-9.778891519e-19 n=1.055737 type=E1 hbar_omega=8.269407280e-19 photon=0.000000000e+00
LADDER E_rel=-9.795898238e-19 n=1.054820 type=E1 hbar_omega=2.460036711e-17 photon=0.000000000e+00
LADDER E_rel=-9.799796521e-19 n=1.054610 type=E1 hbar_omega=2.529274410e-17 photon=0.000000000e+00
LADDER E_rel=-9.775815705e-19 n=1.055903 type=E1 hbar_omega=4.450605394e-18 photon=0.000000000e+00
LADDER E_rel=-9.781772352e-19 n=1.055581 type=E1 hbar_omega=1.640981794e-17 photon=0.000000000e+00
LADDER E_rel=-9.805269934e-19 n=1.054316 type=E1 hbar_omega=2.880613700e-17 photon=0.000000000e+00
LADDER E_rel=-9.778048849e-19 n=1.055782 type=E1 hbar_omega=1.238510517e-17 photon=0.000000000e+00
LADDER E_rel=-9.774133048e-19 n=1.055994 type=E1 hbar_omega=5.884550899e-18 photon=0.000000000e+00
LADDER E_rel=-9.801248075e-19 n=1.054532 type=E1 hbar_omega=2.834084467e-17 photon=0.000000000e+00
LADDER E_rel=-9.786568377e-19 n=1.055323 type=E1 hbar_omega=1.989092924e-17 photon=0.000000000e+00
LADDER E_rel=-9.774105100e-19 n=1.055995 type=E1 hbar_omega=8.718931384e-19 photon=0.000000000e+00
LADDER E_rel=-9.789235441e-19 n=1.055179 type=E1 hbar_omega=2.357972996e-17 photon=0.000000000e+00
LADDER E_rel=-9.796892297e-19 n=1.054767 type=E1 hbar_omega=2.618577949e-17 photon=0.000000000e+00
LADDER E_rel=-9.771156126e-19 n=1.056155 type=E1 hbar_omega=6.054397419e-18 photon=0.000000000e+00
LADDER E_rel=-9.774476591e-19 n=1.055975 type=E1 hbar_omega=1.378934821e-17 photon=0.000000000e+00
LADDER E_rel=-9.801078949e-19 n=1.054541 type=E1 hbar_omega=2.919594429e-17 photon=0.000000000e+00
LADDER E_rel=-9.775182753e-19 n=1.055937 type=E1 hbar_omega=1.411246397e-17 photon=0.000000000e+00
LADDER E_rel=-9.769707649e-19 n=1.056233 type=E1 hbar_omega=3.619521115e-18 photon=0.000000000e+00
LADDER E_rel=-9.794091558e-19 n=1.054917 type=E1 hbar_omega=2.737073365e-17 photon=0.000000000e+00
LADDER E_rel=-9.785114944e-19 n=1.055401 type=E1 hbar_omega=2.174936503e-17 photon=0.000000000e+00
LADDER E_rel=-9.768939419e-19 n=1.056275 type=E1 hbar_omega=1.651192113e-18 photon=0.000000000e+00
LADDER E_rel=-9.780153601e-19 n=1.055669 type=E1 hbar_omega=2.104731647e-17 photon=0.000000000e+00
LADDER E_rel=-9.794652823e-19 n=1.054887 type=E1 hbar_omega=2.739289647e-17 photon=0.000000000e+00
LADDER E_rel=-9.767059626e-19 n=1.056376 type=E1 hbar_omega=8.022237604e-18 photon=0.000000000e+00
LADDER E_rel=-9.768172256e-19 n=1.056316 type=E1 hbar_omega=1.161207365e-17 photon=0.000000000e+00
LADDER E_rel=-9.795981707e-19 n=1.054816 type=E1 hbar_omega=2.919279813e-17 photon=0.000000000e+00
LADDER E_rel=-9.773607836e-19 n=1.056022 type=E1 hbar_omega=1.658688748e-17 photon=0.000000000e+00
LADDER E_rel=-9.765662587e-19 n=1.056452 type=E1 hbar_omega=1.909635985e-18 photon=0.000000000e+00
LADDER E_rel=-9.786867300e-19 n=1.055307 type=E1 hbar_omega=2.629289101e-17 photon=0.000000000e+00
LADDER E_rel=-9.783273137e-19 n=1.055501 type=E1 hbar_omega=2.329100536e-17 photon=0.000000000e+00
LADDER E_rel=-9.763640771e-19 n=1.056561 type=E1 hbar_omega=2.756791604e-18 photon=0.000000000e+00
LADDER E_rel=-9.773160249e-19 n=1.056046 type=E1 hbar_omega=1.954044077e-17 photon=0.000000000e+00
LADDER E_rel=-9.791562073e-19 n=1.055054 type=E1 hbar_omega=2.820686353e-17 photon=0.000000000e+00
LADDER E_rel=-9.763669408e-19 n=1.056560 type=E1 hbar_omega=1.030329734e-17 photon=0.000000000e+00
LADDER E_rel=-9.762019483e-19 n=1.056649 type=E1 hbar_omega=8.673000986e-18 photon=0.000000000e+00
LADDER E_rel=-9.790383273e-19 n=1.055117 type=E1 hbar_omega=2.894007443e-17 photon=0.000000000e+00
LADDER E_rel=-9.770967847e-19 n=1.056165 type=E1 hbar_omega=1.800271942e-17 photon=0.000000000e+00
LADDER E_rel=-9.761504108e-19 n=1.056677 type=E1 hbar_omega=8.793156906e-19 photon=0.000000000e+00
LADDER E_rel=-9.779910480e-19 n=1.055682 type=E1 hbar_omega=2.524652372e-17 photon=0.000000000e+00
LADDER E_rel=-9.782433809e-19 n=1.055546 type=E1 hbar_omega=2.527377450e-17 photon=0.000000000e+00
LADDER E_rel=-9.758502340e-19 n=1.056839 type=E1 hbar_omega=4.391496419e-18 photon=0.000000000e+00
LADDER E_rel=-9.764613740e-19 n=1.056509 type=E1 hbar_omega=1.655298394e-17 photon=0.000000000e+00
LADDER E_rel=-9.787813569e-19 n=1.055256 type=E1 hbar_omega=2.871400001e-17 photon=0.000000000e+00
LADDER E_rel=-9.760389725e-19 n=1.056737 type=E1 hbar_omega=1.201329850e-17 photon=0.000000000e+00
LADDER E_rel=-9.756826825e-19 n=1.056930 type=E1 hbar_omega=6.075101272e-18 photon=0.000000000e+00
LADDER E_rel=-9.784575330e-19 n=1.055430 type=E1 hbar_omega=2.856857999e-17 photon=0.000000000e+00
LADDER E_rel=-9.769595932e-19 n=1.056239 type=E1 hbar_omega=2.008969783e-17 photon=0.000000000e+00
LADDER E_rel=-9.756807615e-19 n=1.056931 type=E1 hbar_omega=8.506069124e-19 photon=0.000000000e+00
LADDER E_rel=-9.771817147e-19 n=1.056119 type=E1 hbar_omega=2.352242878e-17 photon=0.000000000e+00
LADDER E_rel=-9.779500685e-19 n=1.055704 type=E1 hbar_omega=2.613081100e-17 photon=0.000000000e+00
LADDER E_rel=-9.753868346e-19 n=1.057090 type=E1 hbar_omega=5.950854075e-18 photon=0.000000000e+00
LADDER E_rel=-9.757356663e-19 n=1.056901 type=E1 hbar_omega=1.396563599e-17 photon=0.000000000e+00
LADDER E_rel=-9.783787534e-19 n=1.055473 type=E1 hbar_omega=2.915828828e-17 photon=0.000000000e+00
LADDER E_rel=-9.758326695e-19 n=1.056849 type=E1 hbar_omega=1.449432086e-17 photon=0.000000000e+00
LADDER E_rel=-9.752383377e-19 n=1.057171 type=E1 hbar_omega=3.751897286e-18 photon=0.000000000e+00
LADDER E_rel=-9.777664737e-19 n=1.055803 type=E1 hbar_omega=2.772491056e-17 photon=0.000000000e+00
LADDER E_rel=-9.768069258e-19 n=1.056322 type=E1 hbar_omega=2.189046041e-17 photon=0.000000000e+00
LADDER E_rel=-9.751702873e-19 n=1.057208 type=E1 hbar_omega=1.552938622e-18 photon=0.000000000e+00
LADDER E_rel=-9.762835796e-19 n=1.056605 type=E1 hbar_omega=2.103859630e-17 photon=0.000000000e+00
LADDER E_rel=-9.777197921e-19 n=1.055828 type=E1 hbar_omega=2.731369270e-17 photon=0.000000000e+00
LADDER E_rel=-9.749704365e-19 n=1.057316 type=E1 hbar_omega=7.856056387e-18 photon=0.000000000e+00
LADDER E_rel=-9.750574915e-19 n=1.057269 type=E1 hbar_omega=1.112017012e-17 photon=0.000000000e+00
LADDER E_rel=-9.778885627e-19 n=1.055737 type=E1 hbar_omega=2.922257366e-17 photon=0.000000000e+00
LADDER E_rel=-9.755623315e-19 n=1.056995 type=E1 hbar_omega=1.605201785e-17 photon=0.000000000e+00
LADDER E_rel=-9.748419363e-19 n=1.057386 type=E1 hbar_omega=1.861631276e-18 photon=0.000000000e+00
LADDER E_rel=-9.770691538e-19 n=1.056180 type=E1 hbar_omega=2.676312779e-17 photon=0.000000000e+00
LADDER E_rel=-9.766152473e-19 n=1.056425 type=E1 hbar_omega=2.337025664e-17 photon=0.000000000e+00
LADDER E_rel=-9.746288714e-19 n=1.057501 type=E1 hbar_omega=2.944703857e-18 photon=0.000000000e+00
LADDER E_rel=-9.754721339e-19 n=1.057044 type=E1 hbar_omega=1.871324197e-17 photon=0.000000000e+00
LADDER E_rel=-9.774101203e-19 n=1.055996 type=E1 hbar_omega=2.811867220e-17 photon=0.000000000e+00
LADDER E_rel=-9.746184224e-19 n=1.057507 type=E1 hbar_omega=1.005354630e-17 photon=0.000000000e+00
LADDER E_rel=-9.744589969e-19 n=1.057593 type=E1 hbar_omega=8.317799930e-18 photon=0.000000000e+00
LADDER E_rel=-9.773393959e-19 n=1.056034 type=E1 hbar_omega=2.904508145e-17 photon=0.000000000e+00
LADDER E_rel=-9.754088394e-19 n=1.057078 type=E1 hbar_omega=1.830761083e-17 photon=0.000000000e+00
LADDER E_rel=-9.744223546e-19 n=1.057613 type=E1 hbar_omega=8.302155807e-19 photon=0.000000000e+00
LADDER E_rel=-9.762304157e-19 n=1.056633 type=E1 hbar_omega=2.511084222e-17 photon=0.000000000e+00
LADDER E_rel=-9.765149059e-19 n=1.056480 type=E1 hbar_omega=2.529488327e-17 photon=0.000000000e+00
LADDER E_rel=-9.741209838e-19 n=1.057777 type=E1 hbar_omega=4.347898219e-18 photon=0.000000000e+00
LADDER E_rel=-9.747434487e-19 n=1.057439 type=E1 hbar_omega=1.665717659e-17 photon=0.000000000e+00
LADDER E_rel=-9.770840284e-19 n=1.056172 type=E1 hbar_omega=2.890944935e-17 photon=0.000000000e+00
LADDER E_rel=-9.743528250e-19 n=1.057651 type=E1 hbar_omega=1.245110557e-17 photon=0.000000000e+00
LADDER E_rel=-9.739548928e-19 n=1.057867 type=E1 hbar_omega=5.840677190e-18 photon=0.000000000e+00
LADDER E_rel=-9.766916470e-19 n=1.056384 type=E1 hbar_omega=2.841992424e-17 photon=0.000000000e+00
LADDER E_rel=-9.752772864e-19 n=1.057150 type=E1 hbar_omega=2.033368085e-17 photon=0.000000000e+00
LADDER E_rel=-9.739572616e-19 n=1.057866 type=E1 hbar_omega=8.970754678e-19 photon=0.000000000e+00
LADDER E_rel=-9.754420031e-19 n=1.057060 type=E1 hbar_omega=2.342644069e-17 photon=0.000000000e+00
LADDER E_rel=-9.763527612e-19 n=1.056567 type=E1 hbar_omega=2.675415972e-17 photon=0.000000000e+00
LADDER E_rel=-9.736706449e-19 n=1.058022 type=E1 hbar_omega=6.308304878e-18 photon=0.000000000e+00
LADDER E_rel=-9.740271930e-19 n=1.057828 type=E1 hbar_omega=1.410944444e-17 photon=0.000000000e+00
LADDER E_rel=-9.766583214e-19 n=1.056402 type=E1 hbar_omega=2.921660326e-17 photon=0.000000000e+00
LADDER E_rel=-9.740681435e-19 n=1.057806 type=E1 hbar_omega=1.408304718e-17 photon=0.000000000e+00
LADDER E_rel=-9.735302733e-19 n=1.058098 type=E1 hbar_omega=3.384056201e-18 photon=0.000000000e+00
LADDER E_rel=-9.760063014e-19 n=1.056755 type=E1 hbar_omega=2.754273027e-17 photon=0.000000000e+00
LADDER E_rel=-9.751267274e-19 n=1.057231 type=E1 hbar_omega=2.207335507e-17 photon=0.000000000e+00
LADDER E_rel=-9.734455948e-19 n=1.058144 type=E1 hbar_omega=1.759170221e-18 photon=0.000000000e+00
LADDER E_rel=-9.745641589e-19 n=1.057536 type=E1 hbar_omega=2.098828813e-17 photon=0.000000000e+00
LADDER E_rel=-9.761037717e-19 n=1.056702 type=E1 hbar_omega=2.778381942e-17 photon=0.000000000e+00
LADDER E_rel=-9.732804558e-19 n=1.058234 type=E1 hbar_omega=8.275264094e-18 photon=0.000000000e+00
LADDER E_rel=-9.733207568e-19 n=1.058212 type=E1 hbar_omega=1.061714171e-17 photon=0.000000000e+00
LADDER E_rel=-9.761595750e-19 n=1.056672 type=E1 hbar_omega=2.917934155e-17 photon=0.000000000e+00
LADDER E_rel=-9.739057707e-19 n=1.057894 type=E1 hbar_omega=1.644362326e-17 photon=0.000000000e+00
LADDER E_rel=-9.731456603e-19 n=1.058307 type=E1 hbar_omega=1.610277955e-18 photon=0.000000000e+00
LADDER E_rel=-9.751696319e-19 n=1.057208 type=E1 hbar_omega=2.593452911e-17 photon=0.000000000e+00
LADDER E_rel=-9.750820590e-19 n=1.057255 type=E1 hbar_omega=2.430714446e-17 photon=0.000000000e+00
LADDER E_rel=-9.729079092e-19 n=1.058436 type=E1 hbar_omega=3.158653212e-18 photon=0.000000000e+00
LADDER E_rel=-9.737597274e-19 n=1.057973 type=E1 hbar_omega=1.871549249e-17 photon=0.000000000e+00
LADDER E_rel=-9.757607920e-19 n=1.056888 type=E1 hbar_omega=2.845588138e-17 photon=0.000000000e+00
LADDER E_rel=-9.729406621e-19 n=1.058418 type=E1 hbar_omega=1.052395480e-17 photon=0.000000000e+00
LADDER E_rel=-9.727373228e-19 n=1.058529 type=E1 hbar_omega=7.945855055e-18 photon=0.000000000e+00
LADDER E_rel=-9.755934451e-19 n=1.056978 type=E1 hbar_omega=2.893415246e-17 photon=0.000000000e+00
LADDER E_rel=-9.737546922e-19 n=1.057976 type=E1 hbar_omega=1.866334837e-17 photon=0.000000000e+00
LADDER E_rel=-9.727235966e-19 n=1.058536 type=E1 hbar_omega=7.540986976e-19 photon=0.000000000e+00
LADDER E_rel=-9.743316091e-19 n=1.057663 type=E1 hbar_omega=2.417045275e-17 photon=0.000000000e+00
LADDER E_rel=-9.748219336e-19 n=1.057397 type=E1 hbar_omega=2.536165132e-17 photon=0.000000000e+00
LADDER E_rel=-9.724085066e-19 n=1.058708 type=E1 hbar_omega=5.007565643e-18 photon=0.000000000e+00
LADDER E_rel=-9.729482284e-19 n=1.058414 type=E1 hbar_omega=1.586473195e-17 photon=0.000000000e+00
LADDER E_rel=-9.753968646e-19 n=1.057085 type=E1 hbar_omega=2.907073035e-17 photon=0.000000000e+00
LADDER E_rel=-9.726881233e-19 n=1.058556 type=E1 hbar_omega=1.294506511e-17 photon=0.000000000e+00
LADDER E_rel=-9.722422401e-19 n=1.058798 type=E1 hbar_omega=5.224555287e-18 photon=0.000000000e+00
LADDER E_rel=-9.749243743e-19 n=1.057341 type=E1 hbar_omega=2.823436388e-17 photon=0.000000000e+00
LADDER E_rel=-9.736089814e-19 n=1.058055 type=E1 hbar_omega=2.063065227e-17 photon=0.000000000e+00
LADDER E_rel=-9.722251583e-19 n=1.058808 type=E1 hbar_omega=1.086037623e-18 photon=0.000000000e+00
LADDER E_rel=-9.735444846e-19 n=1.058090 type=E1 hbar_omega=2.245317325e-17 photon=0.000000000e+00
LADDER E_rel=-9.746354020e-19 n=1.057498 type=E1 hbar_omega=2.677030291e-17 photon=0.000000000e+00
LADDER E_rel=-9.719582828e-19 n=1.058953 type=E1 hbar_omega=6.713753591e-18 photon=0.000000000e+00
LADDER E_rel=-9.721870847e-19 n=1.058828 type=E1 hbar_omega=1.267378480e-17 photon=0.000000000e+00
LADDER E_rel=-9.749245911e-19 n=1.057341 type=E1 hbar_omega=2.923556006e-17 photon=0.000000000e+00
LADDER E_rel=-9.724999243e-19 n=1.058658 type=E1 hbar_omega=1.541104223e-17 photon=0.000000000e+00
LADDER E_rel=-9.718209654e-19 n=1.059028 type=E1 hbar_omega=2.849323557e-18 photon=0.000000000e+00
LADDER E_rel=-9.742236289e-19 n=1.057721 type=E1 hbar_omega=2.732629665e-17 photon=0.000000000e+00
LADDER E_rel=-9.735960900e-19 n=1.058062 type=E1 hbar_omega=2.316210758e-17 photon=0.000000000e+00
LADDER E_rel=-9.716898621e-19 n=1.059099 type=E1 hbar_omega=2.151027729e-18 photon=0.000000000e+00
LADDER E_rel=-9.726820673e-19 n=1.058559 type=E1 hbar_omega=2.002370867e-17 photon=0.000000000e+00
LADDER E_rel=-9.743670961e-19 n=1.057643 type=E1 hbar_omega=2.776068802e-17 photon=0.000000000e+00
LADDER E_rel=-9.716023535e-19 n=1.059147 type=E1 hbar_omega=9.364237289e-18 photon=0.000000000e+00
LADDER E_rel=-9.715586975e-19 n=1.059171 type=E1 hbar_omega=1.009910724e-17 photon=0.000000000e+00
LADDER E_rel=-9.743872777e-19 n=1.057632 type=E1 hbar_omega=2.909738670e-17 photon=0.000000000e+00
LADDER E_rel=-9.723593434e-19 n=1.058735 type=E1 hbar_omega=1.778858839e-17 photon=0.000000000e+00
LADDER E_rel=-9.714334698e-19 n=1.059239 type=E1 hbar_omega=1.145383286e-18 photon=0.000000000e+00
LADDER E_rel=-9.733848139e-19 n=1.058177 type=E1 hbar_omega=2.569877240e-17 photon=0.000000000e+00
LADDER E_rel=-9.733786327e-19 n=1.058180 type=E1 hbar_omega=2.445477278e-17 photon=0.000000000e+00
LADDER E_rel=-9.711618604e-19 n=1.059387 type=E1 hbar_omega=3.654734541e-18 photon=0.000000000e+00
LADDER E_rel=-9.719109749e-19 n=1.058979 type=E1 hbar_omega=1.781847953e-17 photon=0.000000000e+00
LADDER E_rel=-9.740815396e-19 n=1.057798 type=E1 hbar_omega=2.874480910e-17 photon=0.000000000e+00
LADDER E_rel=-9.713121021e-19 n=1.059305 type=E1 hbar_omega=1.176903813e-17 photon=0.000000000e+00
LADDER E_rel=-9.709826066e-19 n=1.059485 type=E1 hbar_omega=6.626334804e-18 photon=0.000000000e+00
LADDER E_rel=-9.737290307e-19 n=1.057990 type=E1 hbar_omega=2.847494786e-17 photon=0.000000000e+00
LADDER E_rel=-9.722333751e-19 n=1.058803 type=E1 hbar_omega=1.994828951e-17 photon=0.000000000e+00
LADDER E_rel=-9.709934391e-19 n=1.059479 type=E1 hbar_omega=7.586549090e-19 photon=0.000000000e+00
LADDER E_rel=-9.725633829e-19 n=1.058624 type=E1 hbar_omega=2.396913984e-17 photon=0.000000000e+00
LADDER E_rel=-9.732471199e-19 n=1.058252 type=E1 hbar_omega=2.614141827e-17 photon=0.000000000e+00
LADDER E_rel=-9.706772356e-19 n=1.059652 type=E1 hbar_omega=5.770383725e-18 photon=0.000000000e+00
LADDER E_rel=-9.710556730e-19 n=1.059445 type=E1 hbar_omega=1.427350246e-17 photon=0.000000000e+00
LADDER E_rel=-9.736729151e-19 n=1.058020 type=E1 hbar_omega=2.917922307e-17 photon=0.000000000e+00
LADDER E_rel=-9.710106726e-19 n=1.059470 type=E1 hbar_omega=1.346348830e-17 photon=0.000000000e+00
LADDER E_rel=-9.705245589e-19 n=1.059735 type=E1 hbar_omega=4.070744230e-18 photon=0.000000000e+00
LADDER E_rel=-9.730171316e-19 n=1.058377 type=E1 hbar_omega=2.754765795e-17 photon=0.000000000e+00
LADDER E_rel=-9.720891056e-19 n=1.058882 type=E1 hbar_omega=2.182383214e-17 photon=0.000000000e+00
LADDER E_rel=-9.704665096e-19 n=1.059767 type=E1 hbar_omega=1.502703804e-18 photon=0.000000000e+00
LADDER E_rel=-9.716436549e-19 n=1.059125 type=E1 hbar_omega=2.145359401e-17 photon=0.000000000e+00
LADDER E_rel=-9.730236959e-19 n=1.058373 type=E1 hbar_omega=2.736586060e-17 photon=0.000000000e+00
LADDER E_rel=-9.702535869e-19 n=1.059883 type=E1 hbar_omega=7.666820930e-18 photon=0.000000000e+00
LADDER E_rel=-9.703609534e-19 n=1.059824 type=E1 hbar_omega=1.133462699e-17 photon=0.000000000e+00
LADDER E_rel=-9.731706220e-19 n=1.058293 type=E1 hbar_omega=2.920911168e-17 photon=0.000000000e+00
LADDER E_rel=-9.708330394e-19 n=1.059567 type=E1 hbar_omega=1.590419218e-17 photon=0.000000000e+00
LADDER E_rel=-9.701318312e-19 n=1.059949 type=E1 hbar_omega=1.873365367e-18 photon=0.000000000e+00
LADDER E_rel=-9.722975939e-19 n=1.058768 type=E1 hbar_omega=2.650198158e-17 photon=0.000000000e+00
LADDER E_rel=-9.719057693e-19 n=1.058982 type=E1 hbar_omega=2.336970309e-17 photon=0.000000000e+00
LADDER E_rel=-9.699243925e-19 n=1.060063 type=E1 hbar_omega=2.852950670e-18 photon=0.000000000e+00
LADDER E_rel=-9.708119392e-19 n=1.059578 type=E1 hbar_omega=1.906292134e-17 photon=0.000000000e+00
LADDER E_rel=-9.727161462e-19 n=1.058540 type=E1 hbar_omega=2.819112011e-17 photon=0.000000000e+00
LADDER E_rel=-9.699484976e-19 n=1.060050 type=E1 hbar_omega=1.055614175e-17 photon=0.000000000e+00
LADDER E_rel=-9.697576349e-19 n=1.060154 type=E1 hbar_omega=8.445983261e-18 photon=0.000000000e+00
LADDER E_rel=-9.726149773e-19 n=1.058596 type=E1 hbar_omega=2.898080127e-17 photon=0.000000000e+00
LADDER E_rel=-9.706915512e-19 n=1.059644 type=E1 hbar_omega=1.821906814e-17 photon=0.000000000e+00
LADDER E_rel=-9.697242894e-19 n=1.060172 type=E1 hbar_omega=7.833749532e-19 photon=0.000000000e+00
LADDER E_rel=-9.714490253e-19 n=1.059231 type=E1 hbar_omega=2.474283085e-17 photon=0.000000000e+00
