CREM_E1 t=0.000000000e+00 a=1.058354419e-10 force/coulomb=9.999699410e-01 spectral=9.999946811e-01 kinematic/closed=1.000000000e+00 total/coulomb=9.999646223e-01 nodes=32
CREM_M1_SHARE t=0.000000000000e+00 a=1.058354419075e-10 E1=1.167281e-08 M1=2.218509e-24 share=1.900579e-16 |m|/mu=1.850388e+00
CREM_E1 t=3.039659758e-16 a=1.058354419e-10 force/coulomb=9.999699405e-01 spectral=9.999946811e-01 kinematic/closed=1.000000000e+00 total/coulomb=9.999646217e-01 nodes=32
CREM_M1_SHARE t=3.039659758464e-16 a=1.058354419075e-10 E1=1.167281e-08 M1=2.218828e-24 share=1.900852e-16 |m|/mu=1.850370e+00
CREM_E1 t=6.079349914e-11 a=1.058354419e-10 force/coulomb=9.999714349e-01 spectral=9.999946681e-01 kinematic/closed=1.000000000e+00 total/coulomb=9.999661031e-01 nodes=32
CREM_M1_SHARE t=6.079349913526e-11 a=1.058354419075e-10 E1=1.167283e-08 M1=1.568791e-24 share=1.343968e-16 |m|/mu=1.898176e+00
CREM_E1 t=1.215876899e-10 a=1.058355367e-10 force/coulomb=9.999725022e-01 spectral=9.999946732e-01 kinematic/closed=1.000000000e+00 total/coulomb=9.999671755e-01 nodes=32
CREM_M1_SHARE t=1.215876899409e-10 a=1.058355367115e-10 E1=1.167280e-08 M1=1.343957e-24 share=1.151358e-16 |m|/mu=1.931585e+00
CREM_E1 t=1.823832033e-10 a=1.058356044e-10 force/coulomb=9.999732215e-01 spectral=9.999946730e-01 kinematic/closed=1.000000000e+00 total/coulomb=9.999678947e-01 nodes=32
CREM_M1_SHARE t=1.823832032615e-10 a=1.058356044277e-10 E1=1.167277e-08 M1=1.304832e-24 share=1.117842e-16 |m|/mu=1.953770e+00
CREM_E1 t=0.000000000e+00 a=1.058354419e-10 force/coulomb=9.999992950e-01 spectral=9.999946811e-01 kinematic/closed=1.000000000e+00 total/coulomb=9.999939761e-01 nodes=32
CREM_M1_SHARE t=0.000000000000e+00 a=1.058354419075e-10 E1=1.167315e-08 M1=4.099470e-24 share=3.511879e-16 |m|/mu=1.113375e+00
CREM_E1 t=3.039659758e-16 a=1.058354419e-10 force/coulomb=9.999992948e-01 spectral=9.999946811e-01 kinematic/closed=1.000000000e+00 total/coulomb=9.999939759e-01 nodes=32
CREM_M1_SHARE t=3.039659758464e-16 a=1.058354419075e-10 E1=1.167315e-08 M1=4.099744e-24 share=3.512114e-16 |m|/mu=1.113368e+00
CREM_E1 t=6.079349914e-11 a=1.058354419e-10 force/coulomb=9.999969114e-01 spectral=9.999946935e-01 kinematic/closed=1.000000000e+00 total/coulomb=9.999916049e-01 nodes=32
CREM_M1_SHARE t=6.079349913526e-11 a=1.058354419075e-10 E1=1.167312e-08 M1=9.777713e-24 share=8.376261e-16 |m|/mu=9.760674e-01
CREM_E1 t=1.216068483e-10 a=1.058354419e-10 force/coulomb=9.999976054e-01 spectral=9.999946591e-01 kinematic/closed=1.000000000e+00 total/coulomb=9.999922645e-01 nodes=32
CREM_M1_SHARE t=1.216068483127e-10 a=1.058354419075e-10 E1=1.167313e-08 M1=8.035957e-24 share=6.884149e-16 |m|/mu=1.017569e+00
CREM_E1 t=1.824356487e-10 a=1.058354419e-10 force/coulomb=9.999994071e-01 spectral=9.999946647e-01 kinematic/closed=1.000000000e+00 total/coulomb=9.999940718e-01 nodes=32
CREM_M1_SHARE t=1.824356487299e-10 a=1.058354419075e-10 E1=1.167315e-08 M1=3.887798e-24 share=3.330547e-16 |m|/mu=1.118612e+00
