CREM_SPINVEC t=0.000000000000e+00 a=1.058354419075e-10 e=9.697220908579e-01 m1=-4.870931268581e-24,7.582247406185e-24,-2.233922139055e-24 m2=-4.565960313648e-25,6.492258662601e-24,-6.621854181211e-24 L=0.000000000000e+00,-2.135738805075e-13,1.000000000000e+00 P=-9.697220914337e-01,-2.442111082353e-01,-5.215711404884e-14
CREM_SPINENERGY t=0.000000000000e+00 U=-6.536815558269e-23 credited=0.000000000000e+00 pending=0.000000000000e+00 clamps=0
CREM_SPINVEC t=3.039659682414e-16 a=1.058354419075e-10 e=9.697219257997e-01 m1=-4.904566135727e-24,7.561772978531e-24,-2.229725480108e-24 m2=-4.579595013754e-25,6.496614168473e-24,-6.617486888260e-24 L=-7.116235086705e-03,-5.475301965502e-03,9.999596893208e-01 P=-9.670508775693e-01,-2.544486587960e-01,-8.275278209298e-03
CREM_SPINENERGY t=3.039659682414e-16 U=-6.436793793475e-23 credited=1.000217647982e-24 pending=0.000000000000e+00 clamps=0
CREM_SPINVEC t=1.039958767144e-11 a=1.058353447840e-10 e=9.709716813974e-01 m1=-2.318404270473e-24,8.915680572514e-24,1.158661660170e-24 m2=3.757677779225e-25,8.891071868500e-24,-2.648489169592e-24 L=3.872735343732e-01,-2.398571810260e-01,8.902178060926e-01 P=-7.639630443907e-01,4.570417592690e-01,4.554923677622e-01
CREM_SPINENERGY t=1.039958767144e-11 U=-1.533999307834e-22 credited=-8.803177520070e-23 pending=0.000000000000e+00 clamps=0
CREM_REACH 1.727715577e+00 3.180936098e+00 1.800000000e+02 1.452084570e+03 7.930975552e-19 9.427971243e-01 -1.014233142e-11 3.638270183e-01 5.216382281e-01 1.000000000e+00 75 1.000040386e+00 2.391808859e-01 1.039958767e-11
CREM_SPINVEC t=1.079383098956e-11 a=6.126239303063e-11 e=0.000000000000e+00 m1=7.003613577343e-25,8.457060452593e-24,3.767555937870e-24 m2=8.498447537515e-25,8.545739194623e-24,3.529158651464e-24 L=-9.602328987116e-01,2.653774007800e-01,-8.676183139641e-02 P=2.248514939382e-01,5.508124572033e-01,-8.037707649967e-01
CREM_SPINENERGY t=1.079383098956e-11 U=-1.780740261602e-23 credited=-8.803177520070e-23 pending=1.355925281674e-22 clamps=1
CREM_SPINVEC t=1.079396485524e-11 a=6.126239303063e-11 e=0.000000000000e+00 m1=7.007191645096e-25,8.457766088013e-24,3.765905034404e-24 m2=8.502531412250e-25,8.546518380701e-24,3.527172867805e-24 L=-9.602364788721e-01,2.653721947789e-01,-8.673812818722e-02 P=2.248296731030e-01,5.508184877079e-01,-8.037727363450e-01
CREM_SPINENERGY t=1.079396485524e-11 U=-1.780734133509e-23 credited=-8.803177520070e-23 pending=1.355925894483e-22 clamps=2
CREM_SPINVEC t=3.756710034155e-11 a=6.126239303063e-11 e=0.000000000000e+00 m1=-2.078284849645e-24,8.740827905749e-24,-2.342117606146e-24 m2=-8.265078024574e-24,4.447752802614e-25,-4.206841507946e-24 L=-5.116611496060e-01,8.587195833249e-01,2.834687281202e-02 P=8.437088668187e-01,4.959356234708e-01,2.054341875739e-01
CREM_SPINENERGY t=3.756710034155e-11 U=1.819177790972e-23 credited=-8.803177520070e-23 pending=1.715917086931e-22 clamps=3
CREM_REACH 3.627510517e+00 3.141308134e-01 1.800000000e+02 9.058464030e+03 4.947389949e-18 0.000000000e+00 6.419120301e-01 1.000000000e+00 5.219185028e-01 1.000000000e+00 1 7.608191141e-01 7.609592514e-01 3.756710034e-11
idx 14 para : t = 109.566140 ps, stop closed, photons 2
CREM_SPINVEC t=0.000000000000e+00 a=1.058354419075e-10 e=9.697220908579e-01 m1=-4.870931268581e-24,7.582247406185e-24,-2.233922139055e-24 m2=-2.017814912275e-24,-6.389564609130e-24,6.427187748989e-24 L=-0.000000000000e+00,6.857095514629e-13,1.000000000000e+00 P=-9.697220914337e-01,-2.442111082352e-01,1.674578894902e-13
CREM_SPINENERGY t=0.000000000000e+00 U=3.059912738287e-23 credited=0.000000000000e+00 pending=0.000000000000e+00 clamps=0
CREM_SPINVEC t=3.039659682414e-16 a=1.058354419075e-10 e=9.697218393262e-01 m1=-4.869729246985e-24,7.580889849280e-24,-2.241138422618e-24 m2=-2.016333221890e-24,-6.397296499811e-24,6.419957406947e-24 L=-6.167027845027e-05,1.405616054401e-03,9.999990102197e-01 P=-9.718785597769e-01,-2.354824655283e-01,2.710621809674e-04
CREM_SPINENERGY t=3.039659682414e-16 U=3.138286025066e-23 credited=7.837328678044e-25 pending=0.000000000000e+00 clamps=0
CREM_REACH 1.750866007e+00 3.094026756e+00 1.800000000e+02 1.498401184e+03 8.183945730e-19 9.403378418e-01 8.958389586e-13 3.754323352e-01 5.114834076e-01 1.000000000e+00 68 9.999996405e-01 2.442582962e-01 3.039659682e-16
CREM_SPINVEC t=1.037648625785e-11 a=6.044743880250e-11 e=3.117090830377e-04 m1=-5.922125262644e-24,6.488061518148e-24,-3.006716711878e-24 m2=-3.668197658903e-25,-4.469127598659e-24,8.130141268235e-24 L=5.839306640081e-01,7.018644014264e-01,-4.079354625936e-01 P=-3.177117154221e-01,6.600043471164e-01,6.807742119609e-01
CREM_SPINENERGY t=1.037648625785e-11 U=1.091504439509e-24 credited=-2.950762294327e-23 pending=0.000000000000e+00 clamps=0
CREM_SPINVEC t=1.037661746123e-11 a=6.044839831187e-11 e=3.996293116996e-03 m1=-5.922156746103e-24,6.489157651654e-24,-3.004288222155e-24 m2=-3.660293696476e-25,-4.470564237175e-24,8.129387011150e-24 L=5.838720995688e-01,7.020448784150e-01,-4.077086705435e-01 P=-3.173868129881e-01,6.596214537442e-01,6.812966671735e-01
CREM_SPINENERGY t=1.037661746123e-11 U=1.089360942796e-24 credited=-2.950976643997e-23 pending=0.000000000000e+00 clamps=0
CREM_SPINVEC t=3.661792459237e-11 a=6.044839837977e-11 e=0.000000000000e+00 m1=-2.231520852253e-24,3.066909335831e-24,-8.474741122120e-24 m2=3.376008688989e-24,-8.508918736303e-24,1.551683777729e-24 L=5.798629929626e-01,7.455012798637e-01,-3.286133763469e-01 P=-1.777180432875e-01,-2.778918504092e-01,-9.440298811829e-01
CREM_SPINENERGY t=3.661792459237e-11 U=-1.968450259397e-24 credited=-3.256757764226e-23 pending=0.000000000000e+00 clamps=0
CREM_REACH 3.641757327e+00 3.220673673e-01 1.799999991e+02 9.230212007e+03 5.041188520e-18 0.000000000e+00 6.216071591e-01 1.000000000e+00 5.127822147e-01 1.000000000e+00 1 7.557483078e-01 7.563911074e-01 3.661792459e-11
idx 14 ortho: t = 57.970850 ps, stop closed, photons 2
