CREM_SPINVEC t=0.000000000000e+00 a=1.058354419075e-10 e=0.000000000000e+00 m1=-4.285452027113e-24,-7.487250393755e-24,3.432613834926e-24 m2=2.580852580775e-24,-7.375736753427e-24,5.014435419432e-24 L=0.000000000000e+00,-1.377095328423e-13,1.000000000000e+00 P=1.000000000000e+00,0.000000000000e+00,0.000000000000e+00
CREM_SPINENERGY t=0.000000000000e+00 U=-4.107920547078e-25 credited=0.000000000000e+00 pending=0.000000000000e+00 clamps=0
CREM_SPINVEC t=3.039659758464e-16 a=1.058354419075e-10 e=0.000000000000e+00 m1=-4.284737796754e-24,-7.487711862403e-24,3.432498849803e-24 m2=2.581978490427e-24,-7.375420850589e-24,5.014320455143e-24 L=-2.216961368090e-05,-4.186274583027e-05,9.999999988780e-01 P=9.999999997543e-01,-4.640198587562e-10,2.216961368090e-05
CREM_SPINENERGY t=3.039659758464e-16 U=-4.104236550520e-25 credited=0.000000000000e+00 pending=3.683996234169e-28 clamps=1
CREM_SPINVEC t=6.079349913526e-11 a=1.058354419075e-10 e=0.000000000000e+00 m1=-6.278869865613e-24,-5.731294226448e-24,3.732949902662e-24 m2=-9.610072034677e-25,-7.441182204018e-24,5.469198098140e-24 L=8.338571547195e-02,9.808496694851e-02,9.916784568165e-01 P=-2.739059882378e-01,9.590704921095e-01,-7.182827279243e-02
CREM_SPINENERGY t=6.079349913526e-11 U=-1.387121068268e-24 credited=-9.763290135399e-25 pending=0.000000000000e+00 clamps=1
CREM_SPINVEC t=1.215876899409e-10 a=1.058355367115e-10 e=0.000000000000e+00 m1=-7.731977491470e-24,-3.357228213875e-24,3.892608131647e-24 m2=-4.133388609481e-24,-5.811970783532e-24,5.944993649247e-24 L=1.759696827473e-01,1.381954028435e-01,9.746469624365e-01 P=-8.347855492737e-01,-5.037692932725e-01,2.221476668336e-01
CREM_SPINENERGY t=1.215876899409e-10 U=-2.084488613890e-24 credited=-1.673696559161e-24 pending=0.000000000000e+00 clamps=1
CREM_SPINVEC t=1.823832032615e-10 a=1.058356044277e-10 e=0.000000000000e+00 m1=-8.427677782668e-24,-5.697093794385e-25,3.854417425462e-24 m2=-6.257584010549e-24,-2.916323529532e-24,6.208426104676e-24 L=2.528933415624e-01,1.323714314893e-01,9.583959317103e-01 P=7.156773479388e-01,-6.921787036704e-01,-9.324470940732e-02
CREM_SPINENERGY t=1.823832032615e-10 U=-2.554358652712e-24 credited=-2.143566597878e-24 pending=0.000000000000e+00 clamps=1
idx  7 para : t = 186.743571 ps, stop barrier, photons 1
CREM_SPINVEC t=0.000000000000e+00 a=1.058354419075e-10 e=0.000000000000e+00 m1=-4.285452027113e-24,-7.487250393755e-24,3.432613834926e-24 m2=-5.737159645135e-24,5.418487223532e-24,-4.892019081100e-24 L=-0.000000000000e+00,3.079405096610e-14,1.000000000000e+00 P=1.000000000000e+00,0.000000000000e+00,0.000000000000e+00
CREM_SPINENERGY t=0.000000000000e+00 U=-7.423445352806e-25 credited=0.000000000000e+00 pending=0.000000000000e+00 clamps=0
CREM_SPINVEC t=3.039659758464e-16 a=1.058354419075e-10 e=0.000000000000e+00 m1=-4.284303726201e-24,-7.487839065593e-24,3.432763170487e-24 m2=-5.738007166483e-24,5.417724659169e-24,-4.891869637472e-24 L=1.074783437215e-04,9.364401372830e-06,9.999999941804e-01 P=9.999999942242e-01,-5.031827763617e-10,-1.074783437215e-04
CREM_SPINENERGY t=3.039659758464e-16 U=-7.422618189402e-25 credited=0.000000000000e+00 pending=8.271636216051e-29 clamps=1
CREM_SPINVEC t=6.079349913526e-11 a=1.058354419075e-10 e=0.000000000000e+00 m1=-3.832322929724e-24,5.717370752122e-24,-6.231518909567e-24 m2=-1.203320461888e-24,1.240687777812e-24,9.122476033358e-24 L=-2.197287374091e-01,9.359688018373e-01,-2.751030424112e-01 P=2.409668959790e-01,3.253280922317e-01,9.143831732086e-01
CREM_SPINENERGY t=6.079349913526e-11 U=8.193747812055e-25 credited=0.000000000000e+00 pending=1.561719316411e-24 clamps=2
CREM_SPINVEC t=1.216068483127e-10 a=1.058354419075e-10 e=0.000000000000e+00 m1=5.906647711170e-24,-7.162881312601e-24,1.072352224003e-25 m2=-4.014371645946e-25,5.359933448247e-24,-7.570787073247e-24 L=2.614729452232e-01,2.061700764847e-02,9.649905895458e-01 P=-6.543687465158e-01,-7.311499661907e-01,1.929281486012e-01
CREM_SPINENERGY t=1.216068483127e-10 U=3.677899988253e-25 credited=0.000000000000e+00 pending=1.110134534059e-24 clamps=3
CREM_SPINVEC t=1.824356487299e-10 a=1.058354419075e-10 e=0.000000000000e+00 m1=1.053879607152e-24,3.340149756397e-24,-8.598813444521e-24 m2=7.996078143449e-24,-3.640113865622e-26,4.718926207960e-24 L=-4.519042380452e-01,8.765925003838e-01,-1.654332128310e-01 P=-7.910068487473e-01,-4.794956084221e-01,-3.799896403045e-01
CREM_SPINENERGY t=1.824356487299e-10 U=-8.085354146159e-25 credited=-6.619087949190e-26 pending=0.000000000000e+00 clamps=3
idx  7 ortho: t = 186.684264 ps, stop closed, photons 1
