# poziom=1 podloga=0 bohr=0 emisja=deterministyczna
# model reakcji: stochasticElectricDipole
# ziaren=1 budzet=150 s/ziarno zjawisko=2
# bariera r*=1.933035e-13 m, L_kontakt=sqrt(mu k r*)=0.0427 hbar
ziarno        przyczyna     r_p/r*  okres/prz  L [hbar]    1-e^2   zycie [s]   t_kontakt
# nan w zyciu = przebieg ocenzurowany budzetem, nie wynik fizyczny
CREM_TILT 0.000000000e+00 1.058350870e-10 -0.504816802 -0.919470734 0.181568278 1.101872956e-13 0.001759163764 0.378210709102
CREM_TILT 3.039659758e-16 1.058350870e-10 -0.504817603 -0.919464620 -0.504816802 1.101851436e-13 0.999999999743 0.999999999980
CREM_TILT 3.039659758e-16 1.058347425e-10 -0.800798080 -0.883067723 -0.504817603 1.168059382e-13 0.959041256053 0.861187046317
CREM_TILT 1.867436253e-11 1.058347425e-10 -0.764548478 -0.862094479 -0.800798080 1.050992667e-13 0.878063538281 0.997153035224
CREM_TILT 1.867436253e-11 1.058343981e-10 -0.782707485 -0.935201789 -0.764548478 1.389610218e-13 0.988015366173 0.990721364571
CREM_TILT 3.734863390e-11 1.058343981e-10 -0.800257499 -0.997611443 -0.782707485 1.687258204e-13 0.930318684808 0.997197709297
CREM_TILT 3.734863390e-11 1.058340536e-10 -0.779994765 -0.945497728 -0.800257499 1.433431726e-13 0.950613947319 0.998683361037
CREM_TILT 5.602281411e-11 1.058340536e-10 -0.842735133 -0.946736232 -0.779994765 1.493302462e-13 0.999063990506 0.990489851584
CREM_TILT 5.602281411e-11 1.058337091e-10 -0.860096493 -0.948771291 -0.842735133 1.517963764e-13 0.910560023212 0.998261498616
CREM_TILT 7.469659921e-11 1.058337091e-10 -0.781648458 -0.877515218 -0.860096493 1.130426310e-13 0.940716029119 0.999524085505
CREM_TILT 7.469659921e-11 1.058333647e-10 -0.784001453 -0.924818653 -0.781648458 1.344163252e-13 0.995371686410 0.992850085428
CREM_TILT 9.337029315e-11 1.058333647e-10 -0.807456186 -0.996821721 -0.784001453 1.691090169e-13 0.944173483891 0.996335212878
CREM_TILT 9.337029315e-11 1.058330202e-10 -0.789809262 -0.963640963 -0.807456186 1.523660783e-13 0.948814122090 0.999688675123
CREM_TILT 1.120438959e-10 1.058330202e-10 -0.827099866 -0.942629138 -0.789809262 1.460850149e-13 0.997889691393 0.992924465460
CREM_TILT 1.120438959e-10 1.058326757e-10 -0.874698188 -0.965824693 -0.827099866 1.612041449e-13 0.941995226024 0.996742570289
CREM_TILT 1.307171036e-10 1.058326757e-10 -0.805491926 -0.898231290 -0.874698188 1.240320790e-13 0.924052968210 0.999975858290
CREM_TILT 1.307171036e-10 1.058323313e-10 -0.781376580 -0.905765410 -0.805491926 1.256805047e-13 0.996918371969 0.995399216057
CREM_TILT 1.493902201e-10 1.058323313e-10 -0.809275908 -0.986460458 -0.781376580 1.645724588e-13 0.961628892517 0.994761871565
CREM_TILT 1.493902201e-10 1.058319868e-10 -0.800707457 -0.983715015 -0.809275908 1.624815163e-13 0.945655379929 0.999955677837
CREM_TILT 1.680632455e-10 1.058319868e-10 -0.808528088 -0.942140871 -0.800707457 1.442831799e-13 0.985835125451 0.995875945232
CREM_TILT 1.680632455e-10 1.058316423e-10 -0.873988764 -0.969957957 -0.808528088 1.631140381e-13 0.976854576459 0.994590973476
CREM_TILT 1.867358758e-10 1.058316423e-10 -0.842175583 -0.933767340 -0.873988764 1.432443635e-13 0.920082033541 0.999842108620
CREM_TILT 1.867358758e-10 1.058312979e-10 -0.842098263 -0.933676417 -0.842175583 1.431974203e-13 0.999999973381 0.999999998241
CREM_TILT 1.867383074e-10 6.204135485e-11 -0.876567966 -0.748448840 -0.812902106 8.715462360e-13 0.995224160842 0.999212954683
CREM_TILT 1.867383074e-10 6.204090510e-11 -0.876595472 -0.748480821 -0.876567966 8.717047981e-13 0.999999995323 0.999999999775
CREM_TILT 1.867384438e-10 6.204090510e-11 -0.876622939 -0.748512764 -0.876595472 8.718379271e-13 0.999999995326 0.999999999775
CREM_TILT 1.867384438e-10 6.204045534e-11 -0.324239179 -0.201979267 -0.876622939 -6.669450159e-13 0.557397148055 0.999682104976
CREM_TILT 1.905003764e-10 6.204045534e-11 0.889076923 0.607975078 -0.324239179 1.116049041e-12 -0.437537857761 0.839224274234
CREM_TILT 1.905003764e-10 6.204000559e-11 -0.304174677 -0.164266900 0.889076923 -7.311995645e-13 -0.254530298150 0.775526773093
CREM_TILT 1.942621317e-10 6.204000559e-11 -0.413681058 -0.692344378 -0.304174677 4.473939200e-13 -0.390871509875 0.776911794230
CREM_TILT 1.942621317e-10 6.203955577e-11 0.938684839 0.930446229 -0.413681058 1.623004713e-12 -0.332479408394 0.955872651209
CREM_TILT 1.980237096e-10 6.203955577e-11 0.830541744 0.820181012 0.938684839 1.122550113e-12 0.855243731844 0.999995325689
CREM_TILT 1.980237096e-10 6.203910599e-11 0.253503352 0.361292699 0.830541744 -5.793112495e-13 0.736106565981 0.974048392545
CREM_TILT 2.017853831e-10 6.203910599e-11 -0.695110090 -0.892353235 0.253503352 1.212881433e-12 -0.418295084222 0.901925347856
CREM_TILT 2.017853831e-10 6.203865624e-11 -0.188420707 -0.070192645 -0.695110090 -7.984910166e-13 0.475222499290 0.886674315689
CREM_TILT 2.055468792e-10 6.203865624e-11 0.799111709 0.426169166 -0.188420707 7.152513018e-13 -0.432854472864 0.802730806327
CREM_TILT 2.055468792e-10 6.203820643e-11 -0.867433299 -0.906224749 0.799111709 1.435353231e-12 -0.143887160390 0.943634797316
CREM_TILT 2.093081980e-10 6.203820643e-11 -0.789747826 -0.863445967 -0.867433299 1.209176051e-12 0.794702908041 0.999019498971
CREM_TILT 2.093081980e-10 6.203775665e-11 -0.387129744 -0.292469888 -0.789747826 -5.051467868e-13 0.718181280374 0.962247699646
CREM_TILT 2.130696124e-10 6.203775665e-11 0.894155930 0.754094760 -0.387129744 1.277951915e-12 -0.474152679610 0.938863993734
CREM_TILT 2.130696124e-10 6.203730689e-11 0.285129595 0.373175234 0.894155930 -5.141807763e-13 0.647478637062 0.944344819800
CREM_TILT 2.168308493e-10 6.203730689e-11 -0.748763101 -0.890477687 0.285129595 1.260500988e-12 -0.447204247921 0.943758503014
CREM_TILT 2.168308493e-10 6.203685711e-11 -0.353233479 -0.260267432 -0.748763101 -5.586647546e-13 0.637574137888 0.939720272889
CREM_TILT 2.205920454e-10 6.203685711e-11 0.886873870 0.715084845 -0.353233479 1.215449589e-12 -0.445253369018 0.928463602763
CREM_TILT 2.205920454e-10 6.203640732e-11 0.137996286 0.248875245 0.886873870 -7.334643256e-13 0.541473506156 0.908804071702
CREM_TILT 2.243532006e-10 6.203640732e-11 -0.524324434 -0.849994378 0.137996286 9.274612922e-13 -0.381017793169 0.839549994580
CREM_TILT 2.243532006e-10 6.203595755e-11 0.836444226 0.925720861 -0.524324434 1.233505438e-12 -0.400750499160 0.870077923689
CREM_TILT 2.281141785e-10 6.203595755e-11 0.919433458 0.974024909 0.836444226 1.597417801e-12 0.858329343691 0.997319728662
CREM_TILT 2.281141785e-10 6.203550779e-11 0.709773985 0.774373042 0.919433458 6.780310689e-13 0.871873707643 0.999812484503
CREM_TILT 2.318752519e-10 6.203550779e-11 -0.419116355 -0.283504958 0.709773985 -5.453025780e-13 0.140274231387 0.975791787913
CREM_TILT 2.318752519e-10 6.203505791e-11 -0.553772401 -0.866849212 -0.419116355 1.000712398e-12 0.031901821135 0.783117768680
CREM_TILT 2.356360115e-10 6.203505791e-11 0.716585074 0.831982708 -0.553772401 7.320800209e-13 -0.307253522306 0.837468101725
CREM_TILT 2.356360115e-10 6.203460811e-11 0.668422757 0.797932109 0.716585074 5.486556501e-13 0.994413149692 0.998370817842
CREM_TILT 2.358668108e-10 5.299096128e-11 0.307550210 0.427081871 0.133113858 -9.472850055e-13 0.969417437079 0.966128963953
CREM_TILT 2.358668108e-10 5.299047455e-11 0.307562816 0.427102993 0.307550210 -9.472811313e-13 0.999999998251 0.999999999145
CREM_TILT 2.358669185e-10 5.299047455e-11 0.307575737 0.427124428 0.307562816 -9.472413059e-13 0.999999998265 0.999999999145
CREM_TILT 2.358669185e-10 5.298998782e-11 0.903391673 0.563762422 0.307575737 1.977849382e-12 0.172118457187 0.784075315273
CREM_TILT 2.382107895e-10 5.298998782e-11 -0.400231064 -0.274311414 0.903391673 -1.068260259e-12 -0.120671746823 0.761422928889
CREM_TILT 2.382107895e-10 5.298950115e-11 -0.549410655 -0.898022010 -0.400231064 1.920460395e-12 0.070762076984 0.756190750880
CREM_TILT 2.405546281e-10 5.298950115e-11 0.402159813 0.520455132 -0.549410655 -5.609647508e-13 -0.032515117446 0.782783844310
CREM_TILT 2.405546281e-10 5.298901442e-11 0.947772870 0.659560506 0.402159813 2.428478326e-12 0.476269746923 0.815971972317
CREM_TILT 2.428984345e-10 5.298901442e-11 0.286309012 0.372310233 0.947772870 -9.913867938e-13 0.444870800433 0.873763000094
CREM_TILT 2.428984345e-10 5.298852768e-11 -0.784040970 -0.953994433 0.286309012 2.758565402e-12 -0.207836287471 0.925387051463
CREM_TILT 2.452421009e-10 5.298852768e-11 -0.617348979 -0.665375425 -0.784040970 8.163572496e-13 0.741940158451 0.989105814362
CREM_TILT 2.452421009e-10 5.298804107e-11 0.605519702 0.723890746 -0.617348979 5.657410333e-13 0.075811411463 0.939432286257
CREM_TILT 2.475858427e-10 5.298804107e-11 0.947048978 0.899322660 0.605519702 2.985360664e-12 0.833172858974 0.939573733610
CREM_TILT 2.475858427e-10 5.298755449e-11 0.872684599 0.820670766 0.947048978 2.328576038e-12 0.878577995146 0.999982777692
CREM_TILT 2.499296599e-10 5.298755449e-11 0.471978685 0.540904345 0.872684599 -2.201320620e-13 0.831826030604 0.979082680545
CREM_TILT 2.499296599e-10 5.298706776e-11 -0.956242080 -0.940267164 0.471978685 3.071052454e-12 -0.317336144897 0.994759618487
CREM_TILT 2.522732295e-10 5.298706776e-11 -0.908310785 -0.898190270 -0.956242080 2.674788499e-12 0.912201831129 0.999952117753
CREM_TILT 2.522732295e-10 5.298658115e-11 -0.687581625 -0.635629346 -0.908310785 7.136880350e-13 0.890410644351 0.997114478346
CREM_TILT 2.546168744e-10 5.298658115e-11 0.619962050 0.734145407 -0.687581625 6.582643869e-13 0.045173124646 0.985873807236
CREM_TILT 2.546168744e-10 5.298609447e-11 0.946169123 0.896566757 0.619962050 2.973424520e-12 0.829835094004 0.944848904558
CREM_TILT 2.569603794e-10 5.298609447e-11 0.874149119 0.819187245 0.946169123 2.335206071e-12 0.876358262775 0.999973416134
CREM_TILT 2.569603794e-10 5.298560787e-11 0.472971114 0.540968697 0.874149119 -2.152165048e-13 0.830489655380 0.978693174407
CREM_TILT 2.593038520e-10 5.298560787e-11 -0.957126863 -0.940093143 0.472971114 3.072207124e-12 -0.318216115560 0.995149614377
CREM_TILT 2.593038520e-10 5.298512129e-11 -0.909526109 -0.898252970 -0.957126863 2.678158114e-12 0.912526045245 0.999953227298
CREM_TILT 2.616472924e-10 5.298512129e-11 -0.689216846 -0.636968614 -0.909526109 7.227389637e-13 0.890939066725 0.997213121005
CREM_TILT 2.616472924e-10 5.298463462e-11 0.612445997 0.727047573 -0.689216846 6.088395325e-13 0.052794675545 0.985683368863
CREM_TILT 2.639905928e-10 5.298463462e-11 0.946392408 0.890296865 0.612445997 2.960606655e-12 0.824601080828 0.941340321590
CREM_TILT 2.639905928e-10 5.298414801e-11 0.869844985 0.809476488 0.946392408 2.289170466e-12 0.871100902072 0.999983594020
CREM_TILT 2.663339687e-10 5.298414801e-11 0.448295748 0.520966250 0.869844985 -3.359274894e-13 0.821211610076 0.974849873270
CREM_TILT 2.663339687e-10 5.298366126e-11 -0.941560712 -0.945905958 0.448295748 3.077210265e-12 -0.310236758345 0.989639570827
CREM_TILT 2.686770968e-10 5.298366126e-11 -0.877217772 -0.885999476 -0.941560712 2.529262286e-12 0.905810236086 0.999976203618
CREM_TILT 2.686770968e-10 5.298317465e-11 -0.839184757 -0.903868591 -0.877217772 2.567106609e-12 0.997880631296 0.996841152803
CREM_TILT 2.689887990e-10 5.298317465e-11 -0.812237809 -0.923337948 -0.839184757 2.632838073e-12 0.997484858118 0.998302422842
CREM_TILT 2.689887990e-10 5.298268803e-11 -0.593041214 -0.572422527 -0.812237809 3.063300365e-13 0.812362074773 0.982814240210
CREM_TILT 2.713318626e-10 5.298268803e-11 0.864225675 0.950062072 -0.593041214 2.525605040e-12 -0.229048696758 0.990818551330
CREM_TILT 2.713318626e-10 5.298220143e-11 0.919354683 0.989549265 0.864225675 2.998568987e-12 0.902273610805 0.999268988891
CREM_TILT 2.736748940e-10 5.298220143e-11 0.776322519 0.848812374 0.919354683 1.758628277e-12 0.911902628538 0.999985990896
CREM_TILT 2.736748940e-10 5.298171480e-11 0.134697679 0.256155939 0.776322519 -1.429172492e-12 0.704241748430 0.987635598474
CREM_TILT 2.760178930e-10 5.298171480e-11 -0.553805441 -0.943682714 0.134697679 2.161275493e-12 -0.110795880165 0.749570741637
CREM_TILT 2.760178930e-10 5.298122813e-11 0.157294608 0.282798681 -0.553805441 -1.389486806e-12 -0.056241784978 0.733914618001
CREM_TILT 2.783607521e-10 5.298122813e-11 0.653327968 0.482566496 0.157294608 6.317045298e-13 -0.414482165457 0.859246350404
CREM_TILT 2.783607521e-10 5.298074148e-11 -0.943967581 -0.877219807 0.653327968 2.604775282e-12 -0.205978985274 0.941693376836
CREM_TILT 2.807034713e-10 5.298074148e-11 -0.979429946 -0.932607432 -0.943967581 3.071290232e-12 0.905801471608 0.999137611691
CREM_TILT 2.807034713e-10 5.298025488e-11 -0.849806523 -0.799184274 -0.979429946 1.909137129e-12 0.916307580240 0.999971663254
CREM_TILT 2.830462658e-10 5.298025488e-11 -0.386326438 -0.273000039 -0.849806523 -1.061043906e-12 0.795049040139 0.986012986816
CREM_TILT 2.830462658e-10 5.297976806e-11 0.948350482 0.720167909 -0.386326438 2.575567252e-12 -0.196480125302 0.859482987059
CREM_TILT 2.853888128e-10 5.297976806e-11 0.574953595 0.548274141 0.948350482 2.969160225e-13 0.591835192289 0.971629524847
CREM_TILT 2.853888128e-10 5.297928133e-11 -0.963647433 -0.884035728 0.574953595 2.692528805e-12 -0.274750238305 0.981150040628
CREM_TILT 2.877313274e-10 5.297928133e-11 -0.983508018 -0.914505573 -0.963647433 2.951177234e-12 0.906030569285 0.999685394041
CREM_TILT 2.877313274e-10 5.297879472e-11 -0.825838909 -0.752915502 -0.983508018 1.575078130e-12 0.910294434327 0.999959358047
CREM_TILT 2.900739174e-10 5.297879472e-11 -0.101959341 0.023385679 -0.825838909 -1.620142822e-12 0.635806947051 0.984071026799
CREM_TILT 2.900739174e-10 5.297830802e-11 0.892936361 0.738918053 -0.101959341 2.289501975e-12 -0.355079788619 0.869021293903
CREM_TILT 2.924162599e-10 5.297830802e-11 0.357344377 0.436788495 0.892936361 -7.332458737e-13 0.720476345869 0.937818673718
CREM_TILT 2.924162599e-10 5.297782129e-11 -0.863788500 -0.954227180 0.357344377 2.951684442e-12 -0.258803805646 0.961124835850
CREM_TILT 2.947585700e-10 5.297782129e-11 -0.738860623 -0.800317263 -0.863788500 1.737327827e-12 0.847491918196 0.999304195730
CREM_TILT 2.947585700e-10 5.297733459e-11 -0.218076951 -0.099713092 -0.738860623 -1.485273569e-12 0.686585140592 0.933074030824
CREM_TILT 2.971009556e-10 5.297733459e-11 0.936125825 0.534410637 -0.218076951 2.079433772e-12 -0.199015656863 0.752939983022
CREM_TILT 2.971009556e-10 5.297684791e-11 -0.465267573 -0.356997327 0.936125825 -7.509612554e-13 -0.160876541515 0.779302083045
CREM_TILT 2.994432012e-10 5.297684791e-11 -0.580989633 -0.908862727 -0.465267573 2.044703741e-12 0.195268657946 0.818328641313
CREM_TILT 2.994432012e-10 5.297636121e-11 0.109971085 0.241246487 -0.580989633 -1.491801588e-12 0.193717580402 0.737753273961
CREM_TILT 3.017854145e-10 5.297636121e-11 0.611625037 0.442180675 0.109971085 4.081008756e-13 -0.414004825116 0.833884012751
CREM_TILT 3.017854145e-10 5.297587451e-11 0.667150549 0.368487135 0.611625037 5.870986305e-13 0.991247627027 0.991624250740
CREM_TILT 3.020997434e-10 5.297587451e-11 0.733756662 0.311934334 0.667150549 7.897284846e-13 0.991429207196 0.994081714489
CREM_TILT 3.020997434e-10 5.297538781e-11 -0.613746462 -0.794718815 0.733756662 1.505225197e-12 0.232953030039 0.974584492034
CREM_TILT 3.044416769e-10 5.297538781e-11 -0.521263997 -0.567594107 -0.613746462 2.472947287e-13 0.179421417385 0.986913123765
CREM_TILT 3.044416769e-10 5.297490104e-11 0.902132226 0.971720991 -0.521263997 2.838495031e-12 -0.256264752158 0.980344585726
CREM_TILT 3.067835781e-10 5.297490104e-11 0.912814785 0.974627692 0.902132226 2.920758962e-12 0.911113888576 0.999852278765
CREM_TILT 3.067835781e-10 5.297441440e-11 0.736110433 0.804579448 0.912814785 1.440524215e-12 0.909437501530 0.999892652984
CREM_TILT 3.091256623e-10 5.297441440e-11 -0.132216152 -0.005262228 0.736110433 -1.609220726e-12 0.497079812698 0.980119068523
CREM_TILT 3.091256623e-10 5.297392759e-11 -0.251508378 -0.119644447 -0.132216152 -1.475888184e-12 -0.868764382848 0.998879813896
CREM_TILT 3.114673913e-10 5.297392759e-11 0.899418200 0.540615017 -0.251508378 1.911102579e-12 -0.137892238600 0.713218264925
CREM_TILT 3.114673913e-10 5.297344091e-11 -0.085926640 0.044928926 0.899418200 -1.640844427e-12 -0.300750046556 0.722322266949
CREM_TILT 3.138091956e-10 5.297344091e-11 -0.647676026 -0.532158426 -0.085926640 1.116563213e-13 -0.688049482228 0.995458333577
CREM_TILT 3.138091956e-10 5.297295413e-11 0.771020935 0.800688095 -0.647676026 1.654437710e-12 -0.118205979454 0.976721642735
CREM_TILT 3.161508601e-10 5.297295413e-11 0.953765563 0.849295565 0.771020935 2.915320569e-12 0.808457482306 0.981320496524
CREM_TILT 3.161508601e-10 5.297246747e-11 0.750285688 0.700687822 0.953765563 1.387276790e-12 0.835768729077 0.997511198260
CREM_TILT 3.184925999e-10 5.297246747e-11 -0.204996501 -0.075348805 0.750285688 -1.543042087e-12 0.380902540806 0.912233559646
CREM_TILT 3.184925999e-10 5.297198071e-11 -0.418796645 -0.429046983 -0.204996501 -4.088729803e-13 -0.735549248126 0.934076667671
CREM_TILT 3.208340921e-10 5.297198071e-11 0.950813397 0.931382750 -0.418796645 3.090084259e-12 -0.261905942797 0.999903516138
CREM_TILT 3.208340921e-10 5.297149407e-11 0.860195111 0.842729103 0.950813397 2.294097461e-12 0.900469245579 0.999995681843
CREM_TILT 3.231757674e-10 5.297149407e-11 0.474147091 0.551108314 0.860195111 -2.094187518e-13 0.848027791571 0.984838783948
CREM_TILT 3.231757674e-10 5.297100728e-11 -0.952981097 -0.937879263 0.474147091 3.050508928e-12 -0.308336238508 0.992486107019
CREM_TILT 3.255171951e-10 5.297100728e-11 -0.911336871 -0.903786837 -0.952981097 2.722546425e-12 0.911020429456 0.999921404561
CREM_TILT 3.255171951e-10 5.297052061e-11 -0.699049400 -0.651960970 -0.911336871 8.180569076e-13 0.892278976729 0.997514018927
CREM_TILT 3.278586982e-10 5.297052061e-11 0.526674923 0.646140336 -0.699049400 8.102728499e-14 0.140471595977 0.979781618806
CREM_TILT 3.278586982e-10 5.297003381e-11 0.949948380 0.815551931 0.526674923 2.811588930e-12 0.749459882798 0.894717332607
CREM_TILT 3.302000614e-10 5.297003381e-11 0.776082838 0.687525452 0.949948380 1.516803640e-12 0.785244327468 0.998492266174
CREM_TILT 3.302000614e-10 5.296954710e-11 -0.159627055 -0.030703617 0.776082838 -1.593654278e-12 0.419449821879 0.893123882904
CREM_TILT 3.325413923e-10 5.296954710e-11 -0.334721593 -0.225448645 -0.159627055 -1.200291636e-12 -0.874874530117 0.994896939340
CREM_TILT 3.325413923e-10 5.296906037e-11 0.950417673 0.674584048 -0.334721593 2.482211155e-12 -0.179213250318 0.843214901357
CREM_TILT 3.348824756e-10 5.296906037e-11 0.392036944 0.444626055 0.950417673 -5.815001220e-13 0.472079599114 0.913214224687
CREM_TILT 3.348824756e-10 5.296857354e-11 0.384271274 0.352653216 0.392036944 -5.769747306e-13 0.994151776868 0.990015310490
CREM_TILT 3.351991073e-10 5.296857354e-11 0.402137186 0.271222474 0.384271274 -4.764985084e-13 0.994135327696 0.991934335824
CREM_TILT 3.351991073e-10 5.296808672e-11 -0.854482713 -0.950822343 0.402137186 2.909468239e-12 -0.057142361909 0.999149725779
CREM_TILT 3.375401261e-10 5.296808672e-11 -0.743369308 -0.821645235 -0.854482713 1.873615428e-12 0.835737115036 0.999742779323
CREM_TILT 3.375401261e-10 5.296760000e-11 -0.299172453 -0.187873328 -0.743369308 -1.300070732e-12 0.717025892905 0.935867603857
CREM_TILT 3.398812203e-10 5.296760000e-11 0.948187725 0.624254054 -0.299172453 2.351685459e-12 -0.167405603436 0.813895931912
CREM_TILT 3.398812203e-10 5.296711331e-11 0.150435523 0.262661135 0.948187725 -1.384537306e-12 0.277946611544 0.811802975293
CREM_TILT 3.422221746e-10 5.296711331e-11 -0.579363411 -0.944363739 0.150435523 2.226538162e-12 -0.132724667153 0.789817514175
CREM_TILT 3.422221746e-10 5.296662659e-11 -0.010259245 0.122504361 -0.579363411 -1.633266587e-12 0.092771667156 0.697795339584
CREM_TILT 3.445630966e-10 5.296662659e-11 0.195089323 0.301513628 -0.010259245 -1.275933456e-12 -0.882308343723 0.987290713546
CREM_TILT 3.445630966e-10 5.296613973e-11 -0.643028956 -0.948918478 0.195089323 2.400052026e-12 -0.141075289457 0.833382475947
CREM_TILT 3.469038230e-10 5.296613973e-11 -0.338336870 -0.242194772 -0.643028956 -1.138117583e-12 0.368370880275 0.851120380962
CREM_TILT 3.469038230e-10 5.296565299e-11 0.952195086 0.719556873 -0.338336870 2.599398477e-12 -0.186906524985 0.885942308522
CREM_TILT 3.492444978e-10 5.296565299e-11 0.514004266 0.520876615 0.952195086 -1.488055501e-14 0.609320419109 0.956826243660
CREM_TILT 3.492444978e-10 5.296516629e-11 -0.976873462 -0.929211801 0.514004266 3.044882970e-12 -0.312110414433 0.997354183993
CREM_TILT 3.515851594e-10 5.296516629e-11 -0.945197483 -0.901909178 -0.976873462 2.782764780e-12 0.916749992180 0.999963814942
CREM_TILT 3.515851594e-10 5.296467961e-11 -0.741419983 -0.678846653 -0.945197483 1.016853532e-12 0.902929587363 0.999230510892
CREM_TILT 3.539259224e-10 5.296467961e-11 0.347260504 0.471587620 -0.741419983 -8.004515584e-13 0.294832773453 0.980933574552
CREM_TILT 3.539259224e-10 5.296419276e-11 0.939417896 0.620811810 0.347260504 2.296955571e-12 0.403810616104 0.780018897103
CREM_TILT 3.562664646e-10 5.296419276e-11 0.031579136 0.154677467 0.939417896 -1.580818054e-12 0.268040716460 0.784463191536
CREM_TILT 3.562664646e-10 5.296370599e-11 -0.586060741 -0.915988671 0.031579136 2.094737222e-12 -0.221982395312 0.778030887146
CREM_TILT 3.586068664e-10 5.296370599e-11 0.054216319 0.186441613 -0.586060741 -1.576346454e-12 0.217050217379 0.727256698740
CREM_TILT 3.586068664e-10 5.296321912e-11 0.424129234 0.392104897 0.054216319 -4.244807055e-13 -0.646541449941 0.909564790130
CREM_TILT 3.609472225e-10 5.296321912e-11 -0.921998107 -0.951498598 0.424129234 3.074664869e-12 -0.232330850615 0.999993380774
CREM_TILT 3.609472225e-10 5.296273243e-11 -0.830017305 -0.856335814 -0.921998107 2.246496317e-12 0.894928250881 0.999989302686
CREM_TILT 3.632876730e-10 5.296273243e-11 -0.528133532 -0.447999476 -0.830017305 -3.387059724e-13 0.838029540074 0.981003565688
CREM_TILT 3.632876730e-10 5.296224566e-11 0.944666499 0.937022092 -0.528133532 3.062984406e-12 -0.329872671564 0.986062555690
CREM_TILT 3.656278765e-10 5.296224566e-11 0.890299091 0.876581481 0.944666499 2.560647757e-12 0.903590461586 0.999956620635
CREM_TILT 3.656278765e-10 5.296175897e-11 0.584235032 0.637413469 0.890299091 3.934793954e-13 0.873400775891 0.993258096062
CREM_TILT 3.679682543e-10 5.296175897e-11 -0.914160186 -0.821886308 0.584235032 2.170876564e-12 -0.221899270337 0.995736830400
CREM_TILT 3.679682543e-10 5.296127226e-11 -0.879777369 -0.760139315 -0.914160186 1.700143232e-12 0.965649868127 0.995230352500
CREM_TILT 3.682875094e-10 2.409855554e-11 -0.124551260 0.013970587 0.662377671 -3.746334146e-11 0.726247278911 0.948531686795
# fotony=3 odmowy ceiling=3 kinematyka=0 odrzut=0
# outcome=0 (0=ReachedCutoff 1=ObservationLimit 2=NumericalFailure) calib=3.682875e-10 s
   40    ChannelClosed   123.8197     410.86   0.47718   1.0000  3.6829e-10         nan

# R292a udzial ComptonBarrier: 0/1  (RetardationLimit 0, GroundStateFloor 0, None 0)
# R292b konczy PONIZEJ bariery: 0 z 1 skonczonych
# R292c stosunek < 150: 0 z 1; z tego konczonych BARIERA: 0
# R292d L doszlo do kontaktu (L <= 0.0427 hbar): 0/1
# r_p/r* zakres: 123.8197 .. 123.8197
# okres/przelot zakres: 410.86 .. 410.86 (prog 150)
