# poziom=1 podloga=0 bohr=0 emisja=deterministyczna
# model reakcji: stochasticElectricDipole
# ziaren=1 budzet=150 s/ziarno zjawisko=1
# bariera r*=1.933035e-13 m, L_kontakt=sqrt(mu k r*)=0.0427 hbar
ziarno        przyczyna     r_p/r*  okres/prz  L [hbar]    1-e^2   zycie [s]   t_kontakt
# nan w zyciu = przebieg ocenzurowany budzetem, nie wynik fizyczny
CREM_TILT 0.000000000e+00 1.058350888e-10 0.552586071 0.030648707 0.181568278 -8.166976588e-14 0.839197463456 0.967067052600
CREM_TILT 3.039659758e-16 1.058350888e-10 0.552606381 0.030668043 0.552586071 -8.166606880e-14 0.999999998301 0.999999999988
CREM_TILT 3.039659758e-16 1.058347444e-10 0.943402063 0.237487548 0.552606381 2.029122236e-14 0.549733690395 0.927013306791
CREM_TILT 1.867405857e-11 1.058347444e-10 0.677320787 0.138727613 0.943402063 -5.442093120e-14 0.702863053722 0.949785571909
CREM_TILT 1.867405857e-11 1.058343999e-10 0.942971184 0.292991346 0.677320787 2.491268319e-14 0.768683079053 0.972028628759
CREM_TILT 3.734772201e-11 1.058343999e-10 0.667397580 0.132642752 0.942971184 -5.689419324e-14 0.750501569485 0.968841271300
CREM_TILT 3.734772201e-11 1.058340554e-10 0.947415927 0.289681256 0.667397580 2.594454021e-14 0.735999875089 0.965784512263
CREM_TILT 5.602129429e-11 1.058340554e-10 0.646159323 0.114195916 0.947415927 -6.202702141e-14 0.711758180009 0.963086287300
CREM_TILT 5.602129429e-11 1.058337109e-10 0.951821864 0.283883159 0.646159323 2.673651575e-14 0.694514578393 0.958820020345
CREM_TILT 7.469447146e-11 1.058337109e-10 0.622414566 0.093235910 0.951821864 -6.747420830e-14 0.667617673244 0.955698462514
CREM_TILT 7.469447146e-11 1.058333664e-10 0.954713251 0.275765292 0.622414566 2.686364560e-14 0.651250417327 0.950827021508
CREM_TILT 9.336755747e-11 1.058333664e-10 0.607486721 0.079754204 0.954713251 -7.073601117e-14 0.636042370833 0.948987743474
CREM_TILT 9.336755747e-11 1.058330219e-10 0.955311501 0.269883927 0.607486721 2.651336177e-14 0.627843433091 0.946025761465
CREM_TILT 1.120405523e-10 1.058330219e-10 0.606759007 0.078874197 0.955311501 -7.088859131e-14 0.629154665142 0.946229653068
CREM_TILT 1.120405523e-10 1.058326774e-10 0.955402335 0.269837851 0.606759007 2.653584618e-14 0.628790707592 0.946166788311
CREM_TILT 1.307131521e-10 1.058326774e-10 0.606555472 0.078688226 0.955402335 -7.093297992e-14 0.628604974939 0.946143318615
CREM_TILT 1.307131521e-10 1.058323329e-10 0.955405541 0.269755851 0.606555472 2.652974610e-14 0.628501937286 0.946104149345
CREM_TILT 1.493856606e-10 1.058323329e-10 0.606589691 0.078715489 0.955405541 -7.092652312e-14 0.628569537642 0.946113448706
CREM_TILT 1.493856606e-10 1.058319884e-10 0.955408005 0.269776560 0.606589691 2.653260103e-14 0.628584207177 0.946121737936
CREM_TILT 1.680580781e-10 1.058319884e-10 0.606572135 0.078701101 0.955408005 -7.093122580e-14 0.628553186693 0.946117503873
CREM_TILT 1.680580781e-10 1.058316439e-10 0.955403338 0.269761533 0.606572135 2.653020050e-14 0.628552290943 0.946112670651
CREM_TILT 1.867301004e-10 1.058316439e-10 0.606587331 0.078712783 0.955403338 -7.092886384e-14 0.628586167764 0.946117367555
CREM_TILT 1.867301004e-10 1.058312994e-10 0.606776602 0.078890523 0.606587331 -7.088945234e-14 0.999999867812 0.999999998868
CREM_TILT 1.867328359e-10 6.204178894e-11 0.970475625 0.911801989 0.950329666 1.591234976e-12 0.991764030471 0.990268719195
CREM_TILT 1.867328359e-10 6.204133919e-11 0.970473320 0.911806858 0.970475625 1.591278395e-12 0.999999999773 0.999999999923
CREM_TILT 1.867329724e-10 6.204133919e-11 0.970470966 0.911811679 0.970473320 1.591275437e-12 0.999999999781 0.999999999923
CREM_TILT 1.867329724e-10 6.204088945e-11 0.952913355 0.884941645 0.970470966 1.494808393e-12 0.929278529569 0.999875205701
CREM_TILT 1.904949445e-10 6.204088945e-11 0.788681549 0.757513414 0.952913355 8.019371217e-13 0.926257454027 0.997776607862
CREM_TILT 1.904949445e-10 6.204043966e-11 0.033746830 0.082504084 0.788681549 -8.619134977e-13 0.632875915045 0.962677990821
CREM_TILT 1.942567392e-10 6.204043966e-11 -0.620657321 -0.755055182 0.033746830 6.026668967e-13 -0.617581385384 0.904934585956
CREM_TILT 1.942567392e-10 6.203998986e-11 0.834927168 0.882726508 -0.620657321 1.061912135e-12 -0.386786557605 0.909609599425
CREM_TILT 1.980184931e-10 6.203998986e-11 0.960196474 0.994562754 0.834927168 1.650601841e-12 0.917673414547 0.996512589068
CREM_TILT 1.980184931e-10 6.203954012e-11 0.875246366 0.909547745 0.960196474 1.234653318e-12 0.946053821718 0.999999959000
CREM_TILT 2.017802060e-10 6.203954012e-11 0.517001593 0.562194314 0.875246366 -1.033883534e-13 0.859150872113 0.998152705975
CREM_TILT 2.017802060e-10 6.203909033e-11 -0.729290511 -0.843053183 0.517001593 9.579808921e-13 -0.797433166821 0.929826421911
CREM_TILT 2.055417416e-10 6.203909033e-11 -0.451737217 -0.413997288 -0.729290511 -3.648185659e-13 0.822399088374 0.945356984741
CREM_TILT 2.055417416e-10 6.203864047e-11 0.799216257 0.609315742 -0.451737217 7.249647504e-13 -0.751119607107 0.908608342292
CREM_TILT 2.093030999e-10 6.203864047e-11 -0.616068818 -0.566466345 0.799216257 4.345280995e-14 -0.307560457104 0.866694827324
CREM_TILT 2.093030999e-10 6.203819062e-11 -0.837071263 -0.968619966 -0.616068818 1.495024079e-12 0.636774970127 0.901217738286
CREM_TILT 2.130644173e-10 6.203819062e-11 -0.765527800 -0.895709005 -0.837071263 1.165548771e-12 0.860311542413 0.999998272749
CREM_TILT 2.130644173e-10 6.203774085e-11 -0.573318739 -0.563139094 -0.765527800 2.774051630e-14 0.858727928370 0.967377086459
CREM_TILT 2.168258302e-10 6.203774085e-11 0.638600295 0.607964317 -0.573318739 2.535448993e-13 -0.903156194540 0.995464553377
CREM_TILT 2.168258302e-10 6.203729106e-11 -0.698696383 -0.679258103 0.638600295 4.127554148e-13 -0.914341655465 0.992446865578
CREM_TILT 2.205870657e-10 6.203729106e-11 0.719071125 0.746361872 -0.698696383 5.648739442e-13 -0.952700296252 0.999637961087
CREM_TILT 2.205870657e-10 6.203684124e-11 -0.900519650 -0.863241505 0.719071125 1.181881437e-12 -0.938435697463 0.999120496988
CREM_TILT 2.243482604e-10 6.203684124e-11 -0.413656227 -0.366388704 -0.900519650 -4.704752706e-13 0.773395284712 0.997908647090
CREM_TILT 2.243482604e-10 6.203639136e-11 0.904428234 0.626032925 -0.413656227 1.050875734e-12 -0.644750653253 0.830225637622
CREM_TILT 2.281091413e-10 6.203639136e-11 0.171406981 0.216857490 0.904428234 -7.676533975e-13 0.528703193257 0.838866470738
CREM_TILT 2.281091413e-10 6.203594155e-11 -0.397896755 -0.818395319 0.171406981 6.108037050e-13 -0.550040220808 0.757554720874
CREM_TILT 2.318699813e-10 6.203594155e-11 0.979897206 0.880456894 -0.397896755 1.588386316e-12 -0.521768890147 0.938259388695
CREM_TILT 2.318699813e-10 6.203549178e-11 0.876298814 0.793472906 0.979897206 1.127657977e-12 0.908290750666 0.999677632605
CREM_TILT 2.356310533e-10 6.203549178e-11 0.576648833 0.596386321 0.876298814 7.009452425e-14 0.887868699663 0.976823002570
CREM_TILT 2.356310533e-10 6.203504192e-11 0.576792335 0.570060146 0.576648833 6.593659436e-14 0.998610002261 0.997398441452
CREM_TILT 2.358618550e-10 5.299115500e-11 0.175548313 -0.240319347 0.117432150 -1.701288654e-12 0.996230936893 0.999614339447
CREM_TILT 2.358618550e-10 5.299066820e-11 0.175571311 -0.240296064 0.175548313 -1.701358913e-12 0.999999991672 0.999999999992
CREM_TILT 2.358619627e-10 5.299066820e-11 0.175594327 -0.240272762 0.175571311 -1.701366655e-12 0.999999991672 0.999999999992
CREM_TILT 2.358619627e-10 5.299018140e-11 0.338286196 -0.082095500 0.175594327 -1.620012866e-12 -0.841681070601 0.998907376180
CREM_TILT 2.382057388e-10 5.299018140e-11 0.032886086 -0.394653316 0.338286196 -1.530619854e-12 -0.928768089986 0.998772627965
CREM_TILT 2.382057388e-10 5.298969458e-11 0.379818929 -0.060229410 0.032886086 -1.550338434e-12 -0.837192234974 0.998040500970
CREM_TILT 2.405494826e-10 5.298969458e-11 0.072445812 -0.346639170 0.379818929 -1.609998722e-12 -0.785963027169 0.992381572604
CREM_TILT 2.405494826e-10 5.298920775e-11 0.409475221 -0.036728476 0.072445812 -1.497549159e-12 -0.767874140390 0.988939427739
CREM_TILT 2.428931942e-10 5.298920775e-11 0.108581782 -0.307635814 0.409475221 -1.657507304e-12 -0.746796378898 0.983910379095
CREM_TILT 2.428931942e-10 5.298872093e-11 0.433695247 0.001499904 0.108581782 -1.452921009e-12 -0.800980833966 0.993128579054
CREM_TILT 2.452367657e-10 5.298872093e-11 0.138463472 -0.320342405 0.433695247 -1.612599147e-12 -0.841553866875 0.994193198952
CREM_TILT 2.452367657e-10 5.298823410e-11 0.915968247 0.315731647 0.138463472 3.569257974e-13 -0.073803840460 0.949847861312
CREM_TILT 2.475803050e-10 5.298823410e-11 0.420172556 -0.033650543 0.915968247 -1.475542132e-12 0.228370410196 0.944348170410
CREM_TILT 2.475803050e-10 5.298774727e-11 0.944087820 0.238881457 0.420172556 2.872841926e-13 0.150026675887 0.878742772095
CREM_TILT 2.499238119e-10 5.298774727e-11 0.098736085 -0.332386701 0.944087820 -1.620209496e-12 -0.002702224034 0.828791242949
CREM_TILT 2.499238119e-10 5.298726053e-11 0.399257504 -0.025717396 0.098736085 -1.523571003e-12 -0.871828520240 0.999353860387
CREM_TILT 2.522671789e-10 5.298726053e-11 0.130109934 -0.332951568 0.399257504 -1.597802840e-12 -0.869223820062 0.986696519841
CREM_TILT 2.522671789e-10 5.298677379e-11 0.920897547 0.318884835 0.130109934 3.830321958e-13 -0.059182938557 0.953195640262
CREM_TILT 2.546105136e-10 5.298677379e-11 0.419317937 -0.032998083 0.920897547 -1.477715805e-12 0.252756992404 0.941542538052
CREM_TILT 2.546105136e-10 5.298628704e-11 0.943755056 0.237802692 0.419317937 2.836380749e-13 0.143312460223 0.875649283609
CREM_TILT 2.569538160e-10 5.298628704e-11 0.095367643 -0.336464434 0.943755056 -1.615144664e-12 -0.006428290469 0.830279026639
CREM_TILT 2.569538160e-10 5.298580030e-11 0.395199994 -0.029204012 0.095367643 -1.531331411e-12 -0.877257395066 0.999056508822
CREM_TILT 2.592969785e-10 5.298580030e-11 0.123419619 -0.338709825 0.395199994 -1.592678166e-12 -0.875873456206 0.986570869983
CREM_TILT 2.592969785e-10 5.298531355e-11 0.901216960 0.314809829 0.123419619 2.978751790e-13 -0.146577381352 0.960224781312
CREM_TILT 2.616401086e-10 5.298531355e-11 0.475979552 0.011156734 0.901216960 -1.354606137e-12 0.259794971641 0.962588868379
CREM_TILT 2.616401086e-10 5.298482683e-11 0.950226082 0.281820525 0.475979552 4.099221566e-13 0.558218640447 0.918152185199
CREM_TILT 2.639832065e-10 5.298482683e-11 0.228995446 -0.200132849 0.950226082 -1.689233902e-12 0.361229819745 0.851885329191
CREM_TILT 2.639832065e-10 5.298434003e-11 0.811632084 0.212283041 0.228995446 -2.204467836e-13 -0.320711281118 0.904400703677
CREM_TILT 2.663262721e-10 5.298434003e-11 0.139962833 -0.278122420 0.811632084 -1.680961748e-12 -0.313711482158 0.867564195923
CREM_TILT 2.663262721e-10 5.298385332e-11 0.260866056 -0.153193198 0.139962833 -1.695471700e-12 -0.907966911703 0.998366861276
CREM_TILT 2.686691977e-10 5.298385332e-11 0.040344333 -0.378750596 0.260866056 -1.562287379e-12 -0.942166954835 0.997764083790
CREM_TILT 2.686691977e-10 5.298336661e-11 0.144515939 -0.271447270 0.040344333 -1.687497636e-12 0.921123146357 0.999415937212
CREM_TILT 2.689806862e-10 5.298336661e-11 0.207572079 -0.207169612 0.144515939 -1.708911902e-12 0.927598207615 0.999824528264
CREM_TILT 2.689806862e-10 5.298287986e-11 0.352141742 -0.081515731 0.207572079 -1.594669555e-12 -0.821607143127 0.989252362256
CREM_TILT 2.713235473e-10 5.298287986e-11 0.066605021 -0.353116249 0.352141742 -1.601504021e-12 -0.809869862934 0.996111869493
CREM_TILT 2.713235473e-10 5.298239315e-11 0.401841254 -0.046200290 0.066605021 -1.511409568e-12 -0.764455905149 0.988731935466
CREM_TILT 2.736662684e-10 5.298239315e-11 0.032128080 -0.391434140 0.401841254 -1.538772610e-12 -0.778894111202 0.992748701711
CREM_TILT 2.736662684e-10 5.298190643e-11 0.337420702 -0.126613102 0.032128080 -1.593248016e-12 -0.704246033197 0.984567991040
CREM_TILT 2.760089572e-10 5.298190643e-11 -0.319223599 -0.918677085 0.337420702 3.752580522e-13 -0.371637853534 0.955429547204
CREM_TILT 2.760089572e-10 5.298141968e-11 0.023642293 -0.430628622 -0.319223599 -1.455776680e-12 0.180233444650 0.945303438228
CREM_TILT 2.783517214e-10 5.298141968e-11 -0.256201575 -0.955625247 0.023642293 3.690094418e-13 0.190224401871 0.883367964977
CREM_TILT 2.783517214e-10 5.298093294e-11 0.284181612 -0.141272025 -0.256201575 -1.670283590e-12 -0.432160039581 0.814748379552
CREM_TILT 2.806943456e-10 5.298093294e-11 -0.045603299 -0.488445897 0.284181612 -1.322580485e-12 -0.851293970520 0.996195458103
CREM_TILT 2.806943456e-10 5.298044614e-11 0.250766375 -0.219945778 -0.045603299 -1.639123306e-12 -0.664966557619 0.995338396780
CREM_TILT 2.830368299e-10 5.298044614e-11 -0.040322582 -0.777517862 0.250766375 -5.943049063e-13 0.597741542101 0.883675554161
CREM_TILT 2.830368299e-10 5.297995940e-11 0.465511081 -0.145164359 -0.040322582 -1.375259521e-12 0.564507699929 0.982196688273
CREM_TILT 2.853792819e-10 5.297995940e-11 0.408016284 -0.428098886 0.465511081 -1.378957618e-12 0.900195847231 0.950485305058
CREM_TILT 2.853792819e-10 5.297947261e-11 0.139414100 -0.712702472 0.408016284 -9.710278009e-13 0.910131688447 0.999811105131
CREM_TILT 2.877215940e-10 5.297947261e-11 -0.160928208 -0.956532793 0.139414100 1.448853980e-13 0.836121285503 0.997557693625
CREM_TILT 2.877215940e-10 5.297898583e-11 0.576758026 0.024541198 -0.160928208 -1.108702132e-12 -0.154232559697 0.931927308552
CREM_TILT 2.900639815e-10 5.297898583e-11 -0.318816810 -0.868888590 0.576758026 1.806453744e-13 -0.490517859152 0.999991062603
CREM_TILT 2.900639815e-10 5.297849907e-11 -0.140863346 -0.638373842 -0.318816810 -8.627146154e-13 0.428585450994 0.993318689067
CREM_TILT 2.924063366e-10 5.297849907e-11 -0.189809955 -0.746514189 -0.140863346 -4.702833253e-13 0.983391478390 0.991737623693
CREM_TILT 2.924063366e-10 5.297801225e-11 -0.026506430 -0.526315730 -0.189809955 -1.231522354e-12 0.924670925037 0.992449904927
CREM_TILT 2.947485519e-10 5.297801225e-11 -0.216904985 -0.844036235 -0.026506430 -1.029383764e-13 0.835489554382 0.969688299277
CREM_TILT 2.947485519e-10 5.297752552e-11 0.113320656 -0.357032815 -0.216904985 -1.567934335e-12 0.647404432604 0.947238984684
CREM_TILT 2.970907348e-10 5.297752552e-11 0.787213626 0.051905533 0.113320656 -5.519947929e-13 -0.383342536228 0.884375424013
CREM_TILT 2.970907348e-10 5.297703869e-11 0.166767238 -0.435214802 0.787213626 -1.420396205e-12 0.721552425328 0.979843817730
CREM_TILT 2.994327778e-10 5.297703869e-11 0.422550021 -0.408892314 0.166767238 -1.380799910e-12 0.988193783559 0.947657807502
CREM_TILT 2.994327778e-10 5.297655184e-11 0.705878387 -0.143683976 0.422550021 -9.873447833e-13 0.920194063207 0.999756277114
CREM_TILT 3.017746809e-10 5.297655184e-11 0.954251659 0.159602423 0.705878387 1.346521772e-13 0.806617485252 0.997686617031
CREM_TILT 3.017746809e-10 5.297606509e-11 0.982530192 0.171871937 0.954251659 2.534499776e-13 0.968587352867 0.999796164362
CREM_TILT 3.020886886e-10 5.297606509e-11 0.950355925 0.164564478 0.982530192 1.342419397e-13 0.966091326061 0.999503857078
CREM_TILT 3.020886886e-10 5.297557829e-11 -0.291568996 -0.861961532 0.950355925 1.013584033e-13 -0.253277598037 0.948002858410
CREM_TILT 3.044306348e-10 5.297557829e-11 -0.004287265 -0.478206214 -0.291568996 -1.350498163e-12 0.079991095421 0.976375264127
CREM_TILT 3.044306348e-10 5.297509150e-11 -0.277131703 -0.940996053 -0.004287265 3.651141820e-13 0.559963803037 0.931220356384
CREM_TILT 3.067724410e-10 5.297509150e-11 0.189460699 -0.243153701 -0.277131703 -1.683515290e-12 0.157706067747 0.864963696937
CREM_TILT 3.067724410e-10 5.297460469e-11 -0.259351347 -0.899642697 0.189460699 1.751163589e-13 -0.352828492836 0.882612551347
CREM_TILT 3.091142150e-10 5.297460469e-11 0.254890000 -0.165830494 -0.259351347 -1.692496409e-12 -0.568444830223 0.845194171712
CREM_TILT 3.091142150e-10 5.297411782e-11 -0.026757039 -0.469686938 0.254890000 -1.370844580e-12 -0.863545295927 0.992632441098
CREM_TILT 3.114558490e-10 5.297411782e-11 0.333560956 -0.113870204 -0.026757039 -1.609385680e-12 -0.809103465576 0.999839336528
CREM_TILT 3.114558490e-10 5.297363095e-11 -0.223916755 -0.731849492 0.333560956 -4.745273086e-13 -0.708273031234 0.984524037794
CREM_TILT 3.137974508e-10 5.297363095e-11 -0.044221952 -0.554455213 -0.223916755 -1.155638576e-12 -0.018669860342 0.999985538606
CREM_TILT 3.137974508e-10 5.297314411e-11 -0.179857673 -0.788253703 -0.044221952 -3.499734444e-13 0.916536766348 0.981801884840
CREM_TILT 3.161390203e-10 5.297314411e-11 0.074448509 -0.419822373 -0.179857673 -1.467524642e-12 0.804344329635 0.973721933322
CREM_TILT 3.161390203e-10 5.297265735e-11 -0.250492943 -0.948120865 0.074448509 3.289304381e-13 0.105498320425 0.933225336530
CREM_TILT 3.184804498e-10 5.297265735e-11 0.295395730 -0.129931757 -0.250492943 -1.662888081e-12 -0.502807907765 0.815812908509
CREM_TILT 3.184804498e-10 5.297217053e-11 -0.002950442 -0.434113646 0.295395730 -1.453991920e-12 -0.854642147528 0.999427061160
CREM_TILT 3.208218471e-10 5.297217053e-11 0.299978006 -0.165691188 -0.002950442 -1.624984433e-12 -0.706782354553 0.990856044555
CREM_TILT 3.208218471e-10 5.297168372e-11 -0.277047478 -0.945938365 0.299978006 3.832289998e-13 0.018894921226 0.918918747603
CREM_TILT 3.231632122e-10 5.297168372e-11 0.198156565 -0.233340586 -0.277047478 -1.687380123e-12 0.110176020818 0.858200107273
CREM_TILT 3.231632122e-10 5.297119682e-11 -0.244835578 -0.865620505 0.198156565 2.443579039e-14 -0.446072431582 0.894328844615
CREM_TILT 3.255044373e-10 5.297119682e-11 0.264479895 -0.157080079 -0.244835578 -1.687411316e-12 -0.651250878191 0.864871473825
CREM_TILT 3.255044373e-10 5.297070992e-11 -0.020816395 -0.459707303 0.264479895 -1.395354248e-12 -0.863854603345 0.995246383161
CREM_TILT 3.278456301e-10 5.297070992e-11 0.318840234 -0.135615667 -0.020816395 -1.619375697e-12 -0.769317387847 0.998140758499
CREM_TILT 3.278456301e-10 5.297022303e-11 -0.303376028 -0.880718907 0.318840234 1.957229808e-13 -0.483398792179 0.957520941585
CREM_TILT 3.301867907e-10 5.297022303e-11 -0.013529855 -0.484515385 -0.303376028 -1.335666011e-12 0.144805388398 0.971523750181
CREM_TILT 3.301867907e-10 5.296973614e-11 -0.278062316 -0.938741375 -0.013529855 3.590596477e-13 0.578945460854 0.929816947513
CREM_TILT 3.325279189e-10 5.296973614e-11 0.184490770 -0.248365511 -0.278062316 -1.682415039e-12 0.178155956299 0.867977206889
CREM_TILT 3.325279189e-10 5.296924931e-11 -0.262984480 -0.911030711 0.184490770 2.240527132e-13 -0.312953322215 0.877436106411
CREM_TILT 3.348689073e-10 5.296924931e-11 0.252968828 -0.167200632 -0.262984480 -1.694596038e-12 -0.541673299040 0.836156242223
CREM_TILT 3.348689073e-10 5.296876251e-11 0.158844500 -0.260069793 0.252968828 -1.692717450e-12 0.937080893468 0.999938069178
CREM_TILT 3.351850026e-10 5.296876251e-11 0.055321368 -0.366153936 0.158844500 -1.583012578e-12 0.931843743624 0.999764630685
CREM_TILT 3.351850026e-10 5.296827561e-11 -0.004454287 -0.682529353 0.055321368 -8.718338777e-13 0.893473557310 0.816556716720
CREM_TILT 3.375259264e-10 5.296827561e-11 0.265529027 -0.344079227 -0.004454287 -1.496192788e-12 0.868540254171 0.994244489030
CREM_TILT 3.375259264e-10 5.296778874e-11 0.439929960 -0.316916719 0.265529027 -1.390837936e-12 0.991322362898 0.976526477112
CREM_TILT 3.398667103e-10 5.296778874e-11 0.285073434 -0.546887097 0.439929960 -1.297464790e-12 0.945999852945 0.995432097779
CREM_TILT 3.398667103e-10 5.296730194e-11 -0.010060714 -0.831220813 0.285073434 -5.130618298e-13 0.889631046504 0.999911268598
CREM_TILT 3.422074620e-10 5.296730194e-11 0.749626510 0.058495855 -0.010060714 -6.404243337e-13 -0.527512982430 0.985070723690
CREM_TILT 3.422074620e-10 5.296681509e-11 0.315160679 -0.264662175 0.749626510 -1.526402461e-12 0.858582322950 0.984162281273
CREM_TILT 3.445481814e-10 5.296681509e-11 0.270437405 -0.496140412 0.315160679 -1.342462984e-12 0.932159317893 0.960572972995
CREM_TILT 3.445481814e-10 5.296632816e-11 0.496031048 -0.359062919 0.270437405 -1.353266237e-12 0.977840768519 0.993854399643
CREM_TILT 3.468887608e-10 5.296632816e-11 0.781989525 -0.073251182 0.496031048 -7.574165053e-13 0.900440710091 0.999999984401
CREM_TILT 3.468887608e-10 5.296584131e-11 0.974915880 0.203882399 0.781989525 3.088343553e-13 0.676920298744 0.994463308239
CREM_TILT 3.492293081e-10 5.296584131e-11 -0.036435259 -0.531835185 0.974915880 -1.216138571e-12 0.038454531788 0.893967633964
CREM_TILT 3.492293081e-10 5.296535451e-11 0.428108778 -0.000378359 -0.036435259 -1.468055063e-12 -0.959752237428 0.973015584149
CREM_TILT 3.515698230e-10 5.296535451e-11 0.203690805 -0.272372530 0.428108778 -1.630113801e-12 -0.796811831353 0.983650984976
CREM_TILT 3.515698230e-10 5.296486770e-11 0.790330352 0.054326652 0.203690805 -5.407243135e-13 0.799180439793 0.891628645036
CREM_TILT 3.539103057e-10 5.296486770e-11 0.165602249 -0.435075209 0.790330352 -1.422134801e-12 0.717886214616 0.979202614220
CREM_TILT 3.539103057e-10 5.296438079e-11 0.425007330 -0.405972127 0.165602249 -1.382108043e-12 0.987902289912 0.947120197543
CREM_TILT 3.562506485e-10 5.296438079e-11 0.708849692 -0.139763885 0.425007330 -9.789466933e-13 0.919392304192 0.999768862611
CREM_TILT 3.562506485e-10 5.296389395e-11 0.957358862 0.165099298 0.708849692 1.575454034e-13 0.799351501905 0.997555758497
CREM_TILT 3.585909590e-10 5.296389395e-11 -0.009195682 -0.555047209 0.957358862 -1.169373316e-12 0.290024053412 0.928850340089
CREM_TILT 3.585909590e-10 5.296340713e-11 0.898068802 0.330612581 -0.009195682 3.193723553e-13 -0.378115680565 0.999124571205
CREM_TILT 3.609312373e-10 5.296340713e-11 0.583524355 0.103997961 0.898068802 -1.049626201e-12 0.453389124715 0.980785051546
CREM_TILT 3.609312373e-10 5.296292033e-11 0.838616340 0.244692170 0.583524355 -7.120103627e-14 0.890039794195 0.970352791254
CREM_TILT 3.632714833e-10 5.296292033e-11 0.399756652 -0.061726379 0.838616340 -1.512445502e-12 0.783315986420 0.955843452877
CREM_TILT 3.632714833e-10 5.296243341e-11 0.860991181 0.146305037 0.399756652 -1.810438242e-13 -0.140360854029 0.884716584176
CREM_TILT 3.656115894e-10 5.296243341e-11 -0.290642420 -0.836573761 0.860991181 4.253322409e-15 -0.366993707472 0.962132441509
CREM_TILT 3.656115894e-10 5.296194656e-11 -0.092127148 -0.590198172 -0.290642420 -1.037739418e-12 0.237374218419 0.994385536322
CREM_TILT 3.679516632e-10 5.296194656e-11 -0.197357056 -0.783500969 -0.092127148 -3.386435922e-13 0.942762913601 0.983524670373
CREM_TILT 3.679516632e-10 5.296145971e-11 -0.250498283 -0.894692640 -0.197357056 1.389544834e-13 0.965137865761 0.995350985382
CREM_TILT 3.682697376e-10 2.409904681e-11 -0.778990892 -0.963666212 0.504714230 6.378156882e-11 0.126386737690 -0.022600383407
# fotony=3 odmowy ceiling=3 kinematyka=0 odrzut=0
# outcome=0 (0=ReachedCutoff 1=ObservationLimit 2=NumericalFailure) calib=3.682697e-10 s
   40    ChannelClosed   124.6696     410.86   0.47718   1.0000  3.6827e-10         nan

# R292a udzial ComptonBarrier: 0/1  (RetardationLimit 0, GroundStateFloor 0, None 0)
# R292b konczy PONIZEJ bariery: 0 z 1 skonczonych
# R292c stosunek < 150: 0 z 1; z tego konczonych BARIERA: 0
# R292d L doszlo do kontaktu (L <= 0.0427 hbar): 0/1
# r_p/r* zakres: 124.6696 .. 124.6696
# okres/przelot zakres: 410.86 .. 410.86 (prog 150)
