  PHOTON t=0.151265ps r=952522fm hbar*omega=8.07356e-20J emitted=1 n=(-0.951823,0.0830136,-0.295198)
  PHOTON t=0.19516ps r=550105fm hbar*omega=1.84401e-19J emitted=1 n=(0.587257,0.628544,0.509962)
  PHOTON t=0.203146ps r=172703fm hbar*omega=1.00845e-18J emitted=1 n=(-0.640562,0.569608,0.515002)
  PHOTON t=0.203658ps r=40478.5fm hbar*omega=9.63184e-18J emitted=1 n=(0.574515,0.257287,0.777004)
  PHOTON t=0.203712ps r=10814.7fm hbar*omega=6.08921e-17J emitted=1 n=(-0.413155,-0.524867,0.744189)
  PHOTON t=0.203713ps r=4513.97fm hbar*omega=2.24766e-16J emitted=1 n=(-0.776237,-0.610962,0.155505)
  PHOTON t=0.203713ps r=2917.31fm hbar*omega=4.34554e-16J emitted=1 n=(-0.758567,0.566361,-0.322197)
  PHOTON t=0.203713ps r=2182.02fm hbar*omega=6.77316e-16J emitted=1 n=(0.196575,0.969571,0.14591)
  PHOTON t=0.203713ps r=1769.05fm hbar*omega=9.35863e-16J emitted=1 n=(-0.188199,0.869766,-0.456166)
  PHOTON t=0.203713ps r=1534.29fm hbar*omega=1.16501e-15J emitted=1 n=(-0.218027,-0.422972,-0.879522)
  PHOTON t=0.203713ps r=1342.24fm hbar*omega=1.42923e-15J emitted=1 n=(-0.491443,-0.349827,0.797562)
  PHOTON t=0.203713ps r=1181.34fm hbar*omega=1.73556e-15J emitted=1 n=(-0.082238,0.79096,-0.606316)
  PHOTON t=0.203713ps r=1087.51fm hbar*omega=1.96744e-15J emitted=1 n=(-0.388226,-0.455638,-0.801046)
  PHOTON t=0.203713ps r=1002.51fm hbar*omega=2.22501e-15J emitted=1 n=(-0.0546971,-0.235635,0.970301)
  PHOTON t=0.203713ps r=925.088fm hbar*omega=2.51184e-15J emitted=1 n=(-0.160969,-0.752398,-0.638738)
  PHOTON t=0.203713ps r=888.9fm hbar*omega=2.66749e-15J emitted=1 n=(-0.361097,-0.351726,-0.863654)
  PHOTON t=0.203713ps r=821.047fm hbar*omega=3.00608e-15J emitted=1 n=(0.0656271,-0.395699,0.916032)
  PHOTON t=0.203713ps r=789.204fm hbar*omega=3.19026e-15J emitted=1 n=(-0.374181,-0.762048,-0.528462)
  PHOTON t=0.203713ps r=758.648fm hbar*omega=3.38527e-15J emitted=1 n=(-0.506194,0.534083,0.677143)
  PHOTON t=0.203713ps r=701.124fm hbar*omega=3.81076e-15J emitted=1 n=(0.29427,-0.0499627,0.954416)
  PHOTON t=0.203713ps r=674.038fm hbar*omega=4.04283e-15J emitted=1 n=(0.169512,0.706745,-0.68686)
  PHOTON t=0.203713ps r=648.001fm hbar*omega=4.28895e-15J emitted=1 n=(0.717745,-0.450487,0.530946)
  PHOTON t=0.203713ps r=622.966fm hbar*omega=4.55003e-15J emitted=1 n=(-0.152748,-0.585665,0.796031)
  PHOTON t=0.203713ps r=598.891fm hbar*omega=4.82704e-15J emitted=1 n=(0.505393,-0.0536405,0.861221)
  PHOTON t=0.203713ps r=575.738fm hbar*omega=5.12101e-15J emitted=1 n=(-0.344211,0.319885,-0.882719)
  PHOTON t=0.203713ps r=553.472fm hbar*omega=5.43301e-15J emitted=1 n=(-0.557527,-0.319414,0.76625)
  PHOTON t=0.203713ps r=532.062fm hbar*omega=5.76413e-15J emitted=1 n=(-0.462906,0.491517,-0.737651)
  PHOTON t=0.203713ps r=511.479fm hbar*omega=6.11553e-15J emitted=1 n=(0.771907,-0.229175,0.592991)
  PHOTON t=0.203713ps r=491.697fm hbar*omega=6.48838e-15J emitted=1 n=(0.662948,0.27404,0.696708)
  PHOTON t=0.203713ps r=472.692fm hbar*omega=6.88385e-15J emitted=1 n=(0.384275,0.344752,-0.856434)
  PHOTON t=0.203713ps r=454.442fm hbar*omega=7.30316e-15J emitted=1 n=(0.237949,0.515008,0.823497)
  PHOTON t=0.203713ps r=436.929fm hbar*omega=7.74746e-15J emitted=1 n=(-0.35606,0.249268,-0.900604)
  PHOTON t=0.203713ps r=436.929fm hbar*omega=7.74746e-15J emitted=1 n=(0.489275,-0.300389,-0.818765)
  PHOTON t=0.203713ps r=420.132fm hbar*omega=8.21792e-15J emitted=1 n=(-0.0825422,0.277173,0.957268)
  PHOTON t=0.203713ps r=404.037fm hbar*omega=8.71563e-15J emitted=1 n=(0.165643,0.721413,0.672403)
  PHOTON t=0.203713ps r=388.626fm hbar*omega=9.24159e-15J emitted=1 n=(-0.397155,-0.0842637,0.913875)
  PHOTON t=0.203713ps r=373.887fm hbar*omega=9.7967e-15J emitted=1 n=(-0.0592054,-0.698964,0.712702)
  PHOTON t=0.203713ps r=373.887fm hbar*omega=9.7967e-15J emitted=1 n=(0.501569,-0.031816,-0.864533)
  PHOTON t=0.203713ps r=359.803fm hbar*omega=1.03817e-14J emitted=1 n=(0.598946,-0.00187624,-0.800787)
  PHOTON t=0.203713ps r=346.362fm hbar*omega=1.09971e-14J emitted=1 n=(0.43408,0.291683,0.852347)
  PHOTON t=0.203713ps r=333.549fm hbar*omega=1.16435e-14J emitted=1 n=(0.215735,-0.00266293,-0.976448)
  PHOTON t=0.203713ps r=321.35fm hbar*omega=1.23208e-14J emitted=1 n=(-0.300112,0.129435,-0.945082)
  PHOTON t=0.203713ps r=309.752fm hbar*omega=1.3029e-14J emitted=1 n=(0.273486,0.306211,0.911833)
  PHOTON t=0.203713ps r=288.302fm hbar*omega=1.45357e-14J emitted=1 n=(0.437146,0.317117,0.841629)
  PHOTON t=0.203713ps r=278.419fm hbar*omega=1.53322e-14J emitted=1 n=(0.294902,0.591883,-0.750139)
  PHOTON t=0.203713ps r=260.257fm hbar*omega=1.70045e-14J emitted=1 n=(-0.408654,0.210598,0.88806)
  PHOTON t=0.203713ps r=217.283fm hbar*omega=2.24839e-14J emitted=1 n=(-0.35286,0.0537403,0.934131)
