patched
built
=== A: NOWY DOMYSLNY, orto ===
# ziaren=8 budzet=40 s/ziarno zjawisko=2
# bariera r*=1.933035e-13 m, L_kontakt=sqrt(mu k r*)=0.0427 hbar
ziarno        przyczyna     r_p/r*  okres/prz  L [hbar]    1-e^2   zycie [s]   t_kontakt
   40 RetardationLimit    16.0016     147.20   0.17096   1.0336  3.0669e-11         nan
   41 RetardationLimit    15.5707     145.20   0.16864   1.0058  3.0666e-11         nan
   42 RetardationLimit    16.0402     147.38   0.17116   1.0365  3.0832e-11         nan
   43 RetardationLimit    15.6994     145.80   0.16933   1.0139  3.0703e-11         nan
   44 RetardationLimit    24.7132     129.53   0.21246   1.2588  3.0768e-11         nan
   45 RetardationLimit    15.5788     145.24   0.16868   1.0062  3.0687e-11         nan
   46 RetardationLimit    15.7678     146.12   0.16970   1.0180  3.0663e-11         nan
   47 RetardationLimit    15.7904     146.22   0.16982   1.0201  3.0661e-11         nan

# R292a udzial ComptonBarrier: 0/8  (RetardationLimit 8, GroundStateFloor 0, None 0)
# R292b konczy PONIZEJ bariery: 0 z 8 skonczonych
# R292c stosunek < 150: 8 z 8; z tego konczonych BARIERA: 0
# R292d L doszlo do kontaktu (L <= 0.0427 hbar): 0/8
# r_p/r* zakres: 15.5707 .. 24.7132
# okres/przelot zakres: 129.53 .. 147.38 (prog 150)
=== B: WYJSCIA AWARYJNE (sprzed 288), para ===
# ziaren=8 budzet=40 s/ziarno zjawisko=1
# bariera r*=1.933035e-13 m, L_kontakt=sqrt(mu k r*)=0.0427 hbar
ziarno        przyczyna     r_p/r*  okres/prz  L [hbar]    1-e^2   zycie [s]   t_kontakt
   40 RetardationLimit    15.7975     146.26   0.16986   1.0199  3.0737e-11         nan
   41 RetardationLimit    15.6905     145.76   0.16929   1.0131  3.0661e-11         nan
   42 RetardationLimit    16.0080     147.23   0.17099   1.0341  3.0745e-11         nan
   43 RetardationLimit    15.9604     147.01   0.17074   1.0307  3.0665e-11         nan
   44 RetardationLimit    16.0265     147.31   0.17109   1.0347  3.0705e-11         nan
   45 RetardationLimit    15.8560     146.53   0.17018   1.0233  3.0665e-11         nan
   46 RetardationLimit    15.7477     146.03   0.16959   1.0175  3.0668e-11         nan
   47 RetardationLimit    15.8676     146.58   0.17024   1.0249  3.0666e-11         nan

# R292a udzial ComptonBarrier: 0/8  (RetardationLimit 8, GroundStateFloor 0, None 0)
# R292b konczy PONIZEJ bariery: 0 z 8 skonczonych
# R292c stosunek < 150: 8 z 8; z tego konczonych BARIERA: 0
# R292d L doszlo do kontaktu (L <= 0.0427 hbar): 0/8
# r_p/r* zakres: 15.6905 .. 16.0265
# okres/przelot zakres: 145.76 .. 147.31 (prog 150)

[exited with code 0]
