LADDER E_rel=-2.420746777e-19 n=3.000009 type=E2 hbar_omega=1.613808830e-19 photon=1.936569974e-18
LADDER E_rel=-2.178782732e-18 n=0.999978 type=E2 hbar_omega=2.340424561e-19 photon=0.000000000e+00
LADDER E_rel=-2.178751325e-18 n=0.999985 type=E2 hbar_omega=2.451625703e-19 photon=0.000000000e+00
LADDER E_rel=-2.178724807e-18 n=0.999991 type=E2 hbar_omega=2.564134982e-19 photon=0.000000000e+00
LADDER E_rel=-2.178772226e-18 n=0.999980 type=E2 hbar_omega=2.675535208e-19 photon=0.000000000e+00
LADDER E_rel=-2.178759018e-18 n=0.999983 type=E2 hbar_omega=2.784067539e-19 photon=0.000000000e+00
LADDER E_rel=-2.178756016e-18 n=0.999984 type=E2 hbar_omega=2.899291430e-19 photon=0.000000000e+00
LADDER E_rel=-2.178773967e-18 n=0.999980 type=E2 hbar_omega=3.043585473e-19 photon=0.000000000e+00
LADDER E_rel=-2.178775147e-18 n=0.999979 type=E2 hbar_omega=3.208862327e-19 photon=0.000000000e+00
LADDER E_rel=-2.178780157e-18 n=0.999978 type=E2 hbar_omega=3.329796846e-19 photon=0.000000000e+00
LADDER E_rel=-2.178793868e-18 n=0.999975 type=E2 hbar_omega=3.444299834e-19 photon=0.000000000e+00
LADDER E_rel=-2.178803018e-18 n=0.999973 type=E2 hbar_omega=3.644932148e-19 photon=0.000000000e+00
SPLIT t=1.756750e-13 n=2.269312 L/hbar=2.269254 Jrem=1.2694 Lrem=1.2692 photon=-3.522e-24 rot=0.000e+00 dyn=-2.127e-24 unreachable=20000 maxLag=0.0001 maxE=0.0075
LADDER E_rel=-2.178785221e-18 n=0.999977 type=E2 hbar_omega=3.759631177e-19 photon=0.000000000e+00
LADDER E_rel=-2.178800714e-18 n=0.999974 type=E2 hbar_omega=3.929147077e-19 photon=0.000000000e+00
LADDER E_rel=-2.178809493e-18 n=0.999972 type=E2 hbar_omega=4.098754921e-19 photon=0.000000000e+00
LADDER E_rel=-2.178807616e-18 n=0.999972 type=E2 hbar_omega=4.250880065e-19 photon=0.000000000e+00
LADDER E_rel=-2.178820736e-18 n=0.999969 type=E2 hbar_omega=4.427067658e-19 photon=0.000000000e+00
LADDER E_rel=-2.178823123e-18 n=0.999968 type=E2 hbar_omega=4.622440338e-19 photon=0.000000000e+00
LADDER E_rel=-2.178828593e-18 n=0.999967 type=E2 hbar_omega=4.742596863e-19 photon=0.000000000e+00
LADDER E_rel=-2.178835628e-18 n=0.999966 type=E2 hbar_omega=5.015731750e-19 photon=0.000000000e+00
LADDER E_rel=-2.178835944e-18 n=0.999966 type=E2 hbar_omega=5.130762022e-19 photon=0.000000000e+00
LADDER E_rel=-2.178847073e-18 n=0.999963 type=E2 hbar_omega=5.311626167e-19 photon=0.000000000e+00
LADDER E_rel=-2.178858253e-18 n=0.999960 type=E2 hbar_omega=5.599329940e-19 photon=0.000000000e+00
LADDER E_rel=-2.178864062e-18 n=0.999959 type=E2 hbar_omega=5.745485407e-19 photon=0.000000000e+00
LADDER E_rel=-2.178870651e-18 n=0.999958 type=E2 hbar_omega=5.876402231e-19 photon=0.000000000e+00
LADDER E_rel=-2.178878301e-18 n=0.999956 type=E2 hbar_omega=6.150951794e-19 photon=0.000000000e+00
LADDER E_rel=-2.178888983e-18 n=0.999953 type=E2 hbar_omega=6.437525067e-19 photon=0.000000000e+00
LADDER E_rel=-2.178898660e-18 n=0.999951 type=E2 hbar_omega=6.563899521e-19 photon=0.000000000e+00
LADDER E_rel=-2.178924418e-18 n=0.999945 type=E2 hbar_omega=7.100046112e-19 photon=0.000000000e+00
LADDER E_rel=-2.178959762e-18 n=0.999937 type=E2 hbar_omega=7.745555044e-19 photon=0.000000000e+00
LADDER E_rel=-2.178989731e-18 n=0.999930 type=E2 hbar_omega=8.136594913e-19 photon=0.000000000e+00
LADDER E_rel=-2.179019527e-18 n=0.999923 type=E2 hbar_omega=8.683032822e-19 photon=0.000000000e+00
LADDER E_rel=-2.179044899e-18 n=0.999918 type=E2 hbar_omega=9.102517929e-19 photon=0.000000000e+00
LADDER E_rel=-2.179047429e-18 n=0.999917 type=E2 hbar_omega=9.360718966e-19 photon=0.000000000e+00
LADDER E_rel=-2.179048877e-18 n=0.999917 type=E2 hbar_omega=9.401742769e-19 photon=0.000000000e+00
LADDER E_rel=-2.179050421e-18 n=0.999916 type=E2 hbar_omega=9.369715153e-19 photon=0.000000000e+00
LADDER E_rel=-2.179051143e-18 n=0.999916 type=E2 hbar_omega=9.376292788e-19 photon=0.000000000e+00
LADDER E_rel=-2.179051273e-18 n=0.999916 type=E2 hbar_omega=9.506240701e-19 photon=0.000000000e+00
LADDER E_rel=-2.179054752e-18 n=0.999915 type=E2 hbar_omega=9.751870249e-19 photon=0.000000000e+00
LADDER E_rel=-2.179056481e-18 n=0.999915 type=E2 hbar_omega=9.978451581e-19 photon=0.000000000e+00
LADDER E_rel=-2.179056475e-18 n=0.999915 type=E2 hbar_omega=1.004266630e-18 photon=0.000000000e+00
LADDER E_rel=-2.179058781e-18 n=0.999914 type=E2 hbar_omega=9.982305462e-19 photon=0.000000000e+00
LADDER E_rel=-2.179059386e-18 n=0.999914 type=E2 hbar_omega=9.977214925e-19 photon=0.000000000e+00
LADDER E_rel=-2.179061886e-18 n=0.999914 type=E2 hbar_omega=1.017369262e-18 photon=0.000000000e+00
LADDER E_rel=-2.179065149e-18 n=0.999913 type=E2 hbar_omega=1.046746089e-18 photon=0.000000000e+00
LADDER E_rel=-2.179068084e-18 n=0.999912 type=E2 hbar_omega=1.062797731e-18 photon=0.000000000e+00
LADDER E_rel=-2.179069976e-18 n=0.999912 type=E2 hbar_omega=1.059913133e-18 photon=0.000000000e+00
LADDER E_rel=-2.179069344e-18 n=0.999912 type=E2 hbar_omega=1.054353027e-18 photon=0.000000000e+00
LADDER E_rel=-2.179071406e-18 n=0.999912 type=E2 hbar_omega=1.059693512e-18 photon=0.000000000e+00
LADDER E_rel=-2.179074193e-18 n=0.999911 type=E2 hbar_omega=1.078700062e-18 photon=0.000000000e+00
LADDER E_rel=-2.179077179e-18 n=0.999910 type=E2 hbar_omega=1.102183896e-18 photon=0.000000000e+00
LADDER E_rel=-2.179080245e-18 n=0.999909 type=E2 hbar_omega=1.123548225e-18 photon=0.000000000e+00
LADDER E_rel=-2.179082958e-18 n=0.999909 type=E2 hbar_omega=1.138133315e-18 photon=0.000000000e+00
LADDER E_rel=-2.179085623e-18 n=0.999908 type=E2 hbar_omega=1.146519056e-18 photon=0.000000000e+00
LADDER E_rel=-2.179086481e-18 n=0.999908 type=E2 hbar_omega=1.151155034e-18 photon=0.000000000e+00
LADDER E_rel=-2.179087948e-18 n=0.999908 type=E2 hbar_omega=1.154128836e-18 photon=0.000000000e+00
LADDER E_rel=-2.179089618e-18 n=0.999907 type=E2 hbar_omega=1.157968626e-18 photon=0.000000000e+00
LADDER E_rel=-2.179091056e-18 n=0.999907 type=E2 hbar_omega=1.161717185e-18 photon=0.000000000e+00
LADDER E_rel=-2.179092938e-18 n=0.999907 type=E2 hbar_omega=1.167510447e-18 photon=0.000000000e+00
SPLIT t=2.749899e-13 n=1.543581 L/hbar=1.543470 Jrem=0.5437 Lrem=0.5435 photon=-1.106e-23 rot=0.000e+00 dyn=-4.722e-23 unreachable=40000 maxLag=0.0002 maxE=0.0132
LADDER E_rel=-2.179095381e-18 n=0.999906 type=E2 hbar_omega=1.175149454e-18 photon=0.000000000e+00
LADDER E_rel=-2.179097555e-18 n=0.999906 type=E2 hbar_omega=1.182884824e-18 photon=0.000000000e+00
LADDER E_rel=-2.179099360e-18 n=0.999905 type=E2 hbar_omega=1.192163169e-18 photon=0.000000000e+00
LADDER E_rel=-2.179102309e-18 n=0.999904 type=E2 hbar_omega=1.202242723e-18 photon=0.000000000e+00
LADDER E_rel=-2.179103889e-18 n=0.999904 type=E2 hbar_omega=1.213251848e-18 photon=0.000000000e+00
LADDER E_rel=-2.179106385e-18 n=0.999903 type=E2 hbar_omega=1.226357954e-18 photon=0.000000000e+00
LADDER E_rel=-2.179108772e-18 n=0.999903 type=E2 hbar_omega=1.239907261e-18 photon=0.000000000e+00
LADDER E_rel=-2.179112651e-18 n=0.999902 type=E2 hbar_omega=1.255895572e-18 photon=0.000000000e+00
LADDER E_rel=-2.179115872e-18 n=0.999901 type=E2 hbar_omega=1.271825604e-18 photon=0.000000000e+00
LADDER E_rel=-2.179118357e-18 n=0.999901 type=E2 hbar_omega=1.288645990e-18 photon=0.000000000e+00
LADDER E_rel=-2.179120801e-18 n=0.999900 type=E2 hbar_omega=1.302934735e-18 photon=0.000000000e+00
LADDER E_rel=-2.179121637e-18 n=0.999900 type=E2 hbar_omega=1.313403593e-18 photon=0.000000000e+00
LADDER E_rel=-2.179122206e-18 n=0.999900 type=E2 hbar_omega=1.317982231e-18 photon=0.000000000e+00
LADDER E_rel=-2.179123625e-18 n=0.999900 type=E2 hbar_omega=1.315173374e-18 photon=0.000000000e+00
LADDER E_rel=-2.179123499e-18 n=0.999900 type=E2 hbar_omega=1.309281396e-18 photon=0.000000000e+00
LADDER E_rel=-2.179124684e-18 n=0.999899 type=E2 hbar_omega=1.303540597e-18 photon=0.000000000e+00
LADDER E_rel=-2.179126710e-18 n=0.999899 type=E2 hbar_omega=1.306939489e-18 photon=0.000000000e+00
LADDER E_rel=-2.179128808e-18 n=0.999898 type=E2 hbar_omega=1.323619148e-18 photon=0.000000000e+00
LADDER E_rel=-2.179131612e-18 n=0.999898 type=E2 hbar_omega=1.351059615e-18 photon=0.000000000e+00
LADDER E_rel=-2.179132928e-18 n=0.999897 type=E2 hbar_omega=1.379295284e-18 photon=0.000000000e+00
LADDER E_rel=-2.179135689e-18 n=0.999897 type=E2 hbar_omega=1.393858632e-18 photon=0.000000000e+00
LADDER E_rel=-2.179136433e-18 n=0.999897 type=E2 hbar_omega=1.388518731e-18 photon=0.000000000e+00
LADDER E_rel=-2.179135299e-18 n=0.999897 type=E2 hbar_omega=1.372108704e-18 photon=0.000000000e+00
LADDER E_rel=-2.179134698e-18 n=0.999897 type=E2 hbar_omega=1.364510987e-18 photon=0.000000000e+00
LADDER E_rel=-2.179136143e-18 n=0.999897 type=E2 hbar_omega=1.383593161e-18 photon=0.000000000e+00
LADDER E_rel=-2.179137835e-18 n=0.999896 type=E2 hbar_omega=1.420864344e-18 photon=0.000000000e+00
LADDER E_rel=-2.179141025e-18 n=0.999896 type=E2 hbar_omega=1.446073557e-18 photon=0.000000000e+00
LADDER E_rel=-2.179141272e-18 n=0.999895 type=E2 hbar_omega=1.439042604e-18 photon=0.000000000e+00
LADDER E_rel=-2.179142016e-18 n=0.999895 type=E2 hbar_omega=1.414804622e-18 photon=0.000000000e+00
LADDER E_rel=-2.179143363e-18 n=0.999895 type=E2 hbar_omega=1.413661999e-18 photon=0.000000000e+00
LADDER E_rel=-2.179146254e-18 n=0.999894 type=E2 hbar_omega=1.450797388e-18 photon=0.000000000e+00
LADDER E_rel=-2.179149552e-18 n=0.999894 type=E2 hbar_omega=1.487049151e-18 photon=0.000000000e+00
LADDER E_rel=-2.179149633e-18 n=0.999894 type=E2 hbar_omega=1.481300320e-18 photon=0.000000000e+00
LADDER E_rel=-2.179148863e-18 n=0.999894 type=E2 hbar_omega=1.451846313e-18 photon=0.000000000e+00
LADDER E_rel=-2.179150364e-18 n=0.999893 type=E2 hbar_omega=1.456514633e-18 photon=0.000000000e+00
LADDER E_rel=-2.179152034e-18 n=0.999893 type=E2 hbar_omega=1.503956418e-18 photon=0.000000000e+00
LADDER E_rel=-2.179153467e-18 n=0.999893 type=E2 hbar_omega=1.527672360e-18 photon=0.000000000e+00
LADDER E_rel=-2.179154349e-18 n=0.999892 type=E2 hbar_omega=1.498678732e-18 photon=0.000000000e+00
LADDER E_rel=-2.179155221e-18 n=0.999892 type=E2 hbar_omega=1.481110559e-18 photon=0.000000000e+00
LADDER E_rel=-2.179157502e-18 n=0.999892 type=E2 hbar_omega=1.525044322e-18 photon=0.000000000e+00
LADDER E_rel=-2.179159878e-18 n=0.999891 type=E2 hbar_omega=1.560961067e-18 photon=0.000000000e+00
LADDER E_rel=-2.179159301e-18 n=0.999891 type=E2 hbar_omega=1.532477960e-18 photon=0.000000000e+00
LADDER E_rel=-2.179159713e-18 n=0.999891 type=E2 hbar_omega=1.510787352e-18 photon=0.000000000e+00
LADDER E_rel=-2.179162548e-18 n=0.999891 type=E2 hbar_omega=1.559110485e-18 photon=0.000000000e+00
LADDER E_rel=-2.179165465e-18 n=0.999890 type=E2 hbar_omega=1.591261462e-18 photon=0.000000000e+00
LADDER E_rel=-2.179165550e-18 n=0.999890 type=E2 hbar_omega=1.551497604e-18 photon=0.000000000e+00
LADDER E_rel=-2.179166196e-18 n=0.999890 type=E2 hbar_omega=1.546170189e-18 photon=0.000000000e+00
LADDER E_rel=-2.179168320e-18 n=0.999889 type=E2 hbar_omega=1.605740751e-18 photon=0.000000000e+00
LADDER E_rel=-2.179169131e-18 n=0.999889 type=E2 hbar_omega=1.607932415e-18 photon=0.000000000e+00
LADDER E_rel=-2.179168648e-18 n=0.999889 type=E2 hbar_omega=1.563035629e-18 photon=0.000000000e+00
LADDER E_rel=-2.179169749e-18 n=0.999889 type=E2 hbar_omega=1.601526297e-18 photon=0.000000000e+00
LADDER E_rel=-2.179172571e-18 n=0.999888 type=E2 hbar_omega=1.645988667e-18 photon=0.000000000e+00
LADDER E_rel=-2.179172303e-18 n=0.999888 type=E2 hbar_omega=1.600931002e-18 photon=0.000000000e+00
LADDER E_rel=-2.179173749e-18 n=0.999888 type=E2 hbar_omega=1.601111510e-18 photon=0.000000000e+00
LADDER E_rel=-2.179175237e-18 n=0.999888 type=E2 hbar_omega=1.666618720e-18 photon=0.000000000e+00
LADDER E_rel=-2.179175283e-18 n=0.999888 type=E2 hbar_omega=1.641417682e-18 photon=0.000000000e+00
LADDER E_rel=-2.179176187e-18 n=0.999887 type=E2 hbar_omega=1.613052303e-18 photon=0.000000000e+00
LADDER E_rel=-2.179178906e-18 n=0.999887 type=E2 hbar_omega=1.682042834e-18 photon=0.000000000e+00
LADDER E_rel=-2.179180987e-18 n=0.999886 type=E2 hbar_omega=1.673840644e-18 photon=0.000000000e+00
LADDER E_rel=-2.179181899e-18 n=0.999886 type=E2 hbar_omega=1.631332519e-18 photon=0.000000000e+00
LADDER E_rel=-2.179184210e-18 n=0.999886 type=E2 hbar_omega=1.698489246e-18 photon=0.000000000e+00
LADDER E_rel=-2.179184988e-18 n=0.999885 type=E2 hbar_omega=1.698891503e-18 photon=0.000000000e+00
LADDER E_rel=-2.179185651e-18 n=0.999885 type=E2 hbar_omega=1.651546074e-18 photon=0.000000000e+00
LADDER E_rel=-2.179188381e-18 n=0.999885 type=E2 hbar_omega=1.721617964e-18 photon=0.000000000e+00
LADDER E_rel=-2.179189255e-18 n=0.999884 type=E2 hbar_omega=1.716652045e-18 photon=0.000000000e+00
LADDER E_rel=-2.179189838e-18 n=0.999884 type=E2 hbar_omega=1.673199299e-18 photon=0.000000000e+00
LADDER E_rel=-2.179192118e-18 n=0.999884 type=E2 hbar_omega=1.748659316e-18 photon=0.000000000e+00
LADDER E_rel=-2.179193963e-18 n=0.999883 type=E2 hbar_omega=1.728143715e-18 photon=0.000000000e+00
LADDER E_rel=-2.179195288e-18 n=0.999883 type=E2 hbar_omega=1.699356441e-18 photon=0.000000000e+00
LADDER E_rel=-2.179197321e-18 n=0.999883 type=E2 hbar_omega=1.777508637e-18 photon=0.000000000e+00
LADDER E_rel=-2.179198142e-18 n=0.999882 type=E2 hbar_omega=1.729188584e-18 photon=0.000000000e+00
LADDER E_rel=-2.179198907e-18 n=0.999882 type=E2 hbar_omega=1.734628641e-18 photon=0.000000000e+00
LADDER E_rel=-2.179201175e-18 n=0.999882 type=E2 hbar_omega=1.798542269e-18 photon=0.000000000e+00
LADDER E_rel=-2.179200699e-18 n=0.999882 type=E2 hbar_omega=1.729879732e-18 photon=0.000000000e+00
LADDER E_rel=-2.179202736e-18 n=0.999881 type=E2 hbar_omega=1.782683120e-18 photon=0.000000000e+00
LADDER E_rel=-2.179203906e-18 n=0.999881 type=E2 hbar_omega=1.802226918e-18 photon=0.000000000e+00
LADDER E_rel=-2.179204269e-18 n=0.999881 type=E2 hbar_omega=1.745027719e-18 photon=0.000000000e+00
LADDER E_rel=-2.179206629e-18 n=0.999880 type=E2 hbar_omega=1.830497021e-18 photon=0.000000000e+00
LADDER E_rel=-2.179206910e-18 n=0.999880 type=E2 hbar_omega=1.784149628e-18 photon=0.000000000e+00
LADDER E_rel=-2.179208458e-18 n=0.999880 type=E2 hbar_omega=1.791451379e-18 photon=0.000000000e+00
LADDER E_rel=-2.179209896e-18 n=0.999880 type=E2 hbar_omega=1.850793143e-18 photon=0.000000000e+00
LADDER E_rel=-2.179210484e-18 n=0.999880 type=E2 hbar_omega=1.775947627e-18 photon=0.000000000e+00
LADDER E_rel=-2.179212688e-18 n=0.999879 type=E2 hbar_omega=1.857004478e-18 photon=0.000000000e+00
LADDER E_rel=-2.179213179e-18 n=0.999879 type=E2 hbar_omega=1.829375773e-18 photon=0.000000000e+00
LADDER E_rel=-2.179214422e-18 n=0.999879 type=E2 hbar_omega=1.817970821e-18 photon=0.000000000e+00
LADDER E_rel=-2.179215865e-18 n=0.999878 type=E2 hbar_omega=1.885695648e-18 photon=0.000000000e+00
LADDER E_rel=-2.179215968e-18 n=0.999878 type=E2 hbar_omega=1.807338700e-18 photon=0.000000000e+00
LADDER E_rel=-2.179217461e-18 n=0.999878 type=E2 hbar_omega=1.892169885e-18 photon=0.000000000e+00
LADDER E_rel=-2.179217459e-18 n=0.999878 type=E2 hbar_omega=1.852863842e-18 photon=0.000000000e+00
LADDER E_rel=-2.179218764e-18 n=0.999878 type=E2 hbar_omega=1.860212471e-18 photon=0.000000000e+00
LADDER E_rel=-2.179220093e-18 n=0.999877 type=E2 hbar_omega=1.911380095e-18 photon=0.000000000e+00
LADDER E_rel=-2.179220766e-18 n=0.999877 type=E2 hbar_omega=1.839341524e-18 photon=0.000000000e+00
LADDER E_rel=-2.179222383e-18 n=0.999877 type=E2 hbar_omega=1.935905758e-18 photon=0.000000000e+00
LADDER E_rel=-2.179222903e-18 n=0.999877 type=E2 hbar_omega=1.863132253e-18 photon=0.000000000e+00
LADDER E_rel=-2.179224757e-18 n=0.999876 type=E2 hbar_omega=1.921345342e-18 photon=0.000000000e+00
LADDER E_rel=-2.179225322e-18 n=0.999876 type=E2 hbar_omega=1.915434049e-18 photon=0.000000000e+00
LADDER E_rel=-2.179226355e-18 n=0.999876 type=E2 hbar_omega=1.893482152e-18 photon=0.000000000e+00
LADDER E_rel=-2.179227608e-18 n=0.999876 type=E2 hbar_omega=1.961516969e-18 photon=0.000000000e+00
LADDER E_rel=-2.179227933e-18 n=0.999876 type=E2 hbar_omega=1.881300293e-18 photon=0.000000000e+00
LADDER E_rel=-2.179229606e-18 n=0.999875 type=E2 hbar_omega=1.982318017e-18 photon=0.000000000e+00
LADDER E_rel=-2.179230544e-18 n=0.999875 type=E2 hbar_omega=1.899835995e-18 photon=0.000000000e+00
LADDER E_rel=-2.179231650e-18 n=0.999875 type=E2 hbar_omega=1.976452902e-18 photon=0.000000000e+00
LADDER E_rel=-2.179232744e-18 n=0.999875 type=E2 hbar_omega=1.942494484e-18 photon=0.000000000e+00
LADDER E_rel=-2.179233228e-18 n=0.999874 type=E2 hbar_omega=1.957159866e-18 photon=0.000000000e+00
LADDER E_rel=-2.179234541e-18 n=0.999874 type=E2 hbar_omega=1.985757770e-18 photon=0.000000000e+00
LADDER E_rel=-2.179235917e-18 n=0.999874 type=E2 hbar_omega=1.938488111e-18 photon=0.000000000e+00
LADDER E_rel=-2.179237051e-18 n=0.999874 type=E2 hbar_omega=2.021818052e-18 photon=0.000000000e+00
LADDER E_rel=-2.179237488e-18 n=0.999873 type=E2 hbar_omega=1.935200002e-18 photon=0.000000000e+00
LADDER E_rel=-2.179238452e-18 n=0.999873 type=E2 hbar_omega=2.040921028e-18 photon=0.000000000e+00
LADDER E_rel=-2.179239723e-18 n=0.999873 type=E2 hbar_omega=1.947862497e-18 photon=0.000000000e+00
LADDER E_rel=-2.179241352e-18 n=0.999873 type=E2 hbar_omega=2.046522573e-18 photon=0.000000000e+00
LADDER E_rel=-2.179241748e-18 n=0.999872 type=E2 hbar_omega=1.972730447e-18 photon=0.000000000e+00
LADDER E_rel=-2.179243367e-18 n=0.999872 type=E2 hbar_omega=2.043352561e-18 photon=0.000000000e+00
LADDER E_rel=-2.179245048e-18 n=0.999872 type=E2 hbar_omega=2.003797800e-18 photon=0.000000000e+00
LADDER E_rel=-2.179246037e-18 n=0.999871 type=E2 hbar_omega=2.034278534e-18 photon=0.000000000e+00
LADDER E_rel=-2.179246283e-18 n=0.999871 type=E2 hbar_omega=2.035910010e-18 photon=0.000000000e+00
LADDER E_rel=-2.179247381e-18 n=0.999871 type=E2 hbar_omega=2.028221556e-18 photon=0.000000000e+00
LADDER E_rel=-2.179248441e-18 n=0.999871 type=E2 hbar_omega=2.065532532e-18 photon=0.000000000e+00
LADDER E_rel=-2.179249286e-18 n=0.999871 type=E2 hbar_omega=2.023080856e-18 photon=0.000000000e+00
LADDER E_rel=-2.179250248e-18 n=0.999870 type=E2 hbar_omega=2.090992658e-18 photon=0.000000000e+00
LADDER E_rel=-2.179251442e-18 n=0.999870 type=E2 hbar_omega=2.022478891e-18 photon=0.000000000e+00
LADDER E_rel=-2.179251553e-18 n=0.999870 type=E2 hbar_omega=2.112105225e-18 photon=0.000000000e+00
LADDER E_rel=-2.179252690e-18 n=0.999870 type=E2 hbar_omega=2.026183060e-18 photon=0.000000000e+00
LADDER E_rel=-2.179253772e-18 n=0.999870 type=E2 hbar_omega=2.129574503e-18 photon=0.000000000e+00
LADDER E_rel=-2.179255044e-18 n=0.999869 type=E2 hbar_omega=2.034035704e-18 photon=0.000000000e+00
LADDER E_rel=-2.179255589e-18 n=0.999869 type=E2 hbar_omega=2.144441672e-18 photon=0.000000000e+00
LADDER E_rel=-2.179256803e-18 n=0.999869 type=E2 hbar_omega=2.042933953e-18 photon=0.000000000e+00
LADDER E_rel=-2.179257299e-18 n=0.999869 type=E2 hbar_omega=2.158203026e-18 photon=0.000000000e+00
LADDER E_rel=-2.179258280e-18 n=0.999869 type=E2 hbar_omega=2.053125013e-18 photon=0.000000000e+00
LADDER E_rel=-2.179258527e-18 n=0.999869 type=E2 hbar_omega=2.170479058e-18 photon=0.000000000e+00
LADDER E_rel=-2.179260138e-18 n=0.999868 type=E2 hbar_omega=2.063839800e-18 photon=0.000000000e+00
LADDER E_rel=-2.179260741e-18 n=0.999868 type=E2 hbar_omega=2.182647529e-18 photon=0.000000000e+00
LADDER E_rel=-2.179262205e-18 n=0.999868 type=E2 hbar_omega=2.074782669e-18 photon=0.000000000e+00
LADDER E_rel=-2.179262590e-18 n=0.999868 type=E2 hbar_omega=2.194617370e-18 photon=0.000000000e+00
LADDER E_rel=-2.179263340e-18 n=0.999867 type=E2 hbar_omega=2.085789748e-18 photon=0.000000000e+00
LADDER E_rel=-2.179264302e-18 n=0.999867 type=E2 hbar_omega=2.206377831e-18 photon=0.000000000e+00
LADDER E_rel=-2.179265514e-18 n=0.999867 type=E2 hbar_omega=2.096956348e-18 photon=0.000000000e+00
LADDER E_rel=-2.179266083e-18 n=0.999867 type=E2 hbar_omega=2.217492532e-18 photon=0.000000000e+00
LADDER E_rel=-2.179266909e-18 n=0.999867 type=E2 hbar_omega=2.109335877e-18 photon=0.000000000e+00
LADDER E_rel=-2.179268034e-18 n=0.999866 type=E2 hbar_omega=2.227089708e-18 photon=0.000000000e+00
LADDER E_rel=-2.179269478e-18 n=0.999866 type=E2 hbar_omega=2.122969002e-18 photon=0.000000000e+00
LADDER E_rel=-2.179269590e-18 n=0.999866 type=E2 hbar_omega=2.235417399e-18 photon=0.000000000e+00
LADDER E_rel=-2.179271354e-18 n=0.999866 type=E2 hbar_omega=2.139327576e-18 photon=0.000000000e+00
LADDER E_rel=-2.179271743e-18 n=0.999866 type=E2 hbar_omega=2.240643917e-18 photon=0.000000000e+00
LADDER E_rel=-2.179272470e-18 n=0.999865 type=E2 hbar_omega=2.159721235e-18 photon=0.000000000e+00
LADDER E_rel=-2.179272966e-18 n=0.999865 type=E2 hbar_omega=2.241508631e-18 photon=0.000000000e+00
LADDER E_rel=-2.179274725e-18 n=0.999865 type=E2 hbar_omega=2.182679549e-18 photon=0.000000000e+00
LADDER E_rel=-2.179275969e-18 n=0.999865 type=E2 hbar_omega=2.237112117e-18 photon=0.000000000e+00
LADDER E_rel=-2.179277212e-18 n=0.999864 type=E2 hbar_omega=2.210387228e-18 photon=0.000000000e+00
LADDER E_rel=-2.179278401e-18 n=0.999864 type=E2 hbar_omega=2.230677147e-18 photon=0.000000000e+00
LADDER E_rel=-2.179278913e-18 n=0.999864 type=E2 hbar_omega=2.242324345e-18 photon=0.000000000e+00
LADDER E_rel=-2.179280205e-18 n=0.999864 type=E2 hbar_omega=2.217751554e-18 photon=0.000000000e+00
LADDER E_rel=-2.179281241e-18 n=0.999863 type=E2 hbar_omega=2.276102767e-18 photon=0.000000000e+00
LADDER E_rel=-2.179282996e-18 n=0.999863 type=E2 hbar_omega=2.207668898e-18 photon=0.000000000e+00
LADDER E_rel=-2.179283543e-18 n=0.999863 type=E2 hbar_omega=2.305266245e-18 photon=0.000000000e+00
LADDER E_rel=-2.179285049e-18 n=0.999863 type=E2 hbar_omega=2.202229013e-18 photon=0.000000000e+00
LADDER E_rel=-2.179285147e-18 n=0.999862 type=E2 hbar_omega=2.327301639e-18 photon=0.000000000e+00
LADDER E_rel=-2.179285998e-18 n=0.999862 type=E2 hbar_omega=2.207562571e-18 photon=0.000000000e+00
LADDER E_rel=-2.179286558e-18 n=0.999862 type=E2 hbar_omega=2.337179105e-18 photon=0.000000000e+00
LADDER E_rel=-2.179288393e-18 n=0.999862 type=E2 hbar_omega=2.227481928e-18 photon=0.000000000e+00
LADDER E_rel=-2.179288997e-18 n=0.999862 type=E2 hbar_omega=2.332646111e-18 photon=0.000000000e+00
LADDER E_rel=-2.179290706e-18 n=0.999861 type=E2 hbar_omega=2.262847187e-18 photon=0.000000000e+00
LADDER E_rel=-2.179291838e-18 n=0.999861 type=E2 hbar_omega=2.313691819e-18 photon=0.000000000e+00
LADDER E_rel=-2.179293394e-18 n=0.999861 type=E2 hbar_omega=2.310173580e-18 photon=0.000000000e+00
LADDER E_rel=-2.179294203e-18 n=0.999860 type=E2 hbar_omega=2.286732665e-18 photon=0.000000000e+00
LADDER E_rel=-2.179294567e-18 n=0.999860 type=E2 hbar_omega=2.355824269e-18 photon=0.000000000e+00
LADDER E_rel=-2.179296428e-18 n=0.999860 type=E2 hbar_omega=2.264791072e-18 photon=0.000000000e+00
LADDER E_rel=-2.179296743e-18 n=0.999860 type=E2 hbar_omega=2.387545699e-18 photon=0.000000000e+00
LADDER E_rel=-2.179298872e-18 n=0.999859 type=E2 hbar_omega=2.263621462e-18 photon=0.000000000e+00
LADDER E_rel=-2.179298214e-18 n=0.999859 type=E2 hbar_omega=2.396279747e-18 photon=0.000000000e+00
LADDER E_rel=-2.179300034e-18 n=0.999859 type=E2 hbar_omega=2.291672486e-18 photon=0.000000000e+00
LADDER E_rel=-2.179300504e-18 n=0.999859 type=E2 hbar_omega=2.377039170e-18 photon=0.000000000e+00
LADDER E_rel=-2.179301778e-18 n=0.999859 type=E2 hbar_omega=2.341839765e-18 photon=0.000000000e+00
LADDER E_rel=-2.179302757e-18 n=0.999858 type=E2 hbar_omega=2.342874943e-18 photon=0.000000000e+00
LADDER E_rel=-2.179303452e-18 n=0.999858 type=E2 hbar_omega=2.399569754e-18 photon=0.000000000e+00
LADDER E_rel=-2.179304636e-18 n=0.999858 type=E2 hbar_omega=2.310170711e-18 photon=0.000000000e+00
LADDER E_rel=-2.179304619e-18 n=0.999858 type=E2 hbar_omega=2.438352506e-18 photon=0.000000000e+00
LADDER E_rel=-2.179306826e-18 n=0.999858 type=E2 hbar_omega=2.310037328e-18 photon=0.000000000e+00
LADDER E_rel=-2.179306993e-18 n=0.999857 type=E2 hbar_omega=2.439052153e-18 photon=0.000000000e+00
LADDER E_rel=-2.179308824e-18 n=0.999857 type=E2 hbar_omega=2.352782859e-18 photon=0.000000000e+00
LADDER E_rel=-2.179309068e-18 n=0.999857 type=E2 hbar_omega=2.402301338e-18 photon=0.000000000e+00
LADDER E_rel=-2.179309928e-18 n=0.999857 type=E2 hbar_omega=2.418600378e-18 photon=0.000000000e+00
LADDER E_rel=-2.179311564e-18 n=0.999856 type=E2 hbar_omega=2.358539028e-18 photon=0.000000000e+00
LADDER E_rel=-2.179311079e-18 n=0.999857 type=E2 hbar_omega=2.471341677e-18 photon=0.000000000e+00
LADDER E_rel=-2.179313268e-18 n=0.999856 type=E2 hbar_omega=2.342714676e-18 photon=0.000000000e+00
LADDER E_rel=-2.179312909e-18 n=0.999856 type=E2 hbar_omega=2.479934945e-18 photon=0.000000000e+00
LADDER E_rel=-2.179314843e-18 n=0.999856 type=E2 hbar_omega=2.382215965e-18 photon=0.000000000e+00
LADDER E_rel=-2.179314972e-18 n=0.999856 type=E2 hbar_omega=2.441778814e-18 photon=0.000000000e+00
LADDER E_rel=-2.179316249e-18 n=0.999855 type=E2 hbar_omega=2.458292600e-18 photon=0.000000000e+00
LADDER E_rel=-2.179317806e-18 n=0.999855 type=E2 hbar_omega=2.387905063e-18 photon=0.000000000e+00
LADDER E_rel=-2.179317642e-18 n=0.999855 type=E2 hbar_omega=2.512111235e-18 photon=0.000000000e+00
LADDER E_rel=-2.179319727e-18 n=0.999855 type=E2 hbar_omega=2.378398368e-18 photon=0.000000000e+00
LADDER E_rel=-2.179319385e-18 n=0.999855 type=E2 hbar_omega=2.509103213e-18 photon=0.000000000e+00
LADDER E_rel=-2.179320902e-18 n=0.999854 type=E2 hbar_omega=2.435518157e-18 photon=0.000000000e+00
LADDER E_rel=-2.179321788e-18 n=0.999854 type=E2 hbar_omega=2.452542803e-18 photon=0.000000000e+00
LADDER E_rel=-2.179321768e-18 n=0.999854 type=E2 hbar_omega=2.515838104e-18 photon=0.000000000e+00
LADDER E_rel=-2.179323888e-18 n=0.999854 type=E2 hbar_omega=2.404842944e-18 photon=0.000000000e+00
LADDER E_rel=-2.179323791e-18 n=0.999854 type=E2 hbar_omega=2.550226976e-18 photon=0.000000000e+00
LADDER E_rel=-2.179326265e-18 n=0.999853 type=E2 hbar_omega=2.430304847e-18 photon=0.000000000e+00
LADDER E_rel=-2.179326267e-18 n=0.999853 type=E2 hbar_omega=2.509468389e-18 photon=0.000000000e+00
LADDER E_rel=-2.179326967e-18 n=0.999853 type=E2 hbar_omega=2.512955064e-18 photon=0.000000000e+00
LADDER E_rel=-2.179328374e-18 n=0.999853 type=E2 hbar_omega=2.445854292e-18 photon=0.000000000e+00
LADDER E_rel=-2.179327316e-18 n=0.999853 type=E2 hbar_omega=2.576591544e-18 photon=0.000000000e+00
LADDER E_rel=-2.179329890e-18 n=0.999852 type=E2 hbar_omega=2.438824593e-18 photon=0.000000000e+00
LADDER E_rel=-2.179329196e-18 n=0.999852 type=E2 hbar_omega=2.557647041e-18 photon=0.000000000e+00
LADDER E_rel=-2.179330824e-18 n=0.999852 type=E2 hbar_omega=2.512639623e-18 photon=0.000000000e+00
LADDER E_rel=-2.179332566e-18 n=0.999852 type=E2 hbar_omega=2.490640479e-18 photon=0.000000000e+00
LADDER E_rel=-2.179334001e-18 n=0.999851 type=E2 hbar_omega=2.535615314e-18 photon=0.000000000e+00
LADDER E_rel=-2.179335495e-18 n=0.999851 type=E2 hbar_omega=2.489460651e-18 photon=0.000000000e+00
LADDER E_rel=-2.179336577e-18 n=0.999851 type=E2 hbar_omega=2.526114032e-18 photon=0.000000000e+00
LADDER E_rel=-2.179337694e-18 n=0.999850 type=E2 hbar_omega=2.521400724e-18 photon=0.000000000e+00
LADDER E_rel=-2.179339661e-18 n=0.999850 type=E2 hbar_omega=2.500605316e-18 photon=0.000000000e+00
LADDER E_rel=-2.179339386e-18 n=0.999850 type=E2 hbar_omega=2.575407278e-18 photon=0.000000000e+00
LADDER E_rel=-2.179342304e-18 n=0.999849 type=E2 hbar_omega=2.493149878e-18 photon=0.000000000e+00
LADDER E_rel=-2.179343193e-18 n=0.999849 type=E2 hbar_omega=2.555226202e-18 photon=0.000000000e+00
LADDER E_rel=-2.179343779e-18 n=0.999849 type=E2 hbar_omega=2.560937105e-18 photon=0.000000000e+00
LADDER E_rel=-2.179346570e-18 n=0.999848 type=E2 hbar_omega=2.516359665e-18 photon=0.000000000e+00
LADDER E_rel=-2.179348183e-18 n=0.999848 type=E2 hbar_omega=2.545308806e-18 photon=0.000000000e+00
LADDER E_rel=-2.179347677e-18 n=0.999848 type=E2 hbar_omega=2.683490636e-18 photon=0.000000000e+00
LADDER E_rel=-2.179350350e-18 n=0.999848 type=E2 hbar_omega=2.585787073e-18 photon=0.000000000e+00
LADDER E_rel=-2.179353287e-18 n=0.999847 type=E2 hbar_omega=2.574829245e-18 photon=0.000000000e+00
LADDER E_rel=-2.179355424e-18 n=0.999846 type=E2 hbar_omega=2.581204497e-18 photon=0.000000000e+00
LADDER E_rel=-2.179356797e-18 n=0.999846 type=E2 hbar_omega=2.701246041e-18 photon=0.000000000e+00
LADDER E_rel=-2.179359947e-18 n=0.999845 type=E2 hbar_omega=2.749277828e-18 photon=0.000000000e+00
LADDER E_rel=-2.179366376e-18 n=0.999844 type=E2 hbar_omega=2.698000672e-18 photon=0.000000000e+00
LADDER E_rel=-2.179373058e-18 n=0.999842 type=E2 hbar_omega=2.667662020e-18 photon=0.000000000e+00
LADDER E_rel=-2.179377142e-18 n=0.999841 type=E2 hbar_omega=2.779805682e-18 photon=0.000000000e+00
LADDER E_rel=-2.179379081e-18 n=0.999841 type=E2 hbar_omega=2.914568580e-18 photon=0.000000000e+00
LADDER E_rel=-2.179385804e-18 n=0.999839 type=E2 hbar_omega=2.851625288e-18 photon=0.000000000e+00
LADDER E_rel=-2.179392833e-18 n=0.999838 type=E2 hbar_omega=2.805398843e-18 photon=0.000000000e+00
LADDER E_rel=-2.179395434e-18 n=0.999837 type=E2 hbar_omega=2.998238045e-18 photon=0.000000000e+00
SPLIT t=3.299621e-13 n=1.141848 L/hbar=1.141568 Jrem=0.1420 Lrem=0.1416 photon=-9.948e-23 rot=0.000e+00 dyn=-9.972e-23 unreachable=60000 maxLag=0.0005 maxE=0.0230
LADDER E_rel=-2.179401598e-18 n=0.999836 type=E2 hbar_omega=2.981840784e-18 photon=0.000000000e+00
LADDER E_rel=-2.179409719e-18 n=0.999834 type=E2 hbar_omega=2.906631141e-18 photon=0.000000000e+00
LADDER E_rel=-2.179412142e-18 n=0.999833 type=E2 hbar_omega=3.127629533e-18 photon=0.000000000e+00
LADDER E_rel=-2.179420965e-18 n=0.999831 type=E2 hbar_omega=2.997244941e-18 photon=0.000000000e+00
LADDER E_rel=-2.179425249e-18 n=0.999830 type=E2 hbar_omega=3.116477461e-18 photon=0.000000000e+00
LADDER E_rel=-2.179430299e-18 n=0.999829 type=E2 hbar_omega=3.155971910e-18 photon=0.000000000e+00
LADDER E_rel=-2.179436719e-18 n=0.999828 type=E2 hbar_omega=3.106663377e-18 photon=0.000000000e+00
LADDER E_rel=-2.179438754e-18 n=0.999827 type=E2 hbar_omega=3.266729945e-18 photon=0.000000000e+00
LADDER E_rel=-2.179447944e-18 n=0.999825 type=E2 hbar_omega=3.153246714e-18 photon=0.000000000e+00
LADDER E_rel=-2.179448958e-18 n=0.999825 type=E2 hbar_omega=3.334695430e-18 photon=0.000000000e+00
LADDER E_rel=-2.179457307e-18 n=0.999823 type=E2 hbar_omega=3.230477347e-18 photon=0.000000000e+00
LADDER E_rel=-2.179460847e-18 n=0.999822 type=E2 hbar_omega=3.360785718e-18 photon=0.000000000e+00
LADDER E_rel=-2.179468224e-18 n=0.999820 type=E2 hbar_omega=3.367347953e-18 photon=0.000000000e+00
LADDER E_rel=-2.179474839e-18 n=0.999819 type=E2 hbar_omega=3.332748666e-18 photon=0.000000000e+00
LADDER E_rel=-2.179476235e-18 n=0.999819 type=E2 hbar_omega=3.533311010e-18 photon=0.000000000e+00
LADDER E_rel=-2.179487083e-18 n=0.999816 type=E2 hbar_omega=3.330251822e-18 photon=0.000000000e+00
LADDER E_rel=-2.179487200e-18 n=0.999816 type=E2 hbar_omega=3.574248446e-18 photon=0.000000000e+00
LADDER E_rel=-2.179494242e-18 n=0.999815 type=E2 hbar_omega=3.537077168e-18 photon=0.000000000e+00
LADDER E_rel=-2.179502132e-18 n=0.999813 type=E2 hbar_omega=3.437514870e-18 photon=0.000000000e+00
LADDER E_rel=-2.179502018e-18 n=0.999813 type=E2 hbar_omega=3.705938591e-18 photon=0.000000000e+00
LADDER E_rel=-2.179510504e-18 n=0.999811 type=E2 hbar_omega=3.614191474e-18 photon=0.000000000e+00
LADDER E_rel=-2.179518206e-18 n=0.999809 type=E2 hbar_omega=3.521210208e-18 photon=0.000000000e+00
LADDER E_rel=-2.179518280e-18 n=0.999809 type=E2 hbar_omega=3.771826464e-18 photon=0.000000000e+00
LADDER E_rel=-2.179523724e-18 n=0.999808 type=E2 hbar_omega=3.795663907e-18 photon=0.000000000e+00
LADDER E_rel=-2.179533316e-18 n=0.999806 type=E2 hbar_omega=3.614687025e-18 photon=0.000000000e+00
LADDER E_rel=-2.179536270e-18 n=0.999805 type=E2 hbar_omega=3.712875361e-18 photon=0.000000000e+00
LADDER E_rel=-2.179536312e-18 n=0.999805 type=E2 hbar_omega=3.941466078e-18 photon=0.000000000e+00
LADDER E_rel=-2.179543199e-18 n=0.999803 type=E2 hbar_omega=3.914202580e-18 photon=0.000000000e+00
LADDER E_rel=-2.179553568e-18 n=0.999801 type=E2 hbar_omega=3.749708696e-18 photon=0.000000000e+00
LADDER E_rel=-2.179558320e-18 n=0.999800 type=E2 hbar_omega=3.774663616e-18 photon=0.000000000e+00
LADDER E_rel=-2.179558161e-18 n=0.999800 type=E2 hbar_omega=3.982957864e-18 photon=0.000000000e+00
LADDER E_rel=-2.179560355e-18 n=0.999799 type=E2 hbar_omega=4.118983822e-18 photon=0.000000000e+00
LADDER E_rel=-2.179566778e-18 n=0.999798 type=E2 hbar_omega=4.068766882e-18 photon=0.000000000e+00
LADDER E_rel=-2.179576070e-18 n=0.999796 type=E2 hbar_omega=3.939600546e-18 photon=0.000000000e+00
LADDER E_rel=-2.179583183e-18 n=0.999794 type=E2 hbar_omega=3.887024010e-18 photon=0.000000000e+00
LADDER E_rel=-2.179586172e-18 n=0.999793 type=E2 hbar_omega=3.969500693e-18 photon=0.000000000e+00
LADDER E_rel=-2.179587365e-18 n=0.999793 type=E2 hbar_omega=4.136343748e-18 photon=0.000000000e+00
LADDER E_rel=-2.179589169e-18 n=0.999793 type=E2 hbar_omega=4.275884705e-18 photon=0.000000000e+00
LADDER E_rel=-2.179593327e-18 n=0.999792 type=E2 hbar_omega=4.347824959e-18 photon=0.000000000e+00
LADDER E_rel=-2.179599654e-18 n=0.999790 type=E2 hbar_omega=4.343799211e-18 photon=0.000000000e+00
LADDER E_rel=-2.179607127e-18 n=0.999789 type=E2 hbar_omega=4.290812055e-18 photon=0.000000000e+00
LADDER E_rel=-2.179615837e-18 n=0.999787 type=E2 hbar_omega=4.225920233e-18 photon=0.000000000e+00
LADDER E_rel=-2.179622758e-18 n=0.999785 type=E2 hbar_omega=4.183910995e-18 photon=0.000000000e+00
LADDER E_rel=-2.179629758e-18 n=0.999783 type=E2 hbar_omega=4.161432810e-18 photon=0.000000000e+00
LADDER E_rel=-2.179635069e-18 n=0.999782 type=E2 hbar_omega=4.169858739e-18 photon=0.000000000e+00
WINDOW closed t=3.493805e-13 n=0.999919 L/hbar=0.999499 e=0.028993 unpaid J=1.281e-04 L=-5.100e-04 queued=1.936569974e-18 paid=1.936569974e-18 E_open=-2.420746777e-19 E_close=-2.179038510e-18
SPLIT closed photon=-2.350594e-22 rotation=0.000000e+00 dynamics=-1.587990e-22 [kin 3.889039e-18 coul -3.889338e-18 dd -8.910353e-26 cd 1.398995e-22 darwin 9.427117e-26 constr 0.000000e+00] steps=73429 unreachable=73429 maxLag=0.000665 maxE=0.029646
LADDER E_rel=-2.179045563e-18 n=0.999917 type=E2 hbar_omega=4.181470443e-18 photon=0.000000000e+00
LADDER E_rel=-2.179047458e-18 n=0.999917 type=E2 hbar_omega=4.195725546e-18 photon=0.000000000e+00
LADDER E_rel=-2.179048975e-18 n=0.999917 type=E2 hbar_omega=4.223868959e-18 photon=0.000000000e+00
LADDER E_rel=-2.179050175e-18 n=0.999916 type=E2 hbar_omega=4.263768087e-18 photon=0.000000000e+00
LADDER E_rel=-2.179051146e-18 n=0.999916 type=E2 hbar_omega=4.312312106e-18 photon=0.000000000e+00
LADDER E_rel=-2.179051999e-18 n=0.999916 type=E2 hbar_omega=4.365587051e-18 photon=0.000000000e+00
LADDER E_rel=-2.179052859e-18 n=0.999916 type=E2 hbar_omega=4.419139802e-18 photon=0.000000000e+00
LADDER E_rel=-2.179053859e-18 n=0.999916 type=E2 hbar_omega=4.468331956e-18 photon=0.000000000e+00
LADDER E_rel=-2.179055277e-18 n=0.999915 type=E2 hbar_omega=4.502755136e-18 photon=0.000000000e+00
LADDER E_rel=-2.179056844e-18 n=0.999915 type=E2 hbar_omega=4.533026105e-18 photon=0.000000000e+00
LADDER E_rel=-2.179058842e-18 n=0.999914 type=E2 hbar_omega=4.548559199e-18 photon=0.000000000e+00
LADDER E_rel=-2.179061309e-18 n=0.999914 type=E2 hbar_omega=4.547896086e-18 photon=0.000000000e+00
LADDER E_rel=-2.179064234e-18 n=0.999913 type=E2 hbar_omega=4.531115326e-18 photon=0.000000000e+00
LADDER E_rel=-2.179067366e-18 n=0.999912 type=E2 hbar_omega=4.505979796e-18 photon=0.000000000e+00
LADDER E_rel=-2.179070959e-18 n=0.999912 type=E2 hbar_omega=4.464787707e-18 photon=0.000000000e+00
LADDER E_rel=-2.179074765e-18 n=0.999911 type=E2 hbar_omega=4.415207227e-18 photon=0.000000000e+00
LADDER E_rel=-2.179078654e-18 n=0.999910 type=E2 hbar_omega=4.361645537e-18 photon=0.000000000e+00
LADDER E_rel=-2.179082495e-18 n=0.999909 type=E2 hbar_omega=4.308704241e-18 photon=0.000000000e+00
LADDER E_rel=-2.179086167e-18 n=0.999908 type=E2 hbar_omega=4.260772104e-18 photon=0.000000000e+00
LADDER E_rel=-2.179089570e-18 n=0.999907 type=E2 hbar_omega=4.221688526e-18 photon=0.000000000e+00
LADDER E_rel=-2.179092626e-18 n=0.999907 type=E2 hbar_omega=4.194492708e-18 photon=0.000000000e+00
LADDER E_rel=-2.179095285e-18 n=0.999906 type=E2 hbar_omega=4.181254865e-18 photon=0.000000000e+00
LADDER E_rel=-2.179097526e-18 n=0.999906 type=E2 hbar_omega=4.182975829e-18 photon=0.000000000e+00
LADDER E_rel=-2.179099359e-18 n=0.999905 type=E2 hbar_omega=4.199540757e-18 photon=0.000000000e+00
LADDER E_rel=-2.179100646e-18 n=0.999905 type=E2 hbar_omega=4.235974501e-18 photon=0.000000000e+00
LADDER E_rel=-2.179101760e-18 n=0.999905 type=E2 hbar_omega=4.279076022e-18 photon=0.000000000e+00
LADDER E_rel=-2.179102922e-18 n=0.999904 type=E2 hbar_omega=4.320776081e-18 photon=0.000000000e+00
LADDER E_rel=-2.179103768e-18 n=0.999904 type=E2 hbar_omega=4.374383611e-18 photon=0.000000000e+00
LADDER E_rel=-2.179104643e-18 n=0.999904 type=E2 hbar_omega=4.427530652e-18 photon=0.000000000e+00
LADDER E_rel=-2.179105678e-18 n=0.999904 type=E2 hbar_omega=4.475588865e-18 photon=0.000000000e+00
LADDER E_rel=-2.179106996e-18 n=0.999903 type=E2 hbar_omega=4.514239794e-18 photon=0.000000000e+00
LADDER E_rel=-2.179108698e-18 n=0.999903 type=E2 hbar_omega=4.539922650e-18 photon=0.000000000e+00
LADDER E_rel=-2.179110842e-18 n=0.999902 type=E2 hbar_omega=4.549636682e-18 photon=0.000000000e+00
LADDER E_rel=-2.179113384e-18 n=0.999902 type=E2 hbar_omega=4.546356059e-18 photon=0.000000000e+00
LADDER E_rel=-2.179116378e-18 n=0.999901 type=E2 hbar_omega=4.527120407e-18 photon=0.000000000e+00
LADDER E_rel=-2.179119761e-18 n=0.999900 type=E2 hbar_omega=4.493759217e-18 photon=0.000000000e+00
LADDER E_rel=-2.179123438e-18 n=0.999900 type=E2 hbar_omega=4.449380277e-18 photon=0.000000000e+00
LADDER E_rel=-2.179127020e-18 n=0.999899 type=E2 hbar_omega=4.406939222e-18 photon=0.000000000e+00
LADDER E_rel=-2.179130910e-18 n=0.999898 type=E2 hbar_omega=4.353188882e-18 photon=0.000000000e+00
LADDER E_rel=-2.179134731e-18 n=0.999897 type=E2 hbar_omega=4.300782880e-18 photon=0.000000000e+00
LADDER E_rel=-2.179138367e-18 n=0.999896 type=E2 hbar_omega=4.254041199e-18 photon=0.000000000e+00
LADDER E_rel=-2.179141860e-18 n=0.999895 type=E2 hbar_omega=4.211553169e-18 photon=0.000000000e+00
LADDER E_rel=-2.179144789e-18 n=0.999895 type=E2 hbar_omega=4.188761419e-18 photon=0.000000000e+00
LADDER E_rel=-2.179147312e-18 n=0.999894 type=E2 hbar_omega=4.180371598e-18 photon=0.000000000e+00
LADDER E_rel=-2.179149418e-18 n=0.999894 type=E2 hbar_omega=4.187021556e-18 photon=0.000000000e+00
LADDER E_rel=-2.179151124e-18 n=0.999893 type=E2 hbar_omega=4.208228813e-18 photon=0.000000000e+00
LADDER E_rel=-2.179152477e-18 n=0.999893 type=E2 hbar_omega=4.242406051e-18 photon=0.000000000e+00
LADDER E_rel=-2.179153554e-18 n=0.999893 type=E2 hbar_omega=4.286928879e-18 photon=0.000000000e+00
LADDER E_rel=-2.179154453e-18 n=0.999892 type=E2 hbar_omega=4.338270233e-18 photon=0.000000000e+00
LADDER E_rel=-2.179155294e-18 n=0.999892 type=E2 hbar_omega=4.392217565e-18 photon=0.000000000e+00
LADDER E_rel=-2.179156208e-18 n=0.999892 type=E2 hbar_omega=4.444181496e-18 photon=0.000000000e+00
LADDER E_rel=-2.179157505e-18 n=0.999892 type=E2 hbar_omega=4.482604207e-18 photon=0.000000000e+00
LADDER E_rel=-2.179158879e-18 n=0.999891 type=E2 hbar_omega=4.519382821e-18 photon=0.000000000e+00
LADDER E_rel=-2.179160650e-18 n=0.999891 type=E2 hbar_omega=4.542727709e-18 photon=0.000000000e+00
LADDER E_rel=-2.179162875e-18 n=0.999891 type=E2 hbar_omega=4.550450633e-18 photon=0.000000000e+00
LADDER E_rel=-2.179165473e-18 n=0.999890 type=E2 hbar_omega=4.544406093e-18 photon=0.000000000e+00
LADDER E_rel=-2.179168533e-18 n=0.999889 type=E2 hbar_omega=4.522762727e-18 photon=0.000000000e+00
LADDER E_rel=-2.179171971e-18 n=0.999888 type=E2 hbar_omega=4.487417651e-18 photon=0.000000000e+00
LADDER E_rel=-2.179175683e-18 n=0.999888 type=E2 hbar_omega=4.441650959e-18 photon=0.000000000e+00
LADDER E_rel=-2.179179545e-18 n=0.999887 type=E2 hbar_omega=4.389596294e-18 photon=0.000000000e+00
LADDER E_rel=-2.179183426e-18 n=0.999886 type=E2 hbar_omega=4.335806273e-18 photon=0.000000000e+00
LADDER E_rel=-2.179187198e-18 n=0.999885 type=E2 hbar_omega=4.284822632e-18 photon=0.000000000e+00
LADDER E_rel=-2.179190750e-18 n=0.999884 type=E2 hbar_omega=4.240800392e-18 photon=0.000000000e+00
LADDER E_rel=-2.179193991e-18 n=0.999883 type=E2 hbar_omega=4.207212699e-18 photon=0.000000000e+00
LADDER E_rel=-2.179196857e-18 n=0.999883 type=E2 hbar_omega=4.186641337e-18 photon=0.000000000e+00
LADDER E_rel=-2.179199314e-18 n=0.999882 type=E2 hbar_omega=4.180643234e-18 photon=0.000000000e+00
LADDER E_rel=-2.179201353e-18 n=0.999882 type=E2 hbar_omega=4.189677927e-18 photon=0.000000000e+00
LADDER E_rel=-2.179202999e-18 n=0.999881 type=E2 hbar_omega=4.213084285e-18 photon=0.000000000e+00
LADDER E_rel=-2.179204303e-18 n=0.999881 type=E2 hbar_omega=4.249103679e-18 photon=0.000000000e+00
LADDER E_rel=-2.179205345e-18 n=0.999881 type=E2 hbar_omega=4.294957314e-18 photon=0.000000000e+00
LADDER E_rel=-2.179206227e-18 n=0.999881 type=E2 hbar_omega=4.346992833e-18 photon=0.000000000e+00
LADDER E_rel=-2.179207072e-18 n=0.999880 type=E2 hbar_omega=4.400915851e-18 photon=0.000000000e+00
LADDER E_rel=-2.179208009e-18 n=0.999880 type=E2 hbar_omega=4.452112908e-18 photon=0.000000000e+00
LADDER E_rel=-2.179209342e-18 n=0.999880 type=E2 hbar_omega=4.489361450e-18 photon=0.000000000e+00
LADDER E_rel=-2.179210774e-18 n=0.999880 type=E2 hbar_omega=4.524180145e-18 photon=0.000000000e+00
LADDER E_rel=-2.179212615e-18 n=0.999879 type=E2 hbar_omega=4.545130685e-18 photon=0.000000000e+00
LADDER E_rel=-2.179214915e-18 n=0.999879 type=E2 hbar_omega=4.550247271e-18 photon=0.000000000e+00
LADDER E_rel=-2.179217574e-18 n=0.999878 type=E2 hbar_omega=4.542050787e-18 photon=0.000000000e+00
LADDER E_rel=-2.179220701e-18 n=0.999877 type=E2 hbar_omega=4.518052688e-18 photon=0.000000000e+00
LADDER E_rel=-2.179224189e-18 n=0.999876 type=E2 hbar_omega=4.480808299e-18 photon=0.000000000e+00
LADDER E_rel=-2.179227934e-18 n=0.999876 type=E2 hbar_omega=4.433760311e-18 photon=0.000000000e+00
LADDER E_rel=-2.179231807e-18 n=0.999875 type=E2 hbar_omega=4.381137487e-18 photon=0.000000000e+00
LADDER E_rel=-2.179235678e-18 n=0.999874 type=E2 hbar_omega=4.327516938e-18 photon=0.000000000e+00
LADDER E_rel=-2.179239422e-18 n=0.999873 type=E2 hbar_omega=4.277400312e-18 photon=0.000000000e+00
LADDER E_rel=-2.179242929e-18 n=0.999872 type=E2 hbar_omega=4.234849797e-18 photon=0.000000000e+00
LADDER E_rel=-2.179246114e-18 n=0.999871 type=E2 hbar_omega=4.203206873e-18 photon=0.000000000e+00
LADDER E_rel=-2.179248917e-18 n=0.999871 type=E2 hbar_omega=4.184895906e-18 photon=0.000000000e+00
LADDER E_rel=-2.179251306e-18 n=0.999870 type=E2 hbar_omega=4.181301409e-18 photon=0.000000000e+00
LADDER E_rel=-2.179253281e-18 n=0.999870 type=E2 hbar_omega=4.192703988e-18 photon=0.000000000e+00
LADDER E_rel=-2.179254868e-18 n=0.999869 type=E2 hbar_omega=4.218264402e-18 photon=0.000000000e+00
LADDER E_rel=-2.179256125e-18 n=0.999869 type=E2 hbar_omega=4.256054639e-18 photon=0.000000000e+00
LADDER E_rel=-2.179257134e-18 n=0.999869 type=E2 hbar_omega=4.303145202e-18 photon=0.000000000e+00
LADDER E_rel=-2.179258002e-18 n=0.999869 type=E2 hbar_omega=4.355764358e-18 photon=0.000000000e+00
LADDER E_rel=-2.179258853e-18 n=0.999869 type=E2 hbar_omega=4.409544184e-18 photon=0.000000000e+00
LADDER E_rel=-2.179259818e-18 n=0.999868 type=E2 hbar_omega=4.459857534e-18 photon=0.000000000e+00
LADDER E_rel=-2.179261189e-18 n=0.999868 type=E2 hbar_omega=4.495844566e-18 photon=0.000000000e+00
LADDER E_rel=-2.179262682e-18 n=0.999868 type=E2 hbar_omega=4.528620036e-18 photon=0.000000000e+00
LADDER E_rel=-2.179264594e-18 n=0.999867 type=E2 hbar_omega=4.547125518e-18 photon=0.000000000e+00
LADDER E_rel=-2.179266970e-18 n=0.999867 type=E2 hbar_omega=4.549623672e-18 photon=0.000000000e+00
LADDER E_rel=-2.179269689e-18 n=0.999866 type=E2 hbar_omega=4.539295741e-18 photon=0.000000000e+00
LADDER E_rel=-2.179272879e-18 n=0.999865 type=E2 hbar_omega=4.513001542e-18 photon=0.000000000e+00
LADDER E_rel=-2.179276416e-18 n=0.999864 type=E2 hbar_omega=4.473946719e-18 photon=0.000000000e+00
LADDER E_rel=-2.179280190e-18 n=0.999864 type=E2 hbar_omega=4.425726486e-18 photon=0.000000000e+00
LADDER E_rel=-2.179284071e-18 n=0.999863 type=E2 hbar_omega=4.372653409e-18 photon=0.000000000e+00
LADDER E_rel=-2.179287930e-18 n=0.999862 type=E2 hbar_omega=4.319318181e-18 photon=0.000000000e+00
LADDER E_rel=-2.179291642e-18 n=0.999861 type=E2 hbar_omega=4.270173032e-18 photon=0.000000000e+00
LADDER E_rel=-2.179295103e-18 n=0.999860 type=E2 hbar_omega=4.229180135e-18 photon=0.000000000e+00
LADDER E_rel=-2.179298229e-18 n=0.999859 type=E2 hbar_omega=4.199544308e-18 photon=0.000000000e+00
LADDER E_rel=-2.179300967e-18 n=0.999859 type=E2 hbar_omega=4.183529375e-18 photon=0.000000000e+00
LADDER E_rel=-2.179303289e-18 n=0.999858 type=E2 hbar_omega=4.182345794e-18 photon=0.000000000e+00
LADDER E_rel=-2.179305200e-18 n=0.999858 type=E2 hbar_omega=4.196094802e-18 photon=0.000000000e+00
LADDER E_rel=-2.179306730e-18 n=0.999858 type=E2 hbar_omega=4.223759796e-18 photon=0.000000000e+00
LADDER E_rel=-2.179307941e-18 n=0.999857 type=E2 hbar_omega=4.263245562e-18 photon=0.000000000e+00
LADDER E_rel=-2.179308920e-18 n=0.999857 type=E2 hbar_omega=4.311475941e-18 photon=0.000000000e+00
LADDER E_rel=-2.179309778e-18 n=0.999857 type=E2 hbar_omega=4.364566122e-18 photon=0.000000000e+00
LADDER E_rel=-2.179310639e-18 n=0.999857 type=E2 hbar_omega=4.418083331e-18 photon=0.000000000e+00
LADDER E_rel=-2.179311635e-18 n=0.999856 type=E2 hbar_omega=4.467397403e-18 photon=0.000000000e+00
LADDER E_rel=-2.179313046e-18 n=0.999856 type=E2 hbar_omega=4.502038071e-18 photon=0.000000000e+00
LADDER E_rel=-2.179314602e-18 n=0.999856 type=E2 hbar_omega=4.532691577e-18 photon=0.000000000e+00
LADDER E_rel=-2.179316586e-18 n=0.999855 type=E2 hbar_omega=4.548707128e-18 photon=0.000000000e+00
LADDER E_rel=-2.179319038e-18 n=0.999855 type=E2 hbar_omega=4.548581190e-18 photon=0.000000000e+00
LADDER E_rel=-2.179321817e-18 n=0.999854 type=E2 hbar_omega=4.536147535e-18 photon=0.000000000e+00
LADDER E_rel=-2.179325069e-18 n=0.999853 type=E2 hbar_omega=4.507621354e-18 photon=0.000000000e+00
LADDER E_rel=-2.179328651e-18 n=0.999853 type=E2 hbar_omega=4.466849038e-18 photon=0.000000000e+00
LADDER E_rel=-2.179332450e-18 n=0.999852 type=E2 hbar_omega=4.417567916e-18 photon=0.000000000e+00
LADDER E_rel=-2.179336337e-18 n=0.999851 type=E2 hbar_omega=4.364162996e-18 photon=0.000000000e+00
LADDER E_rel=-2.179340179e-18 n=0.999850 type=E2 hbar_omega=4.311227822e-18 photon=0.000000000e+00
LADDER E_rel=-2.179343858e-18 n=0.999849 type=E2 hbar_omega=4.263156179e-18 photon=0.000000000e+00
LADDER E_rel=-2.179347269e-18 n=0.999848 type=E2 hbar_omega=4.223803399e-18 photon=0.000000000e+00
LADDER E_rel=-2.179350336e-18 n=0.999848 type=E2 hbar_omega=4.196232958e-18 photon=0.000000000e+00
LADDER E_rel=-2.179353009e-18 n=0.999847 type=E2 hbar_omega=4.182545274e-18 photon=0.000000000e+00
LADDER E_rel=-2.179355264e-18 n=0.999846 type=E2 hbar_omega=4.183775315e-18 photon=0.000000000e+00
LADDER E_rel=-2.179357111e-18 n=0.999846 type=E2 hbar_omega=4.199844694e-18 photon=0.000000000e+00
LADDER E_rel=-2.179358586e-18 n=0.999846 type=E2 hbar_omega=4.229560402e-18 photon=0.000000000e+00
LADDER E_rel=-2.179359753e-18 n=0.999845 type=E2 hbar_omega=4.270662473e-18 photon=0.000000000e+00
LADDER E_rel=-2.179360706e-18 n=0.999845 type=E2 hbar_omega=4.319932472e-18 photon=0.000000000e+00
LADDER E_rel=-2.179361556e-18 n=0.999845 type=E2 hbar_omega=4.373379205e-18 photon=0.000000000e+00
LADDER E_rel=-2.179362430e-18 n=0.999845 type=E2 hbar_omega=4.426514099e-18 photon=0.000000000e+00
LADDER E_rel=-2.179363659e-18 n=0.999844 type=E2 hbar_omega=4.467155850e-18 photon=0.000000000e+00
LADDER E_rel=-2.179364914e-18 n=0.999844 type=E2 hbar_omega=4.507927083e-18 photon=0.000000000e+00
LADDER E_rel=-2.179366535e-18 n=0.999844 type=E2 hbar_omega=4.536384698e-18 photon=0.000000000e+00
LADDER E_rel=-2.179368593e-18 n=0.999843 type=E2 hbar_omega=4.549871444e-18 photon=0.000000000e+00
LADDER E_rel=-2.179371051e-18 n=0.999843 type=E2 hbar_omega=4.548726749e-18 photon=0.000000000e+00
LADDER E_rel=-2.179373957e-18 n=0.999842 type=E2 hbar_omega=4.532613719e-18 photon=0.000000000e+00
LADDER E_rel=-2.179377268e-18 n=0.999841 type=E2 hbar_omega=4.501924973e-18 photon=0.000000000e+00
LADDER E_rel=-2.179380894e-18 n=0.999841 type=E2 hbar_omega=4.459531902e-18 photon=0.000000000e+00
LADDER E_rel=-2.179384453e-18 n=0.999840 type=E2 hbar_omega=4.418102906e-18 photon=0.000000000e+00
LADDER E_rel=-2.179388339e-18 n=0.999839 type=E2 hbar_omega=4.364732318e-18 photon=0.000000000e+00
LADDER E_rel=-2.179392182e-18 n=0.999838 type=E2 hbar_omega=4.311795875e-18 photon=0.000000000e+00
LADDER E_rel=-2.179395862e-18 n=0.999837 type=E2 hbar_omega=4.263688760e-18 photon=0.000000000e+00
LADDER E_rel=-2.179399276e-18 n=0.999836 type=E2 hbar_omega=4.224270256e-18 photon=0.000000000e+00
LADDER E_rel=-2.179402345e-18 n=0.999836 type=E2 hbar_omega=4.196609728e-18 photon=0.000000000e+00
LADDER E_rel=-2.179405021e-18 n=0.999835 type=E2 hbar_omega=4.182814840e-18 photon=0.000000000e+00
LADDER E_rel=-2.179407230e-18 n=0.999834 type=E2 hbar_omega=4.185588152e-18 photon=0.000000000e+00
LADDER E_rel=-2.179409014e-18 n=0.999834 type=E2 hbar_omega=4.203947252e-18 photon=0.000000000e+00
LADDER E_rel=-2.179410435e-18 n=0.999834 type=E2 hbar_omega=4.235655465e-18 photon=0.000000000e+00
LADDER E_rel=-2.179411562e-18 n=0.999833 type=E2 hbar_omega=4.278290808e-18 photon=0.000000000e+00
LADDER E_rel=-2.179412732e-18 n=0.999833 type=E2 hbar_omega=4.319703696e-18 photon=0.000000000e+00
LADDER E_rel=-2.179413583e-18 n=0.999833 type=E2 hbar_omega=4.373115148e-18 photon=0.000000000e+00
LADDER E_rel=-2.179414457e-18 n=0.999833 type=E2 hbar_omega=4.426249987e-18 photon=0.000000000e+00
LADDER E_rel=-2.179415486e-18 n=0.999833 type=E2 hbar_omega=4.474487150e-18 photon=0.000000000e+00
LADDER E_rel=-2.179416794e-18 n=0.999832 type=E2 hbar_omega=4.513497360e-18 photon=0.000000000e+00
LADDER E_rel=-2.179418556e-18 n=0.999832 type=E2 hbar_omega=4.536308135e-18 photon=0.000000000e+00
LADDER E_rel=-2.179420611e-18 n=0.999831 type=E2 hbar_omega=4.549910563e-18 photon=0.000000000e+00
LADDER E_rel=-2.179423134e-18 n=0.999831 type=E2 hbar_omega=4.547287168e-18 photon=0.000000000e+00
LADDER E_rel=-2.179426110e-18 n=0.999830 type=E2 hbar_omega=4.528702790e-18 photon=0.000000000e+00
LADDER E_rel=-2.179429277e-18 n=0.999829 type=E2 hbar_omega=4.502307294e-18 photon=0.000000000e+00
LADDER E_rel=-2.179432900e-18 n=0.999829 type=E2 hbar_omega=4.460006008e-18 photon=0.000000000e+00
LADDER E_rel=-2.179436720e-18 n=0.999828 type=E2 hbar_omega=4.409839742e-18 photon=0.000000000e+00
LADDER E_rel=-2.179440607e-18 n=0.999827 type=E2 hbar_omega=4.356250135e-18 photon=0.000000000e+00
LADDER E_rel=-2.179444431e-18 n=0.999826 type=E2 hbar_omega=4.303821880e-18 photon=0.000000000e+00
LADDER E_rel=-2.179448074e-18 n=0.999825 type=E2 hbar_omega=4.256883419e-18 photon=0.000000000e+00
LADDER E_rel=-2.179451437e-18 n=0.999824 type=E2 hbar_omega=4.219180975e-18 photon=0.000000000e+00
LADDER E_rel=-2.179454446e-18 n=0.999824 type=E2 hbar_omega=4.193638349e-18 photon=0.000000000e+00
LADDER E_rel=-2.179457056e-18 n=0.999823 type=E2 hbar_omega=4.182197233e-18 photon=0.000000000e+00
LADDER E_rel=-2.179459248e-18 n=0.999823 type=E2 hbar_omega=4.185723962e-18 photon=0.000000000e+00
LADDER E_rel=-2.179461035e-18 n=0.999822 type=E2 hbar_omega=4.203969008e-18 photon=0.000000000e+00
LADDER E_rel=-2.179462459e-18 n=0.999822 type=E2 hbar_omega=4.235572773e-18 photon=0.000000000e+00
LADDER E_rel=-2.179463588e-18 n=0.999822 type=E2 hbar_omega=4.278121611e-18 photon=0.000000000e+00
LADDER E_rel=-2.179464518e-18 n=0.999821 type=E2 hbar_omega=4.328267042e-18 photon=0.000000000e+00
LADDER E_rel=-2.179465364e-18 n=0.999821 type=E2 hbar_omega=4.381924542e-18 photon=0.000000000e+00
LADDER E_rel=-2.179466255e-18 n=0.999821 type=E2 hbar_omega=4.434562829e-18 photon=0.000000000e+00
LADDER E_rel=-2.179467513e-18 n=0.999821 type=E2 hbar_omega=4.474264448e-18 photon=0.000000000e+00
LADDER E_rel=-2.179468819e-18 n=0.999820 type=E2 hbar_omega=4.513343590e-18 photon=0.000000000e+00
LADDER E_rel=-2.179470503e-18 n=0.999820 type=E2 hbar_omega=4.539633381e-18 photon=0.000000000e+00
LADDER E_rel=-2.179472633e-18 n=0.999819 type=E2 hbar_omega=4.550674725e-18 photon=0.000000000e+00
LADDER E_rel=-2.179475150e-18 n=0.999819 type=E2 hbar_omega=4.547449885e-18 photon=0.000000000e+00
LADDER E_rel=-2.179478123e-18 n=0.999818 type=E2 hbar_omega=4.528987695e-18 photon=0.000000000e+00
LADDER E_rel=-2.179481488e-18 n=0.999817 type=E2 hbar_omega=4.496320042e-18 photon=0.000000000e+00
LADDER E_rel=-2.179485151e-18 n=0.999817 type=E2 hbar_omega=4.452492860e-18 photon=0.000000000e+00
LADDER E_rel=-2.179488990e-18 n=0.999816 type=E2 hbar_omega=4.401488357e-18 photon=0.000000000e+00
LADDER E_rel=-2.179492613e-18 n=0.999815 type=E2 hbar_omega=4.356808477e-18 photon=0.000000000e+00
LADDER E_rel=-2.179496438e-18 n=0.999814 type=E2 hbar_omega=4.304374380e-18 photon=0.000000000e+00
LADDER E_rel=-2.179500083e-18 n=0.999813 type=E2 hbar_omega=4.257397324e-18 photon=0.000000000e+00
LADDER E_rel=-2.179503448e-18 n=0.999812 type=E2 hbar_omega=4.219627643e-18 photon=0.000000000e+00
LADDER E_rel=-2.179506460e-18 n=0.999812 type=E2 hbar_omega=4.193995049e-18 photon=0.000000000e+00
LADDER E_rel=-2.179509072e-18 n=0.999811 type=E2 hbar_omega=4.182448390e-18 photon=0.000000000e+00
