LADDER E_rel=-1.211038066e-19 n=3.000003 type=E1 hbar_omega=8.073563060e-20 photon=1.513794478e-19
SPLIT t=2.512650e-13 n=2.634464 L/hbar=2.634447 Jrem=0.6345 Lrem=0.6344 photon=-5.162e-26 rot=0.000e+00 dyn=-1.963e-25 unreachable=20000 maxLag=0.0001 maxE=0.0066
LADDER E_rel=-2.724840507e-19 n=2.000000 type=E1 hbar_omega=1.226156930e-19 photon=8.174501311e-19
LADDER E_rel=-1.089942177e-18 n=0.999997 type=E1 hbar_omega=1.693835354e-19 photon=0.000000000e+00
LADDER E_rel=-1.089948056e-18 n=0.999995 type=E1 hbar_omega=2.169244617e-19 photon=0.000000000e+00
SPLIT t=3.512650e-13 n=2.157783 L/hbar=2.157743 Jrem=1.1578 Lrem=1.1577 photon=-1.409e-25 rot=0.000e+00 dyn=-1.008e-24 unreachable=40000 maxLag=0.0001 maxE=0.0092
LADDER E_rel=-1.089953108e-18 n=0.999992 type=E1 hbar_omega=2.591723264e-19 photon=0.000000000e+00
LADDER E_rel=-1.089957717e-18 n=0.999990 type=E1 hbar_omega=2.986662272e-19 photon=0.000000000e+00
LADDER E_rel=-1.089960653e-18 n=0.999989 type=E1 hbar_omega=3.284502505e-19 photon=0.000000000e+00
LADDER E_rel=-1.089964496e-18 n=0.999987 type=E1 hbar_omega=3.637171809e-19 photon=0.000000000e+00
LADDER E_rel=-1.089970566e-18 n=0.999984 type=E1 hbar_omega=4.104507996e-19 photon=0.000000000e+00
LADDER E_rel=-1.089974344e-18 n=0.999982 type=E1 hbar_omega=4.448844278e-19 photon=0.000000000e+00
SPLIT t=4.512650e-13 n=1.674209 L/hbar=1.674068 Jrem=0.6743 Lrem=0.6741 photon=-2.648e-25 rot=0.000e+00 dyn=-5.125e-24 unreachable=60000 maxLag=0.0002 maxE=0.0130
LADDER E_rel=-1.089977997e-18 n=0.999981 type=E1 hbar_omega=4.783104164e-19 photon=0.000000000e+00
LADDER E_rel=-1.089978044e-18 n=0.999981 type=E1 hbar_omega=4.948545602e-19 photon=0.000000000e+00
LADDER E_rel=-1.089983656e-18 n=0.999978 type=E1 hbar_omega=5.377535259e-19 photon=0.000000000e+00
LADDER E_rel=-1.089988473e-18 n=0.999976 type=E1 hbar_omega=5.763412048e-19 photon=0.000000000e+00
LADDER E_rel=-1.089990912e-18 n=0.999975 type=E1 hbar_omega=6.043164869e-19 photon=0.000000000e+00
LADDER E_rel=-1.089989821e-18 n=0.999975 type=E1 hbar_omega=6.172952947e-19 photon=0.000000000e+00
LADDER E_rel=-1.089994956e-18 n=0.999973 type=E1 hbar_omega=6.580360139e-19 photon=0.000000000e+00
LADDER E_rel=-1.089997142e-18 n=0.999972 type=E1 hbar_omega=6.845095302e-19 photon=0.000000000e+00
LADDER E_rel=-1.090003498e-18 n=0.999969 type=E1 hbar_omega=7.289950362e-19 photon=0.000000000e+00
LADDER E_rel=-1.089999800e-18 n=0.999971 type=E1 hbar_omega=7.335602613e-19 photon=0.000000000e+00
LADDER E_rel=-1.089999889e-18 n=0.999971 type=E1 hbar_omega=7.523177345e-19 photon=0.000000000e+00
LADDER E_rel=-1.090001848e-18 n=0.999970 type=E1 hbar_omega=7.792292599e-19 photon=0.000000000e+00
LADDER E_rel=-1.090003409e-18 n=0.999969 type=E1 hbar_omega=8.050684480e-19 photon=0.000000000e+00
LADDER E_rel=-1.090007179e-18 n=0.999967 type=E1 hbar_omega=8.401113155e-19 photon=0.000000000e+00
LADDER E_rel=-1.090017133e-18 n=0.999963 type=E1 hbar_omega=8.960149403e-19 photon=0.000000000e+00
LADDER E_rel=-1.090019277e-18 n=0.999962 type=E1 hbar_omega=9.219067057e-19 photon=0.000000000e+00
LADDER E_rel=-1.090009102e-18 n=0.999967 type=E1 hbar_omega=9.068794209e-19 photon=0.000000000e+00
LADDER E_rel=-1.090025535e-18 n=0.999959 type=E1 hbar_omega=9.845547119e-19 photon=0.000000000e+00
LADDER E_rel=-1.090012341e-18 n=0.999965 type=E1 hbar_omega=9.594185026e-19 photon=0.000000000e+00
LADDER E_rel=-1.090030222e-18 n=0.999957 type=E1 hbar_omega=1.040347748e-18 photon=0.000000000e+00
LADDER E_rel=-1.090014361e-18 n=0.999964 type=E1 hbar_omega=1.009654397e-18 photon=0.000000000e+00
LADDER E_rel=-1.090023683e-18 n=0.999960 type=E1 hbar_omega=1.060086210e-18 photon=0.000000000e+00
LADDER E_rel=-1.090034249e-18 n=0.999955 type=E1 hbar_omega=1.119307610e-18 photon=0.000000000e+00
LADDER E_rel=-1.090023952e-18 n=0.999960 type=E1 hbar_omega=1.107544145e-18 photon=0.000000000e+00
LADDER E_rel=-1.090016545e-18 n=0.999963 type=E1 hbar_omega=1.100735337e-18 photon=0.000000000e+00
LADDER E_rel=-1.090018427e-18 n=0.999962 type=E1 hbar_omega=1.128711421e-18 photon=0.000000000e+00
LADDER E_rel=-1.090023079e-18 n=0.999960 type=E1 hbar_omega=1.169225707e-18 photon=0.000000000e+00
LADDER E_rel=-1.090026431e-18 n=0.999959 type=E1 hbar_omega=1.206115831e-18 photon=0.000000000e+00
LADDER E_rel=-1.090027251e-18 n=0.999958 type=E1 hbar_omega=1.233936167e-18 photon=0.000000000e+00
LADDER E_rel=-1.090025371e-18 n=0.999959 type=E1 hbar_omega=1.251280020e-18 photon=0.000000000e+00
SPLIT t=5.494582e-13 n=1.199360 L/hbar=1.199033 Jrem=0.1994 Lrem=0.1990 photon=-1.029e-26 rot=0.000e+00 dyn=-2.425e-23 unreachable=80000 maxLag=0.0004 maxE=0.0235
LADDER E_rel=-1.090021423e-18 n=0.999961 type=E1 hbar_omega=1.260110633e-18 photon=0.000000000e+00
LADDER E_rel=-1.090015999e-18 n=0.999963 type=E1 hbar_omega=1.262450206e-18 photon=0.000000000e+00
LADDER E_rel=-1.090014233e-18 n=0.999964 type=E1 hbar_omega=1.281878287e-18 photon=0.000000000e+00
LADDER E_rel=-1.090020607e-18 n=0.999961 type=E1 hbar_omega=1.339523085e-18 photon=0.000000000e+00
LADDER E_rel=-1.090031563e-18 n=0.999956 type=E1 hbar_omega=1.415475809e-18 photon=0.000000000e+00
LADDER E_rel=-1.090028518e-18 n=0.999958 type=E1 hbar_omega=1.427147507e-18 photon=0.000000000e+00
LADDER E_rel=-1.090011537e-18 n=0.999965 type=E1 hbar_omega=1.375245109e-18 photon=0.000000000e+00
LADDER E_rel=-1.090014096e-18 n=0.999964 type=E1 hbar_omega=1.420525880e-18 photon=0.000000000e+00
LADDER E_rel=-1.090028873e-18 n=0.999957 type=E1 hbar_omega=1.519317073e-18 photon=0.000000000e+00
LADDER E_rel=-1.090009771e-18 n=0.999966 type=E1 hbar_omega=1.452582252e-18 photon=0.000000000e+00
LADDER E_rel=-1.090011689e-18 n=0.999965 type=E1 hbar_omega=1.497763746e-18 photon=0.000000000e+00
LADDER E_rel=-1.090021725e-18 n=0.999961 type=E1 hbar_omega=1.575331969e-18 photon=0.000000000e+00
LADDER E_rel=-1.089999933e-18 n=0.999971 type=E1 hbar_omega=1.493273706e-18 photon=0.000000000e+00
LADDER E_rel=-1.090020885e-18 n=0.999961 type=E1 hbar_omega=1.637379023e-18 photon=0.000000000e+00
LADDER E_rel=-1.089996721e-18 n=0.999972 type=E1 hbar_omega=1.536493654e-18 photon=0.000000000e+00
LADDER E_rel=-1.090016370e-18 n=0.999963 type=E1 hbar_omega=1.680401949e-18 photon=0.000000000e+00
LADDER E_rel=-1.089992394e-18 n=0.999974 type=E1 hbar_omega=1.576149524e-18 photon=0.000000000e+00
LADDER E_rel=-1.090013368e-18 n=0.999965 type=E1 hbar_omega=1.730744783e-18 photon=0.000000000e+00
LADDER E_rel=-1.089987760e-18 n=0.999976 type=E1 hbar_omega=1.616772721e-18 photon=0.000000000e+00
LADDER E_rel=-1.090006129e-18 n=0.999968 type=E1 hbar_omega=1.757050750e-18 photon=0.000000000e+00
LADDER E_rel=-1.089992131e-18 n=0.999974 type=E1 hbar_omega=1.715558254e-18 photon=0.000000000e+00
LADDER E_rel=-1.089986137e-18 n=0.999977 type=E1 hbar_omega=1.707124646e-18 photon=0.000000000e+00
LADDER E_rel=-1.090002316e-18 n=0.999970 type=E1 hbar_omega=1.844594215e-18 photon=0.000000000e+00
LADDER E_rel=-1.089979003e-18 n=0.999980 type=E1 hbar_omega=1.738813021e-18 photon=0.000000000e+00
LADDER E_rel=-1.089981331e-18 n=0.999979 type=E1 hbar_omega=1.784426931e-18 photon=0.000000000e+00
LADDER E_rel=-1.089995319e-18 n=0.999973 type=E1 hbar_omega=1.912924043e-18 photon=0.000000000e+00
LADDER E_rel=-1.089975894e-18 n=0.999982 type=E1 hbar_omega=1.830712734e-18 photon=0.000000000e+00
LADDER E_rel=-1.089966420e-18 n=0.999986 type=E1 hbar_omega=1.798174536e-18 photon=0.000000000e+00
LADDER E_rel=-1.089981086e-18 n=0.999979 type=E1 hbar_omega=1.933654989e-18 photon=0.000000000e+00
LADDER E_rel=-1.089983787e-18 n=0.999978 type=E1 hbar_omega=1.995272950e-18 photon=0.000000000e+00
LADDER E_rel=-1.089965907e-18 n=0.999986 type=E1 hbar_omega=1.917185948e-18 photon=0.000000000e+00
LADDER E_rel=-1.089953982e-18 n=0.999992 type=E1 hbar_omega=1.866564522e-18 photon=0.000000000e+00
LADDER E_rel=-1.089959482e-18 n=0.999989 type=E1 hbar_omega=1.943098555e-18 photon=0.000000000e+00
LADDER E_rel=-1.089970444e-18 n=0.999984 type=E1 hbar_omega=2.060893104e-18 photon=0.000000000e+00
LADDER E_rel=-1.089971162e-18 n=0.999984 type=E1 hbar_omega=2.110611708e-18 photon=0.000000000e+00
LADDER E_rel=-1.089960176e-18 n=0.999989 type=E1 hbar_omega=2.079163078e-18 photon=0.000000000e+00
LADDER E_rel=-1.089951367e-18 n=0.999993 type=E1 hbar_omega=2.052517441e-18 photon=0.000000000e+00
LADDER E_rel=-1.089947693e-18 n=0.999995 type=E1 hbar_omega=2.068308874e-18 photon=0.000000000e+00
LADDER E_rel=-1.089944317e-18 n=0.999996 type=E1 hbar_omega=2.086178301e-18 photon=0.000000000e+00
LADDER E_rel=-1.089940955e-18 n=0.999998 type=E1 hbar_omega=2.104429945e-18 photon=0.000000000e+00
LADDER E_rel=-1.089937823e-18 n=0.999999 type=E1 hbar_omega=2.124512350e-18 photon=0.000000000e+00
LADDER E_rel=-1.089937451e-18 n=0.999999 type=E1 hbar_omega=2.166525153e-18 photon=0.000000000e+00
LADDER E_rel=-1.089934338e-18 n=1.000001 type=E1 hbar_omega=2.187425997e-18 photon=0.000000000e+00
WINDOW closed t=5.906912e-13 n=1.000026 L/hbar=1.000018 e=0.004033 unpaid J=1.561e-05 L=1.561e-05 queued=9.688295789e-19 paid=9.688295789e-19 E_open=-1.211038066e-19 E_close=-1.089878777e-18
SPLIT closed photon=1.266981e-24 rotation=-2.520142e-26 dynamics=5.336652e-23 [kin 1.946964e-18 coul -1.946890e-18 dd -7.354642e-24 cd -3.507914e-23 darwin 2.169602e-23 constr 0.000000e+00] steps=93273 unreachable=92339 maxLag=0.000527 maxE=0.031851
LADDER E_rel=-1.089871917e-18 n=1.000029 type=E1 hbar_omega=2.172438556e-18 photon=0.000000000e+00
LADDER E_rel=-1.089865557e-18 n=1.000032 type=E1 hbar_omega=2.167224060e-18 photon=0.000000000e+00
LADDER E_rel=-1.089859337e-18 n=1.000035 type=E1 hbar_omega=2.163042858e-18 photon=0.000000000e+00
LADDER E_rel=-1.089853243e-18 n=1.000038 type=E1 hbar_omega=2.159929491e-18 photon=0.000000000e+00
LADDER E_rel=-1.089847446e-18 n=1.000041 type=E1 hbar_omega=2.159025385e-18 photon=0.000000000e+00
LADDER E_rel=-1.089841863e-18 n=1.000043 type=E1 hbar_omega=2.159833398e-18 photon=0.000000000e+00
LADDER E_rel=-1.089836483e-18 n=1.000046 type=E1 hbar_omega=2.162285179e-18 photon=0.000000000e+00
LADDER E_rel=-1.089831279e-18 n=1.000048 type=E1 hbar_omega=2.166175526e-18 photon=0.000000000e+00
LADDER E_rel=-1.089826306e-18 n=1.000050 type=E1 hbar_omega=2.172099205e-18 photon=0.000000000e+00
LADDER E_rel=-1.089821322e-18 n=1.000053 type=E1 hbar_omega=2.177861778e-18 photon=0.000000000e+00
LADDER E_rel=-1.089816346e-18 n=1.000055 type=E1 hbar_omega=2.183747102e-18 photon=0.000000000e+00
LADDER E_rel=-1.089811312e-18 n=1.000057 type=E1 hbar_omega=2.189250975e-18 photon=0.000000000e+00
LADDER E_rel=-1.089806161e-18 n=1.000060 type=E1 hbar_omega=2.193898317e-18 photon=0.000000000e+00
LADDER E_rel=-1.089800842e-18 n=1.000062 type=E1 hbar_omega=2.197285256e-18 photon=0.000000000e+00
LADDER E_rel=-1.089795318e-18 n=1.000065 type=E1 hbar_omega=2.199115751e-18 photon=0.000000000e+00
LADDER E_rel=-1.089789523e-18 n=1.000067 type=E1 hbar_omega=2.199079901e-18 photon=0.000000000e+00
LADDER E_rel=-1.089783521e-18 n=1.000070 type=E1 hbar_omega=2.197185026e-18 photon=0.000000000e+00
LADDER E_rel=-1.089777325e-18 n=1.000073 type=E1 hbar_omega=2.193739644e-18 photon=0.000000000e+00
LADDER E_rel=-1.089770979e-18 n=1.000076 type=E1 hbar_omega=2.189042498e-18 photon=0.000000000e+00
LADDER E_rel=-1.089764538e-18 n=1.000079 type=E1 hbar_omega=2.183498898e-18 photon=0.000000000e+00
LADDER E_rel=-1.089758064e-18 n=1.000082 type=E1 hbar_omega=2.177584006e-18 photon=0.000000000e+00
LADDER E_rel=-1.089751485e-18 n=1.000085 type=E1 hbar_omega=2.170882604e-18 photon=0.000000000e+00
LADDER E_rel=-1.089745154e-18 n=1.000088 type=E1 hbar_omega=2.165867471e-18 photon=0.000000000e+00
LADDER E_rel=-1.089738973e-18 n=1.000090 type=E1 hbar_omega=2.161968921e-18 photon=0.000000000e+00
LADDER E_rel=-1.089732980e-18 n=1.000093 type=E1 hbar_omega=2.159510780e-18 photon=0.000000000e+00
LADDER E_rel=-1.089727195e-18 n=1.000096 type=E1 hbar_omega=2.158695901e-18 photon=0.000000000e+00
LADDER E_rel=-1.089721648e-18 n=1.000098 type=E1 hbar_omega=2.159906938e-18 photon=0.000000000e+00
LADDER E_rel=-1.089716311e-18 n=1.000101 type=E1 hbar_omega=2.162692107e-18 photon=0.000000000e+00
LADDER E_rel=-1.089711141e-18 n=1.000103 type=E1 hbar_omega=2.166851822e-18 photon=0.000000000e+00
LADDER E_rel=-1.089706093e-18 n=1.000106 type=E1 hbar_omega=2.172036824e-18 photon=0.000000000e+00
LADDER E_rel=-1.089701216e-18 n=1.000108 type=E1 hbar_omega=2.178802486e-18 photon=0.000000000e+00
LADDER E_rel=-1.089696233e-18 n=1.000110 type=E1 hbar_omega=2.184638102e-18 photon=0.000000000e+00
LADDER E_rel=-1.089691179e-18 n=1.000112 type=E1 hbar_omega=2.189984787e-18 photon=0.000000000e+00
LADDER E_rel=-1.089685996e-18 n=1.000115 type=E1 hbar_omega=2.194380313e-18 photon=0.000000000e+00
LADDER E_rel=-1.089680635e-18 n=1.000117 type=E1 hbar_omega=2.197442180e-18 photon=0.000000000e+00
LADDER E_rel=-1.089675064e-18 n=1.000120 type=E1 hbar_omega=2.198902456e-18 photon=0.000000000e+00
LADDER E_rel=-1.089669214e-18 n=1.000122 type=E1 hbar_omega=2.198420486e-18 photon=0.000000000e+00
LADDER E_rel=-1.089663168e-18 n=1.000125 type=E1 hbar_omega=2.196169868e-18 photon=0.000000000e+00
LADDER E_rel=-1.089656937e-18 n=1.000128 type=E1 hbar_omega=2.192425838e-18 photon=0.000000000e+00
LADDER E_rel=-1.089650568e-18 n=1.000131 type=E1 hbar_omega=2.187512747e-18 photon=0.000000000e+00
LADDER E_rel=-1.089644116e-18 n=1.000134 type=E1 hbar_omega=2.181853960e-18 photon=0.000000000e+00
LADDER E_rel=-1.089637501e-18 n=1.000137 type=E1 hbar_omega=2.174954555e-18 photon=0.000000000e+00
LADDER E_rel=-1.089631089e-18 n=1.000140 type=E1 hbar_omega=2.169363963e-18 photon=0.000000000e+00
LADDER E_rel=-1.089624790e-18 n=1.000143 type=E1 hbar_omega=2.164567896e-18 photon=0.000000000e+00
LADDER E_rel=-1.089618649e-18 n=1.000146 type=E1 hbar_omega=2.160966840e-18 photon=0.000000000e+00
LADDER E_rel=-1.089612663e-18 n=1.000148 type=E1 hbar_omega=2.158669338e-18 photon=0.000000000e+00
LADDER E_rel=-1.089606963e-18 n=1.000151 type=E1 hbar_omega=2.158515994e-18 photon=0.000000000e+00
LADDER E_rel=-1.089601473e-18 n=1.000154 type=E1 hbar_omega=2.160057119e-18 photon=0.000000000e+00
LADDER E_rel=-1.089596177e-18 n=1.000156 type=E1 hbar_omega=2.163163441e-18 photon=0.000000000e+00
LADDER E_rel=-1.089591038e-18 n=1.000158 type=E1 hbar_omega=2.167574852e-18 photon=0.000000000e+00
LADDER E_rel=-1.089586112e-18 n=1.000161 type=E1 hbar_omega=2.173879351e-18 photon=0.000000000e+00
LADDER E_rel=-1.089581140e-18 n=1.000163 type=E1 hbar_omega=2.179740114e-18 photon=0.000000000e+00
LADDER E_rel=-1.089576147e-18 n=1.000165 type=E1 hbar_omega=2.185501921e-18 photon=0.000000000e+00
LADDER E_rel=-1.089571070e-18 n=1.000168 type=E1 hbar_omega=2.190669494e-18 photon=0.000000000e+00
LADDER E_rel=-1.089565897e-18 n=1.000170 type=E1 hbar_omega=2.195360854e-18 photon=0.000000000e+00
LADDER E_rel=-1.089560459e-18 n=1.000172 type=E1 hbar_omega=2.197823849e-18 photon=0.000000000e+00
LADDER E_rel=-1.089554803e-18 n=1.000175 type=E1 hbar_omega=2.198620535e-18 photon=0.000000000e+00
LADDER E_rel=-1.089548924e-18 n=1.000178 type=E1 hbar_omega=2.197680313e-18 photon=0.000000000e+00
LADDER E_rel=-1.089542837e-18 n=1.000180 type=E1 hbar_omega=2.195084455e-18 photon=0.000000000e+00
LADDER E_rel=-1.089536447e-18 n=1.000183 type=E1 hbar_omega=2.190269855e-18 photon=0.000000000e+00
LADDER E_rel=-1.089530041e-18 n=1.000186 type=E1 hbar_omega=2.185021676e-18 photon=0.000000000e+00
LADDER E_rel=-1.089523577e-18 n=1.000189 type=E1 hbar_omega=2.179211048e-18 photon=0.000000000e+00
LADDER E_rel=-1.089517119e-18 n=1.000192 type=E1 hbar_omega=2.173333739e-18 photon=0.000000000e+00
LADDER E_rel=-1.089510606e-18 n=1.000195 type=E1 hbar_omega=2.167052709e-18 photon=0.000000000e+00
LADDER E_rel=-1.089504365e-18 n=1.000198 type=E1 hbar_omega=2.162682995e-18 photon=0.000000000e+00
LADDER E_rel=-1.089498298e-18 n=1.000201 type=E1 hbar_omega=2.159635445e-18 photon=0.000000000e+00
LADDER E_rel=-1.089492433e-18 n=1.000204 type=E1 hbar_omega=2.158162234e-18 photon=0.000000000e+00
LADDER E_rel=-1.089486792e-18 n=1.000206 type=E1 hbar_omega=2.158590524e-18 photon=0.000000000e+00
LADDER E_rel=-1.089481381e-18 n=1.000209 type=E1 hbar_omega=2.160756861e-18 photon=0.000000000e+00
LADDER E_rel=-1.089476151e-18 n=1.000211 type=E1 hbar_omega=2.164400176e-18 photon=0.000000000e+00
LADDER E_rel=-1.089471062e-18 n=1.000213 type=E1 hbar_omega=2.169215046e-18 photon=0.000000000e+00
LADDER E_rel=-1.089466166e-18 n=1.000216 type=E1 hbar_omega=2.175775897e-18 photon=0.000000000e+00
LADDER E_rel=-1.089461194e-18 n=1.000218 type=E1 hbar_omega=2.181649519e-18 photon=0.000000000e+00
LADDER E_rel=-1.089456176e-18 n=1.000220 type=E1 hbar_omega=2.187230022e-18 photon=0.000000000e+00
LADDER E_rel=-1.089451051e-18 n=1.000223 type=E1 hbar_omega=2.192036332e-18 photon=0.000000000e+00
LADDER E_rel=-1.089445799e-18 n=1.000225 type=E1 hbar_omega=2.196119349e-18 photon=0.000000000e+00
LADDER E_rel=-1.089440280e-18 n=1.000228 type=E1 hbar_omega=2.197952732e-18 photon=0.000000000e+00
LADDER E_rel=-1.089434539e-18 n=1.000230 type=E1 hbar_omega=2.198077161e-18 photon=0.000000000e+00
LADDER E_rel=-1.089428578e-18 n=1.000233 type=E1 hbar_omega=2.196480835e-18 photon=0.000000000e+00
LADDER E_rel=-1.089422308e-18 n=1.000236 type=E1 hbar_omega=2.192635537e-18 photon=0.000000000e+00
LADDER E_rel=-1.089415970e-18 n=1.000239 type=E1 hbar_omega=2.187966819e-18 photon=0.000000000e+00
LADDER E_rel=-1.089409536e-18 n=1.000242 type=E1 hbar_omega=2.182452403e-18 photon=0.000000000e+00
LADDER E_rel=-1.089403070e-18 n=1.000245 type=E1 hbar_omega=2.176564954e-18 photon=0.000000000e+00
LADDER E_rel=-1.089396499e-18 n=1.000248 type=E1 hbar_omega=2.169890324e-18 photon=0.000000000e+00
LADDER E_rel=-1.089390174e-18 n=1.000251 type=E1 hbar_omega=2.164891434e-18 photon=0.000000000e+00
LADDER E_rel=-1.089383998e-18 n=1.000253 type=E1 hbar_omega=2.161001547e-18 photon=0.000000000e+00
LADDER E_rel=-1.089377961e-18 n=1.000256 type=E1 hbar_omega=2.158290930e-18 photon=0.000000000e+00
LADDER E_rel=-1.089372215e-18 n=1.000259 type=E1 hbar_omega=2.157752507e-18 photon=0.000000000e+00
LADDER E_rel=-1.089366682e-18 n=1.000261 type=E1 hbar_omega=2.158913356e-18 photon=0.000000000e+00
LADDER E_rel=-1.089361346e-18 n=1.000264 type=E1 hbar_omega=2.161675814e-18 photon=0.000000000e+00
LADDER E_rel=-1.089356260e-18 n=1.000266 type=E1 hbar_omega=2.166614805e-18 photon=0.000000000e+00
LADDER E_rel=-1.089351228e-18 n=1.000268 type=E1 hbar_omega=2.171901802e-18 photon=0.000000000e+00
LADDER E_rel=-1.089346253e-18 n=1.000271 type=E1 hbar_omega=2.177697485e-18 photon=0.000000000e+00
LADDER E_rel=-1.089341367e-18 n=1.000273 type=E1 hbar_omega=2.184450787e-18 photon=0.000000000e+00
LADDER E_rel=-1.089336297e-18 n=1.000275 type=E1 hbar_omega=2.189650448e-18 photon=0.000000000e+00
LADDER E_rel=-1.089331090e-18 n=1.000278 type=E1 hbar_omega=2.193835609e-18 photon=0.000000000e+00
LADDER E_rel=-1.089325700e-18 n=1.000280 type=E1 hbar_omega=2.196641750e-18 photon=0.000000000e+00
LADDER E_rel=-1.089320073e-18 n=1.000283 type=E1 hbar_omega=2.197855614e-18 photon=0.000000000e+00
LADDER E_rel=-1.089314210e-18 n=1.000285 type=E1 hbar_omega=2.197018754e-18 photon=0.000000000e+00
LADDER E_rel=-1.089308138e-18 n=1.000288 type=E1 hbar_omega=2.194522395e-18 photon=0.000000000e+00
LADDER E_rel=-1.089301888e-18 n=1.000291 type=E1 hbar_omega=2.190583282e-18 photon=0.000000000e+00
LADDER E_rel=-1.089295367e-18 n=1.000294 type=E1 hbar_omega=2.184622494e-18 photon=0.000000000e+00
LADDER E_rel=-1.089288910e-18 n=1.000297 type=E1 hbar_omega=2.178848642e-18 photon=0.000000000e+00
LADDER E_rel=-1.089282455e-18 n=1.000300 type=E1 hbar_omega=2.172978879e-18 photon=0.000000000e+00
LADDER E_rel=-1.089275941e-18 n=1.000303 type=E1 hbar_omega=2.166669283e-18 photon=0.000000000e+00
LADDER E_rel=-1.089269695e-18 n=1.000306 type=E1 hbar_omega=2.162245672e-18 photon=0.000000000e+00
LADDER E_rel=-1.089263621e-18 n=1.000309 type=E1 hbar_omega=2.159121891e-18 photon=0.000000000e+00
LADDER E_rel=-1.089257719e-18 n=1.000311 type=E1 hbar_omega=2.157460373e-18 photon=0.000000000e+00
LADDER E_rel=-1.089252093e-18 n=1.000314 type=E1 hbar_omega=2.157867380e-18 photon=0.000000000e+00
LADDER E_rel=-1.089246673e-18 n=1.000316 type=E1 hbar_omega=2.159934231e-18 photon=0.000000000e+00
LADDER E_rel=-1.089241509e-18 n=1.000319 type=E1 hbar_omega=2.164211970e-18 photon=0.000000000e+00
LADDER E_rel=-1.089236433e-18 n=1.000321 type=E1 hbar_omega=2.169116996e-18 photon=0.000000000e+00
LADDER E_rel=-1.089231440e-18 n=1.000323 type=E1 hbar_omega=2.174736807e-18 photon=0.000000000e+00
LADDER E_rel=-1.089226570e-18 n=1.000326 type=E1 hbar_omega=2.181566599e-18 photon=0.000000000e+00
LADDER E_rel=-1.089221544e-18 n=1.000328 type=E1 hbar_omega=2.187068715e-18 photon=0.000000000e+00
LADDER E_rel=-1.089216406e-18 n=1.000330 type=E1 hbar_omega=2.191749721e-18 photon=0.000000000e+00
LADDER E_rel=-1.089211103e-18 n=1.000333 type=E1 hbar_omega=2.195203014e-18 photon=0.000000000e+00
LADDER E_rel=-1.089205590e-18 n=1.000335 type=E1 hbar_omega=2.197288618e-18 photon=0.000000000e+00
LADDER E_rel=-1.089199828e-18 n=1.000338 type=E1 hbar_omega=2.197223312e-18 photon=0.000000000e+00
LADDER E_rel=-1.089193848e-18 n=1.000341 type=E1 hbar_omega=2.195450307e-18 photon=0.000000000e+00
LADDER E_rel=-1.089187560e-18 n=1.000344 type=E1 hbar_omega=2.191435649e-18 photon=0.000000000e+00
LADDER E_rel=-1.089181213e-18 n=1.000347 type=E1 hbar_omega=2.186667754e-18 photon=0.000000000e+00
LADDER E_rel=-1.089174778e-18 n=1.000349 type=E1 hbar_omega=2.181105401e-18 photon=0.000000000e+00
LADDER E_rel=-1.089168316e-18 n=1.000352 type=E1 hbar_omega=2.175224971e-18 photon=0.000000000e+00
LADDER E_rel=-1.089161760e-18 n=1.000355 type=E1 hbar_omega=2.168626435e-18 photon=0.000000000e+00
LADDER E_rel=-1.089155453e-18 n=1.000358 type=E1 hbar_omega=2.163744141e-18 photon=0.000000000e+00
LADDER E_rel=-1.089149223e-18 n=1.000361 type=E1 hbar_omega=2.159520083e-18 photon=0.000000000e+00
LADDER E_rel=-1.089143293e-18 n=1.000364 type=E1 hbar_omega=2.157505907e-18 photon=0.000000000e+00
LADDER E_rel=-1.089137573e-18 n=1.000367 type=E1 hbar_omega=2.157154349e-18 photon=0.000000000e+00
LADDER E_rel=-1.089132097e-18 n=1.000369 type=E1 hbar_omega=2.158879575e-18 photon=0.000000000e+00
LADDER E_rel=-1.089126812e-18 n=1.000371 type=E1 hbar_omega=2.162040303e-18 photon=0.000000000e+00
LADDER E_rel=-1.089121683e-18 n=1.000374 type=E1 hbar_omega=2.166482149e-18 photon=0.000000000e+00
LADDER E_rel=-1.089116762e-18 n=1.000376 type=E1 hbar_omega=2.172788353e-18 photon=0.000000000e+00
LADDER E_rel=-1.089111792e-18 n=1.000378 type=E1 hbar_omega=2.178621244e-18 photon=0.000000000e+00
LADDER E_rel=-1.089106797e-18 n=1.000381 type=E1 hbar_omega=2.184330299e-18 photon=0.000000000e+00
LADDER E_rel=-1.089101788e-18 n=1.000383 type=E1 hbar_omega=2.190188740e-18 photon=0.000000000e+00
LADDER E_rel=-1.089096536e-18 n=1.000385 type=E1 hbar_omega=2.194012798e-18 photon=0.000000000e+00
LADDER E_rel=-1.089091091e-18 n=1.000388 type=E1 hbar_omega=2.196381104e-18 photon=0.000000000e+00
LADDER E_rel=-1.089085394e-18 n=1.000391 type=E1 hbar_omega=2.197037737e-18 photon=0.000000000e+00
LADDER E_rel=-1.089079475e-18 n=1.000393 type=E1 hbar_omega=2.195731924e-18 photon=0.000000000e+00
LADDER E_rel=-1.089073354e-18 n=1.000396 type=E1 hbar_omega=2.192817566e-18 photon=0.000000000e+00
LADDER E_rel=-1.089066937e-18 n=1.000399 type=E1 hbar_omega=2.187727072e-18 photon=0.000000000e+00
LADDER E_rel=-1.089060523e-18 n=1.000402 type=E1 hbar_omega=2.182347669e-18 photon=0.000000000e+00
LADDER E_rel=-1.089054065e-18 n=1.000405 type=E1 hbar_omega=2.176514300e-18 photon=0.000000000e+00
LADDER E_rel=-1.089047490e-18 n=1.000408 type=E1 hbar_omega=2.169795544e-18 photon=0.000000000e+00
LADDER E_rel=-1.089041151e-18 n=1.000411 type=E1 hbar_omega=2.164671363e-18 photon=0.000000000e+00
LADDER E_rel=-1.089034953e-18 n=1.000414 type=E1 hbar_omega=2.160586817e-18 photon=0.000000000e+00
LADDER E_rel=-1.089028883e-18 n=1.000416 type=E1 hbar_omega=2.157583532e-18 photon=0.000000000e+00
LADDER E_rel=-1.089023106e-18 n=1.000419 type=E1 hbar_omega=2.156762399e-18 photon=0.000000000e+00
LADDER E_rel=-1.089017564e-18 n=1.000422 type=E1 hbar_omega=2.157947143e-18 photon=0.000000000e+00
LADDER E_rel=-1.089012230e-18 n=1.000424 type=E1 hbar_omega=2.160695649e-18 photon=0.000000000e+00
LADDER E_rel=-1.089007062e-18 n=1.000427 type=E1 hbar_omega=2.164808783e-18 photon=0.000000000e+00
LADDER E_rel=-1.089002114e-18 n=1.000429 type=E1 hbar_omega=2.170873921e-18 photon=0.000000000e+00
LADDER E_rel=-1.088997140e-18 n=1.000431 type=E1 hbar_omega=2.176643553e-18 photon=0.000000000e+00
LADDER E_rel=-1.088992159e-18 n=1.000433 type=E1 hbar_omega=2.182428763e-18 photon=0.000000000e+00
LADDER E_rel=-1.088987187e-18 n=1.000436 type=E1 hbar_omega=2.188544487e-18 photon=0.000000000e+00
LADDER E_rel=-1.088981982e-18 n=1.000438 type=E1 hbar_omega=2.192712275e-18 photon=0.000000000e+00
LADDER E_rel=-1.088976594e-18 n=1.000440 type=E1 hbar_omega=2.195507523e-18 photon=0.000000000e+00
LADDER E_rel=-1.088970971e-18 n=1.000443 type=E1 hbar_omega=2.196718125e-18 photon=0.000000000e+00
LADDER E_rel=-1.088965114e-18 n=1.000446 type=E1 hbar_omega=2.195886865e-18 photon=0.000000000e+00
LADDER E_rel=-1.088959047e-18 n=1.000449 type=E1 hbar_omega=2.193403348e-18 photon=0.000000000e+00
LADDER E_rel=-1.088952680e-18 n=1.000451 type=E1 hbar_omega=2.188711155e-18 photon=0.000000000e+00
LADDER E_rel=-1.088946291e-18 n=1.000454 type=E1 hbar_omega=2.183549994e-18 photon=0.000000000e+00
LADDER E_rel=-1.088939694e-18 n=1.000457 type=E1 hbar_omega=2.176818785e-18 photon=0.000000000e+00
LADDER E_rel=-1.088933253e-18 n=1.000460 type=E1 hbar_omega=2.171007566e-18 photon=0.000000000e+00
LADDER E_rel=-1.088926886e-18 n=1.000463 type=E1 hbar_omega=2.165675531e-18 photon=0.000000000e+00
LADDER E_rel=-1.088920553e-18 n=1.000466 type=E1 hbar_omega=2.160652661e-18 photon=0.000000000e+00
LADDER E_rel=-1.088914516e-18 n=1.000469 type=E1 hbar_omega=2.157786284e-18 photon=0.000000000e+00
LADDER E_rel=-1.088908660e-18 n=1.000472 type=E1 hbar_omega=2.156453826e-18 photon=0.000000000e+00
LADDER E_rel=-1.088903073e-18 n=1.000474 type=E1 hbar_omega=2.157140336e-18 photon=0.000000000e+00
LADDER E_rel=-1.088897688e-18 n=1.000477 type=E1 hbar_omega=2.159460020e-18 photon=0.000000000e+00
LADDER E_rel=-1.088892556e-18 n=1.000479 type=E1 hbar_omega=2.163971166e-18 photon=0.000000000e+00
LADDER E_rel=-1.088887499e-18 n=1.000481 type=E1 hbar_omega=2.169003717e-18 photon=0.000000000e+00
LADDER E_rel=-1.088882619e-18 n=1.000484 type=E1 hbar_omega=2.175653418e-18 photon=0.000000000e+00
LADDER E_rel=-1.088877642e-18 n=1.000486 type=E1 hbar_omega=2.181452996e-18 photon=0.000000000e+00
LADDER E_rel=-1.088872602e-18 n=1.000488 type=E1 hbar_omega=2.186825973e-18 photon=0.000000000e+00
LADDER E_rel=-1.088867496e-18 n=1.000491 type=E1 hbar_omega=2.191946204e-18 photon=0.000000000e+00
LADDER E_rel=-1.088862132e-18 n=1.000493 type=E1 hbar_omega=2.194902761e-18 photon=0.000000000e+00
LADDER E_rel=-1.088856538e-18 n=1.000496 type=E1 hbar_omega=2.196329351e-18 photon=0.000000000e+00
LADDER E_rel=-1.088850706e-18 n=1.000498 type=E1 hbar_omega=2.195688279e-18 photon=0.000000000e+00
LADDER E_rel=-1.088844663e-18 n=1.000501 type=E1 hbar_omega=2.193382202e-18 photon=0.000000000e+00
LADDER E_rel=-1.088838318e-18 n=1.000504 type=E1 hbar_omega=2.188860614e-18 photon=0.000000000e+00
LADDER E_rel=-1.088831942e-18 n=1.000507 type=E1 hbar_omega=2.183799968e-18 photon=0.000000000e+00
LADDER E_rel=-1.088825498e-18 n=1.000510 type=E1 hbar_omega=2.178101552e-18 photon=0.000000000e+00
LADDER E_rel=-1.088818909e-18 n=1.000513 type=E1 hbar_omega=2.171295321e-18 photon=0.000000000e+00
LADDER E_rel=-1.088812533e-18 n=1.000516 type=E1 hbar_omega=2.165895266e-18 photon=0.000000000e+00
LADDER E_rel=-1.088806182e-18 n=1.000519 type=E1 hbar_omega=2.160733800e-18 photon=0.000000000e+00
LADDER E_rel=-1.088800126e-18 n=1.000522 type=E1 hbar_omega=2.157709652e-18 photon=0.000000000e+00
LADDER E_rel=-1.088794245e-18 n=1.000524 type=E1 hbar_omega=2.156165958e-18 photon=0.000000000e+00
LADDER E_rel=-1.088788636e-18 n=1.000527 type=E1 hbar_omega=2.156665591e-18 photon=0.000000000e+00
LADDER E_rel=-1.088783278e-18 n=1.000529 type=E1 hbar_omega=2.159321116e-18 photon=0.000000000e+00
LADDER E_rel=-1.088778078e-18 n=1.000532 type=E1 hbar_omega=2.163148190e-18 photon=0.000000000e+00
LADDER E_rel=-1.088773011e-18 n=1.000534 type=E1 hbar_omega=2.168076054e-18 photon=0.000000000e+00
LADDER E_rel=-1.088768125e-18 n=1.000536 type=E1 hbar_omega=2.174666291e-18 photon=0.000000000e+00
LADDER E_rel=-1.088763152e-18 n=1.000539 type=E1 hbar_omega=2.180474104e-18 photon=0.000000000e+00
LADDER E_rel=-1.088758205e-18 n=1.000541 type=E1 hbar_omega=2.186753187e-18 photon=0.000000000e+00
LADDER E_rel=-1.088753036e-18 n=1.000543 type=E1 hbar_omega=2.191165213e-18 photon=0.000000000e+00
LADDER E_rel=-1.088747694e-18 n=1.000546 type=E1 hbar_omega=2.194279398e-18 photon=0.000000000e+00
LADDER E_rel=-1.088742129e-18 n=1.000548 type=E1 hbar_omega=2.195919753e-18 photon=0.000000000e+00
LADDER E_rel=-1.088736323e-18 n=1.000551 type=E1 hbar_omega=2.195468943e-18 photon=0.000000000e+00
LADDER E_rel=-1.088730212e-18 n=1.000554 type=E1 hbar_omega=2.192835927e-18 photon=0.000000000e+00
LADDER E_rel=-1.088723982e-18 n=1.000557 type=E1 hbar_omega=2.188995474e-18 photon=0.000000000e+00
LADDER E_rel=-1.088717619e-18 n=1.000559 type=E1 hbar_omega=2.184040362e-18 photon=0.000000000e+00
LADDER E_rel=-1.088711036e-18 n=1.000563 type=E1 hbar_omega=2.177420826e-18 photon=0.000000000e+00
LADDER E_rel=-1.088704592e-18 n=1.000565 type=E1 hbar_omega=2.171586409e-18 photon=0.000000000e+00
LADDER E_rel=-1.088698083e-18 n=1.000568 type=E1 hbar_omega=2.165281243e-18 photon=0.000000000e+00
LADDER E_rel=-1.088691840e-18 n=1.000571 type=E1 hbar_omega=2.160829746e-18 photon=0.000000000e+00
LADDER E_rel=-1.088685702e-18 n=1.000574 type=E1 hbar_omega=2.157266342e-18 photon=0.000000000e+00
LADDER E_rel=-1.088679859e-18 n=1.000577 type=E1 hbar_omega=2.155898666e-18 photon=0.000000000e+00
LADDER E_rel=-1.088674240e-18 n=1.000579 type=E1 hbar_omega=2.156430992e-18 photon=0.000000000e+00
LADDER E_rel=-1.088668847e-18 n=1.000582 type=E1 hbar_omega=2.158661543e-18 photon=0.000000000e+00
LADDER E_rel=-1.088663706e-18 n=1.000584 type=E1 hbar_omega=2.163080820e-18 photon=0.000000000e+00
LADDER E_rel=-1.088658645e-18 n=1.000587 type=E1 hbar_omega=2.168052749e-18 photon=0.000000000e+00
LADDER E_rel=-1.088653762e-18 n=1.000589 type=E1 hbar_omega=2.174660096e-18 photon=0.000000000e+00
LADDER E_rel=-1.088648788e-18 n=1.000591 type=E1 hbar_omega=2.180451486e-18 photon=0.000000000e+00
LADDER E_rel=-1.088643754e-18 n=1.000593 type=E1 hbar_omega=2.185843237e-18 photon=0.000000000e+00
LADDER E_rel=-1.088638658e-18 n=1.000596 type=E1 hbar_omega=2.191017443e-18 photon=0.000000000e+00
LADDER E_rel=-1.088633305e-18 n=1.000598 type=E1 hbar_omega=2.194043248e-18 photon=0.000000000e+00
LADDER E_rel=-1.088627727e-18 n=1.000601 type=E1 hbar_omega=2.195569171e-18 photon=0.000000000e+00
LADDER E_rel=-1.088621910e-18 n=1.000603 type=E1 hbar_omega=2.195020516e-18 photon=0.000000000e+00
LADDER E_rel=-1.088615882e-18 n=1.000606 type=E1 hbar_omega=2.192805112e-18 photon=0.000000000e+00
LADDER E_rel=-1.088609550e-18 n=1.000609 type=E1 hbar_omega=2.188376694e-18 photon=0.000000000e+00
LADDER E_rel=-1.088603184e-18 n=1.000612 type=E1 hbar_omega=2.183377134e-18 photon=0.000000000e+00
LADDER E_rel=-1.088596601e-18 n=1.000615 type=E1 hbar_omega=2.176740633e-18 photon=0.000000000e+00
LADDER E_rel=-1.088590161e-18 n=1.000618 type=E1 hbar_omega=2.170922788e-18 photon=0.000000000e+00
LADDER E_rel=-1.088583662e-18 n=1.000621 type=E1 hbar_omega=2.164670993e-18 photon=0.000000000e+00
LADDER E_rel=-1.088577430e-18 n=1.000624 type=E1 hbar_omega=2.160289745e-18 photon=0.000000000e+00
LADDER E_rel=-1.088571305e-18 n=1.000627 type=E1 hbar_omega=2.156828599e-18 photon=0.000000000e+00
LADDER E_rel=-1.088565476e-18 n=1.000629 type=E1 hbar_omega=2.155557449e-18 photon=0.000000000e+00
LADDER E_rel=-1.088559872e-18 n=1.000632 type=E1 hbar_omega=2.156201668e-18 photon=0.000000000e+00
LADDER E_rel=-1.088554491e-18 n=1.000634 type=E1 hbar_omega=2.158518260e-18 photon=0.000000000e+00
LADDER E_rel=-1.088549361e-18 n=1.000637 type=E1 hbar_omega=2.163016456e-18 photon=0.000000000e+00
LADDER E_rel=-1.088544306e-18 n=1.000639 type=E1 hbar_omega=2.168030944e-18 photon=0.000000000e+00
LADDER E_rel=-1.088539426e-18 n=1.000641 type=E1 hbar_omega=2.174653487e-18 photon=0.000000000e+00
LADDER E_rel=-1.088534450e-18 n=1.000644 type=E1 hbar_omega=2.180426840e-18 photon=0.000000000e+00
LADDER E_rel=-1.088529492e-18 n=1.000646 type=E1 hbar_omega=2.186596696e-18 photon=0.000000000e+00
LADDER E_rel=-1.088524306e-18 n=1.000648 type=E1 hbar_omega=2.190864905e-18 photon=0.000000000e+00
LADDER E_rel=-1.088518960e-18 n=1.000651 type=E1 hbar_omega=2.194146446e-18 photon=0.000000000e+00
LADDER E_rel=-1.088513352e-18 n=1.000653 type=E1 hbar_omega=2.195213000e-18 photon=0.000000000e+00
LADDER E_rel=-1.088507524e-18 n=1.000656 type=E1 hbar_omega=2.194566902e-18 photon=0.000000000e+00
LADDER E_rel=-1.088501390e-18 n=1.000659 type=E1 hbar_omega=2.191730824e-18 photon=0.000000000e+00
LADDER E_rel=-1.088495146e-18 n=1.000662 type=E1 hbar_omega=2.187755071e-18 photon=0.000000000e+00
LADDER E_rel=-1.088488636e-18 n=1.000665 type=E1 hbar_omega=2.181795903e-18 photon=0.000000000e+00
LADDER E_rel=-1.088482194e-18 n=1.000668 type=E1 hbar_omega=2.176061069e-18 photon=0.000000000e+00
LADDER E_rel=-1.088475620e-18 n=1.000671 type=E1 hbar_omega=2.169321043e-18 photon=0.000000000e+00
LADDER E_rel=-1.088469268e-18 n=1.000674 type=E1 hbar_omega=2.164064583e-18 photon=0.000000000e+00
LADDER E_rel=-1.088462955e-18 n=1.000677 type=E1 hbar_omega=2.159154508e-18 photon=0.000000000e+00
LADDER E_rel=-1.088456937e-18 n=1.000679 type=E1 hbar_omega=2.156396440e-18 photon=0.000000000e+00
LADDER E_rel=-1.088451102e-18 n=1.000682 type=E1 hbar_omega=2.155191423e-18 photon=0.000000000e+00
LADDER E_rel=-1.088445554e-18 n=1.000685 type=E1 hbar_omega=2.156273771e-18 photon=0.000000000e+00
LADDER E_rel=-1.088440216e-18 n=1.000687 type=E1 hbar_omega=2.158930099e-18 photon=0.000000000e+00
LADDER E_rel=-1.088435125e-18 n=1.000689 type=E1 hbar_omega=2.163743573e-18 photon=0.000000000e+00
LADDER E_rel=-1.088430092e-18 n=1.000692 type=E1 hbar_omega=2.168932041e-18 photon=0.000000000e+00
LADDER E_rel=-1.088425220e-18 n=1.000694 type=E1 hbar_omega=2.175624075e-18 photon=0.000000000e+00
LADDER E_rel=-1.088420236e-18 n=1.000696 type=E1 hbar_omega=2.181335735e-18 photon=0.000000000e+00
LADDER E_rel=-1.088415250e-18 n=1.000698 type=E1 hbar_omega=2.187298332e-18 photon=0.000000000e+00
LADDER E_rel=-1.088410029e-18 n=1.000701 type=E1 hbar_omega=2.191289963e-18 photon=0.000000000e+00
LADDER E_rel=-1.088404622e-18 n=1.000703 type=E1 hbar_omega=2.193883345e-18 photon=0.000000000e+00
LADDER E_rel=-1.088398975e-18 n=1.000706 type=E1 hbar_omega=2.194849234e-18 photon=0.000000000e+00
LADDER E_rel=-1.088393099e-18 n=1.000709 type=E1 hbar_omega=2.193821625e-18 photon=0.000000000e+00
LADDER E_rel=-1.088386917e-18 n=1.000711 type=E1 hbar_omega=2.190586857e-18 photon=0.000000000e+00
LADDER E_rel=-1.088380643e-18 n=1.000714 type=E1 hbar_omega=2.186343500e-18 photon=0.000000000e+00
LADDER E_rel=-1.088374112e-18 n=1.000717 type=E1 hbar_omega=2.180190022e-18 photon=0.000000000e+00
LADDER E_rel=-1.088367669e-18 n=1.000720 type=E1 hbar_omega=2.174405548e-18 photon=0.000000000e+00
LADDER E_rel=-1.088361110e-18 n=1.000723 type=E1 hbar_omega=2.167748635e-18 photon=0.000000000e+00
LADDER E_rel=-1.088354673e-18 n=1.000726 type=E1 hbar_omega=2.161919848e-18 photon=0.000000000e+00
LADDER E_rel=-1.088348517e-18 n=1.000729 type=E1 hbar_omega=2.158090565e-18 photon=0.000000000e+00
LADDER E_rel=-1.088342498e-18 n=1.000732 type=E1 hbar_omega=2.155429429e-18 photon=0.000000000e+00
LADDER E_rel=-1.088336767e-18 n=1.000735 type=E1 hbar_omega=2.154911193e-18 photon=0.000000000e+00
LADDER E_rel=-1.088331273e-18 n=1.000737 type=E1 hbar_omega=2.156425827e-18 photon=0.000000000e+00
LADDER E_rel=-1.088325976e-18 n=1.000739 type=E1 hbar_omega=2.159409635e-18 photon=0.000000000e+00
LADDER E_rel=-1.088320923e-18 n=1.000742 type=E1 hbar_omega=2.164516945e-18 photon=0.000000000e+00
LADDER E_rel=-1.088315908e-18 n=1.000744 type=E1 hbar_omega=2.169856579e-18 photon=0.000000000e+00
LADDER E_rel=-1.088311041e-18 n=1.000746 type=E1 hbar_omega=2.176588891e-18 photon=0.000000000e+00
LADDER E_rel=-1.088306045e-18 n=1.000749 type=E1 hbar_omega=2.182214040e-18 photon=0.000000000e+00
LADDER E_rel=-1.088301028e-18 n=1.000751 type=E1 hbar_omega=2.187943673e-18 photon=0.000000000e+00
LADDER E_rel=-1.088295769e-18 n=1.000753 type=E1 hbar_omega=2.191641772e-18 photon=0.000000000e+00
LADDER E_rel=-1.088290318e-18 n=1.000756 type=E1 hbar_omega=2.194100783e-18 photon=0.000000000e+00
LADDER E_rel=-1.088284613e-18 n=1.000759 type=E1 hbar_omega=2.194398501e-18 photon=0.000000000e+00
LADDER E_rel=-1.088278613e-18 n=1.000761 type=E1 hbar_omega=2.192602886e-18 photon=0.000000000e+00
LADDER E_rel=-1.088272464e-18 n=1.000764 type=E1 hbar_omega=2.189376945e-18 photon=0.000000000e+00
LADDER E_rel=-1.088266028e-18 n=1.000767 type=E1 hbar_omega=2.184038031e-18 photon=0.000000000e+00
LADDER E_rel=-1.088259469e-18 n=1.000770 type=E1 hbar_omega=2.177604667e-18 photon=0.000000000e+00
LADDER E_rel=-1.088253029e-18 n=1.000773 type=E1 hbar_omega=2.171787665e-18 photon=0.000000000e+00
LADDER E_rel=-1.088246503e-18 n=1.000776 type=E1 hbar_omega=2.165336406e-18 photon=0.000000000e+00
LADDER E_rel=-1.088240231e-18 n=1.000779 type=E1 hbar_omega=2.160630346e-18 photon=0.000000000e+00
LADDER E_rel=-1.088234043e-18 n=1.000782 type=E1 hbar_omega=2.156649458e-18 photon=0.000000000e+00
LADDER E_rel=-1.088228151e-18 n=1.000784 type=E1 hbar_omega=2.154855634e-18 photon=0.000000000e+00
LADDER E_rel=-1.088222471e-18 n=1.000787 type=E1 hbar_omega=2.154860115e-18 photon=0.000000000e+00
LADDER E_rel=-1.088217070e-18 n=1.000790 type=E1 hbar_omega=2.157111955e-18 photon=0.000000000e+00
LADDER E_rel=-1.088211841e-18 n=1.000792 type=E1 hbar_omega=2.160637496e-18 photon=0.000000000e+00
LADDER E_rel=-1.088206844e-18 n=1.000794 type=E1 hbar_omega=2.166208506e-18 photon=0.000000000e+00
LADDER E_rel=-1.088201855e-18 n=1.000797 type=E1 hbar_omega=2.171761453e-18 photon=0.000000000e+00
LADDER E_rel=-1.088196986e-18 n=1.000799 type=E1 hbar_omega=2.178501043e-18 photon=0.000000000e+00
LADDER E_rel=-1.088191962e-18 n=1.000801 type=E1 hbar_omega=2.183923025e-18 photon=0.000000000e+00
LADDER E_rel=-1.088186885e-18 n=1.000803 type=E1 hbar_omega=2.189193681e-18 photon=0.000000000e+00
LADDER E_rel=-1.088181555e-18 n=1.000806 type=E1 hbar_omega=2.192346576e-18 photon=0.000000000e+00
LADDER E_rel=-1.088176007e-18 n=1.000808 type=E1 hbar_omega=2.194057425e-18 photon=0.000000000e+00
LADDER E_rel=-1.088170217e-18 n=1.000811 type=E1 hbar_omega=2.193682664e-18 photon=0.000000000e+00
LADDER E_rel=-1.088164125e-18 n=1.000814 type=E1 hbar_omega=2.191147386e-18 photon=0.000000000e+00
LADDER E_rel=-1.088157791e-18 n=1.000817 type=E1 hbar_omega=2.186643049e-18 photon=0.000000000e+00
LADDER E_rel=-1.088151427e-18 n=1.000820 type=E1 hbar_omega=2.181613574e-18 photon=0.000000000e+00
LADDER E_rel=-1.088144852e-18 n=1.000823 type=E1 hbar_omega=2.174986436e-18 photon=0.000000000e+00
