LADDER E_rel=-2.724832162e-19 n=2.000003 type=E1 hbar_omega=2.724809228e-19 photon=8.174442893e-19
LADDER E_rel=-1.089938999e-18 n=0.999999 type=E1 hbar_omega=3.382081195e-19 photon=0.000000000e+00
LADDER E_rel=-1.089947156e-18 n=0.999995 type=E1 hbar_omega=3.954489564e-19 photon=0.000000000e+00
LADDER E_rel=-1.089955701e-18 n=0.999991 type=E1 hbar_omega=4.535700161e-19 photon=0.000000000e+00
LADDER E_rel=-1.089964277e-18 n=0.999987 type=E1 hbar_omega=5.106705659e-19 photon=0.000000000e+00
LADDER E_rel=-1.089971389e-18 n=0.999984 type=E1 hbar_omega=5.597796092e-19 photon=0.000000000e+00
LADDER E_rel=-1.089979478e-18 n=0.999980 type=E1 hbar_omega=6.127344805e-19 photon=0.000000000e+00
LADDER E_rel=-1.089989339e-18 n=0.999976 type=E1 hbar_omega=6.718769330e-19 photon=0.000000000e+00
LADDER E_rel=-1.089994221e-18 n=0.999973 type=E1 hbar_omega=7.101568607e-19 photon=0.000000000e+00
LADDER E_rel=-1.090001475e-18 n=0.999970 type=E1 hbar_omega=7.573060017e-19 photon=0.000000000e+00
LADDER E_rel=-1.090008973e-18 n=0.999967 type=E1 hbar_omega=8.051157738e-19 photon=0.000000000e+00
LADDER E_rel=-1.090015132e-18 n=0.999964 type=E1 hbar_omega=8.476555110e-19 photon=0.000000000e+00
LADDER E_rel=-1.090023911e-18 n=0.999960 type=E1 hbar_omega=8.997804103e-19 photon=0.000000000e+00
LADDER E_rel=-1.090034172e-18 n=0.999955 type=E1 hbar_omega=9.550095985e-19 photon=0.000000000e+00
LADDER E_rel=-1.090035382e-18 n=0.999954 type=E1 hbar_omega=9.800910502e-19 photon=0.000000000e+00
LADDER E_rel=-1.090047269e-18 n=0.999949 type=E1 hbar_omega=1.039879706e-18 photon=0.000000000e+00
LADDER E_rel=-1.090053300e-18 n=0.999946 type=E1 hbar_omega=1.082727413e-18 photon=0.000000000e+00
LADDER E_rel=-1.090053916e-18 n=0.999946 type=E1 hbar_omega=1.106868766e-18 photon=0.000000000e+00
LADDER E_rel=-1.090058595e-18 n=0.999944 type=E1 hbar_omega=1.146121981e-18 photon=0.000000000e+00
LADDER E_rel=-1.090064099e-18 n=0.999941 type=E1 hbar_omega=1.190623038e-18 photon=0.000000000e+00
LADDER E_rel=-1.090068279e-18 n=0.999939 type=E1 hbar_omega=1.231939707e-18 photon=0.000000000e+00
LADDER E_rel=-1.090070677e-18 n=0.999938 type=E1 hbar_omega=1.267435507e-18 photon=0.000000000e+00
SPLIT t=1.185608e-13 n=1.188662 L/hbar=1.188608 Jrem=0.1888 Lrem=0.1886 photon=-1.607e-25 rot=0.000e+00 dyn=-5.102e-23 unreachable=20000 maxLag=0.0001 maxE=0.0096
LADDER E_rel=-1.090072821e-18 n=0.999937 type=E1 hbar_omega=1.303333115e-18 photon=0.000000000e+00
LADDER E_rel=-1.090077658e-18 n=0.999935 type=E1 hbar_omega=1.353025597e-18 photon=0.000000000e+00
LADDER E_rel=-1.090085293e-18 n=0.999932 type=E1 hbar_omega=1.416576140e-18 photon=0.000000000e+00
LADDER E_rel=-1.090085807e-18 n=0.999931 type=E1 hbar_omega=1.447548734e-18 photon=0.000000000e+00
LADDER E_rel=-1.090081108e-18 n=0.999934 type=E1 hbar_omega=1.454902967e-18 photon=0.000000000e+00
LADDER E_rel=-1.090089695e-18 n=0.999930 type=E1 hbar_omega=1.530454805e-18 photon=0.000000000e+00
LADDER E_rel=-1.090087254e-18 n=0.999931 type=E1 hbar_omega=1.547843315e-18 photon=0.000000000e+00
LADDER E_rel=-1.090088277e-18 n=0.999930 type=E1 hbar_omega=1.588030161e-18 photon=0.000000000e+00
LADDER E_rel=-1.090090332e-18 n=0.999929 type=E1 hbar_omega=1.630557089e-18 photon=0.000000000e+00
LADDER E_rel=-1.090090083e-18 n=0.999929 type=E1 hbar_omega=1.665729026e-18 photon=0.000000000e+00
LADDER E_rel=-1.090088182e-18 n=0.999930 type=E1 hbar_omega=1.686967217e-18 photon=0.000000000e+00
LADDER E_rel=-1.090094451e-18 n=0.999927 type=E1 hbar_omega=1.762001277e-18 photon=0.000000000e+00
LADDER E_rel=-1.090085774e-18 n=0.999931 type=E1 hbar_omega=1.745002166e-18 photon=0.000000000e+00
LADDER E_rel=-1.090090845e-18 n=0.999929 type=E1 hbar_omega=1.812265095e-18 photon=0.000000000e+00
LADDER E_rel=-1.090093773e-18 n=0.999928 type=E1 hbar_omega=1.871403393e-18 photon=0.000000000e+00
LADDER E_rel=-1.090085969e-18 n=0.999931 type=E1 hbar_omega=1.859486573e-18 photon=0.000000000e+00
LADDER E_rel=-1.090084572e-18 n=0.999932 type=E1 hbar_omega=1.886858532e-18 photon=0.000000000e+00
LADDER E_rel=-1.090089902e-18 n=0.999929 type=E1 hbar_omega=1.963168161e-18 photon=0.000000000e+00
LADDER E_rel=-1.090091762e-18 n=0.999929 type=E1 hbar_omega=2.019050906e-18 photon=0.000000000e+00
LADDER E_rel=-1.090087672e-18 n=0.999931 type=E1 hbar_omega=2.033778880e-18 photon=0.000000000e+00
LADDER E_rel=-1.090082214e-18 n=0.999933 type=E1 hbar_omega=2.036310410e-18 photon=0.000000000e+00
LADDER E_rel=-1.090078507e-18 n=0.999935 type=E1 hbar_omega=2.050109253e-18 photon=0.000000000e+00
LADDER E_rel=-1.090077106e-18 n=0.999935 type=E1 hbar_omega=2.081484626e-18 photon=0.000000000e+00
LADDER E_rel=-1.090076876e-18 n=0.999935 type=E1 hbar_omega=2.123075608e-18 photon=0.000000000e+00
WINDOW closed t=1.415037e-13 n=0.999980 L/hbar=0.999920 e=0.010993 unpaid J=3.167e-05 L=-8.440e-05 queued=8.174442893e-19 paid=8.174442893e-19 E_open=-2.724832162e-19 E_close=-1.089979085e-18
SPLIT closed photon=8.585030e-25 rotation=0.000000e+00 dynamics=-5.243818e-23 [kin 1.639514e-18 coul -1.639545e-18 dd -7.204786e-24 cd -3.395845e-23 darwin 2.049897e-23 constr 0.000000e+00] steps=27482 unreachable=27482 maxLag=0.000151 maxE=0.012710
LADDER E_rel=-1.089974697e-18 n=0.999982 type=E1 hbar_omega=2.160234727e-18 photon=0.000000000e+00
LADDER E_rel=-1.089970338e-18 n=0.999984 type=E1 hbar_omega=2.170742369e-18 photon=0.000000000e+00
LADDER E_rel=-1.089966072e-18 n=0.999986 type=E1 hbar_omega=2.182068661e-18 photon=0.000000000e+00
LADDER E_rel=-1.089961777e-18 n=0.999988 type=E1 hbar_omega=2.193252306e-18 photon=0.000000000e+00
LADDER E_rel=-1.089957328e-18 n=0.999990 type=E1 hbar_omega=2.203329922e-18 photon=0.000000000e+00
LADDER E_rel=-1.089952611e-18 n=0.999992 type=E1 hbar_omega=2.211421527e-18 photon=0.000000000e+00
LADDER E_rel=-1.089947578e-18 n=0.999995 type=E1 hbar_omega=2.217417642e-18 photon=0.000000000e+00
LADDER E_rel=-1.089942005e-18 n=0.999997 type=E1 hbar_omega=2.219067600e-18 photon=0.000000000e+00
LADDER E_rel=-1.089935993e-18 n=1.000000 type=E1 hbar_omega=2.217336114e-18 photon=0.000000000e+00
LADDER E_rel=-1.089929569e-18 n=1.000003 type=E1 hbar_omega=2.212378097e-18 photon=0.000000000e+00
LADDER E_rel=-1.089922802e-18 n=1.000006 type=E1 hbar_omega=2.204634560e-18 photon=0.000000000e+00
LADDER E_rel=-1.089915790e-18 n=1.000009 type=E1 hbar_omega=2.194788157e-18 photon=0.000000000e+00
LADDER E_rel=-1.089908650e-18 n=1.000013 type=E1 hbar_omega=2.183696609e-18 photon=0.000000000e+00
LADDER E_rel=-1.089901506e-18 n=1.000016 type=E1 hbar_omega=2.172312563e-18 photon=0.000000000e+00
LADDER E_rel=-1.089894478e-18 n=1.000019 type=E1 hbar_omega=2.161599084e-18 photon=0.000000000e+00
LADDER E_rel=-1.089887673e-18 n=1.000022 type=E1 hbar_omega=2.152449055e-18 photon=0.000000000e+00
LADDER E_rel=-1.089881056e-18 n=1.000025 type=E1 hbar_omega=2.144740477e-18 photon=0.000000000e+00
LADDER E_rel=-1.089874991e-18 n=1.000028 type=E1 hbar_omega=2.141297538e-18 photon=0.000000000e+00
LADDER E_rel=-1.089869327e-18 n=1.000031 type=E1 hbar_omega=2.141074683e-18 photon=0.000000000e+00
LADDER E_rel=-1.089864061e-18 n=1.000033 type=E1 hbar_omega=2.144089238e-18 photon=0.000000000e+00
LADDER E_rel=-1.089859160e-18 n=1.000035 type=E1 hbar_omega=2.150096797e-18 photon=0.000000000e+00
LADDER E_rel=-1.089854752e-18 n=1.000037 type=E1 hbar_omega=2.160235567e-18 photon=0.000000000e+00
LADDER E_rel=-1.089850397e-18 n=1.000039 type=E1 hbar_omega=2.170769843e-18 photon=0.000000000e+00
LADDER E_rel=-1.089846131e-18 n=1.000041 type=E1 hbar_omega=2.182089966e-18 photon=0.000000000e+00
LADDER E_rel=-1.089841832e-18 n=1.000043 type=E1 hbar_omega=2.193234660e-18 photon=0.000000000e+00
LADDER E_rel=-1.089837376e-18 n=1.000045 type=E1 hbar_omega=2.203243438e-18 photon=0.000000000e+00
LADDER E_rel=-1.089832648e-18 n=1.000047 type=E1 hbar_omega=2.211241981e-18 photon=0.000000000e+00
LADDER E_rel=-1.089827557e-18 n=1.000050 type=E1 hbar_omega=2.216523789e-18 photon=0.000000000e+00
LADDER E_rel=-1.089822044e-18 n=1.000052 type=E1 hbar_omega=2.218618716e-18 photon=0.000000000e+00
LADDER E_rel=-1.089816092e-18 n=1.000055 type=E1 hbar_omega=2.217339664e-18 photon=0.000000000e+00
LADDER E_rel=-1.089809553e-18 n=1.000058 type=E1 hbar_omega=2.211748706e-18 photon=0.000000000e+00
LADDER E_rel=-1.089802779e-18 n=1.000061 type=E1 hbar_omega=2.203933816e-18 photon=0.000000000e+00
LADDER E_rel=-1.089795764e-18 n=1.000064 type=E1 hbar_omega=2.194045745e-18 photon=0.000000000e+00
LADDER E_rel=-1.089788626e-18 n=1.000068 type=E1 hbar_omega=2.182945436e-18 photon=0.000000000e+00
LADDER E_rel=-1.089781487e-18 n=1.000071 type=E1 hbar_omega=2.171585801e-18 photon=0.000000000e+00
LADDER E_rel=-1.089774469e-18 n=1.000074 type=E1 hbar_omega=2.160927354e-18 photon=0.000000000e+00
LADDER E_rel=-1.089767500e-18 n=1.000077 type=E1 hbar_omega=2.150550482e-18 photon=0.000000000e+00
LADDER E_rel=-1.089761075e-18 n=1.000080 type=E1 hbar_omega=2.144266731e-18 photon=0.000000000e+00
LADDER E_rel=-1.089755025e-18 n=1.000083 type=E1 hbar_omega=2.140934579e-18 photon=0.000000000e+00
LADDER E_rel=-1.089749377e-18 n=1.000086 type=E1 hbar_omega=2.140822579e-18 photon=0.000000000e+00
LADDER E_rel=-1.089744124e-18 n=1.000088 type=E1 hbar_omega=2.143939116e-18 photon=0.000000000e+00
LADDER E_rel=-1.089739382e-18 n=1.000090 type=E1 hbar_omega=2.151315210e-18 photon=0.000000000e+00
LADDER E_rel=-1.089734836e-18 n=1.000092 type=E1 hbar_omega=2.160238132e-18 photon=0.000000000e+00
LADDER E_rel=-1.089730485e-18 n=1.000094 type=E1 hbar_omega=2.170798016e-18 photon=0.000000000e+00
LADDER E_rel=-1.089726220e-18 n=1.000096 type=E1 hbar_omega=2.182110876e-18 photon=0.000000000e+00
LADDER E_rel=-1.089721917e-18 n=1.000098 type=E1 hbar_omega=2.193215552e-18 photon=0.000000000e+00
